127.0.0.1 - - [08/Oct/2016:02:46:32 -0400] "OPTIONS * HTTP/1.0" 200 125 "-" "Apache/2.4.7 (Ubuntu) (internal dummy connection)"
181.64.192.224 - - [08/Oct/2016:02:46:33 -0400] "GET /?q=drupalchat/poll&drupalchat_last_timestamp=1475909191 HTTP/1.1" 200 744 "http://chatvip24.tk/?q=comment/reply/2" "Mozilla/5.0 (X11; Ubuntu; Linux x86_64; rv:45.0) Gecko/20100101 Firefox/45.0"
127.0.0.1 - - [08/Oct/2016:02:46:33 -0400] "OPTIONS * HTTP/1.0" 200 125 "-" "Apache/2.4.7 (Ubuntu) (internal dummy connection)"
181.64.192.224 - - [08/Oct/2016:02:46:33 -0400] "GET /?q=drupalchat/poll&drupalchat_last_timestamp=1475909191 HTTP/1.1" 200 744 "http://chatvip24.tk/?q=comment/reply/2" "Mozilla/5.0 (X11; Ubuntu; Linux x86_64; rv:45.0) Gecko/20100101 Firefox/45.0"
181.65.62.227 - - [08/Oct/2016:02:46:34 -0400] "GET /?q=drupalchat/poll&drupalchat_last_timestamp=1475909192 HTTP/1.1" 200 741 "http://chatvip24.tk/?q=node/2" "Mozilla/5.0 (Windows NT 6.3; WOW64) AppleWebKit/537.36 (KHTML, like Gecko) Chrome/53.0.2785.143 Safari/537.36"
181.65.62.227 - - [08/Oct/2016:02:46:34 -0400] "GET /?q=drupalchat/poll&drupalchat_last_timestamp=1475909192 HTTP/1.1" 200 741 "http://chatvip24.tk/?q=node/2" "Mozilla/5.0 (Windows NT 6.3; WOW64) AppleWebKit/537.36 (KHTML, like Gecko) Chrome/53.0.2785.143 Safari/537.36"
181.64.192.224 - - [08/Oct/2016:02:46:35 -0400] "GET /?q=drupalchat/poll&drupalchat_last_timestamp=1475909191 HTTP/1.1" 200 744 "http://chatvip24.tk/?q=comment/reply/2" "Mozilla/5.0 (X11; Ubuntu; Linux x86_64; rv:45.0) Gecko/20100101 Firefox/45.0"
181.64.192.224 - - [08/Oct/2016:02:46:36 -0400] "GET /?q=drupalchat/poll&drupalchat_last_timestamp=1475909191 HTTP/1.1" 200 744 "http://chatvip24.tk/?q=comment/reply/2" "Mozilla/5.0 (X11; Ubuntu; Linux x86_64; rv:45.0) Gecko/20100101 Firefox/45.0"
181.65.62.227 - - [08/Oct/2016:02:46:36 -0400] "GET /?q=drupalchat/poll&drupalchat_last_timestamp=1475909192 HTTP/1.1" 200 741 "http://chatvip24.tk/?q=node/2" "Mozilla/5.0 (Windows NT 6.3; WOW64) AppleWebKit/537.36 (KHTML, like Gecko) Chrome/53.0.2785.143 Safari/537.36"
181.64.192.224 - - [08/Oct/2016:02:46:36 -0400] "GET /?q=node/2 HTTP/1.1" 200 7205 "http://chatvip24.tk/?q=comment/reply/2" "Mozilla/5.0 (X11; Ubuntu; Linux x86_64; rv:45.0) Gecko/20100101 Firefox/45.0"
181.65.62.227 - - [08/Oct/2016:02:46:37 -0400] "GET /?q=drupalchat/poll&drupalchat_last_timestamp=1475909192 HTTP/1.1" 200 741 "http://chatvip24.tk/?q=node/2" "Mozilla/5.0 (Windows NT 6.3; WOW64) AppleWebKit/537.36 (KHTML, like Gecko) Chrome/53.0.2785.143 Safari/537.36"
181.64.192.224 - - [08/Oct/2016:02:46:37 -0400] "POST /?q=drupalchat/thread-history HTTP/1.1" 200 3007 "http://chatvip24.tk/?q=node/2" "Mozilla/5.0 (X11; Ubuntu; Linux x86_64; rv:45.0) Gecko/20100101 Firefox/45.0"
181.65.62.227 - - [08/Oct/2016:02:46:39 -0400] "GET /?q=drupalchat/poll&drupalchat_last_timestamp=1475909192 HTTP/1.1" 200 741 "http://chatvip24.tk/?q=node/2" "Mozilla/5.0 (Windows NT 6.3; WOW64) AppleWebKit/537.36 (KHTML, like Gecko) Chrome/53.0.2785.143 Safari/537.36"
181.65.62.227 - - [08/Oct/2016:02:46:39 -0400] "GET /?q=drupalchat/poll&drupalchat_last_timestamp=1475909192 HTTP/1.1" 200 741 "http://chatvip24.tk/?q=node/2" "Mozilla/5.0 (Windows NT 6.3; WOW64) AppleWebKit/537.36 (KHTML, like Gecko) Chrome/53.0.2785.143 Safari/537.36"
181.64.192.224 - - [08/Oct/2016:02:46:39 -0400] "GET /?q=drupalchat/poll&drupalchat_last_timestamp=0 HTTP/1.1" 200 742 "http://chatvip24.tk/?q=node/2" "Mozilla/5.0 (X11; Ubuntu; Linux x86_64; rv:45.0) Gecko/20100101 Firefox/45.0"
181.64.192.224 - - [08/Oct/2016:02:46:40 -0400] "GET /?q=drupalchat/poll&drupalchat_last_timestamp=1475909199 HTTP/1.1" 200 744 "http://chatvip24.tk/?q=node/2" "Mozilla/5.0 (X11; Ubuntu; Linux x86_64; rv:45.0) Gecko/20100101 Firefox/45.0"
181.65.62.227 - - [08/Oct/2016:02:46:41 -0400] "GET /?q=drupalchat/poll&drupalchat_last_timestamp=1475909192 HTTP/1.1" 200 741 "http://chatvip24.tk/?q=node/2" "Mozilla/5.0 (Windows NT 6.3; WOW64) AppleWebKit/537.36 (KHTML, like Gecko) Chrome/53.0.2785.143 Safari/537.36"
181.64.192.224 - - [08/Oct/2016:02:46:42 -0400] "GET /?q=drupalchat/poll&drupalchat_last_timestamp=1475909199 HTTP/1.1" 200 744 "http://chatvip24.tk/?q=node/2" "Mozilla/5.0 (X11; Ubuntu; Linux x86_64; rv:45.0) Gecko/20100101 Firefox/45.0"
181.65.62.227 - - [08/Oct/2016:02:46:42 -0400] "GET /?q=drupalchat/poll&drupalchat_last_timestamp=1475909192 HTTP/1.1" 200 741 "http://chatvip24.tk/?q=node/2" "Mozilla/5.0 (Windows NT 6.3; WOW64) AppleWebKit/537.36 (KHTML, like Gecko) Chrome/53.0.2785.143 Safari/537.36"
181.64.192.224 - - [08/Oct/2016:02:46:42 -0400] "GET /?q=drupalchat/poll&drupalchat_last_timestamp=1475909199 HTTP/1.1" 200 744 "http://chatvip24.tk/?q=node/2" "Mozilla/5.0 (X11; Ubuntu; Linux x86_64; rv:45.0) Gecko/20100101 Firefox/45.0"
181.64.192.224 - - [08/Oct/2016:02:46:44 -0400] "GET /?q=drupalchat/poll&drupalchat_last_timestamp=1475909199 HTTP/1.1" 200 744 "http://chatvip24.tk/?q=node/2" "Mozilla/5.0 (X11; Ubuntu; Linux x86_64; rv:45.0) Gecko/20100101 Firefox/45.0"
181.65.62.227 - - [08/Oct/2016:02:46:44 -0400] "GET /?q=drupalchat/poll&drupalchat_last_timestamp=1475909192 HTTP/1.1" 200 741 "http://chatvip24.tk/?q=node/2" "Mozilla/5.0 (Windows NT 6.3; WOW64) AppleWebKit/537.36 (KHTML, like Gecko) Chrome/53.0.2785.143 Safari/537.36"
181.64.192.224 - - [08/Oct/2016:02:46:44 -0400] "GET /?q=drupalchat/poll&drupalchat_last_timestamp=1475909199 HTTP/1.1" 200 744 "http://chatvip24.tk/?q=node/2" "Mozilla/5.0 (X11; Ubuntu; Linux x86_64; rv:45.0) Gecko/20100101 Firefox/45.0"
181.65.62.227 - - [08/Oct/2016:02:46:45 -0400] "GET /?q=drupalchat/poll&drupalchat_last_timestamp=1475909192 HTTP/1.1" 200 741 "http://chatvip24.tk/?q=node/2" "Mozilla/5.0 (Windows NT 6.3; WOW64) AppleWebKit/537.36 (KHTML, like Gecko) Chrome/53.0.2785.143 Safari/537.36"
181.64.192.224 - - [08/Oct/2016:02:46:46 -0400] "GET /?q=drupalchat/poll&drupalchat_last_timestamp=1475909199 HTTP/1.1" 200 744 "http://chatvip24.tk/?q=node/2" "Mozilla/5.0 (X11; Ubuntu; Linux x86_64; rv:45.0) Gecko/20100101 Firefox/45.0"
181.64.192.224 - - [08/Oct/2016:02:46:46 -0400] "GET /?q=drupalchat/poll&drupalchat_last_timestamp=1475909199 HTTP/1.1" 200 744 "http://chatvip24.tk/?q=node/2" "Mozilla/5.0 (X11; Ubuntu; Linux x86_64; rv:45.0) Gecko/20100101 Firefox/45.0"
181.65.62.227 - - [08/Oct/2016:02:46:47 -0400] "GET /?q=drupalchat/poll&drupalchat_last_timestamp=1475909192 HTTP/1.1" 200 741 "http://chatvip24.tk/?q=node/2" "Mozilla/5.0 (Windows NT 6.3; WOW64) AppleWebKit/537.36 (KHTML, like Gecko) Chrome/53.0.2785.143 Safari/537.36"
181.64.192.224 - - [08/Oct/2016:02:46:48 -0400] "GET /?q=drupalchat/poll&drupalchat_last_timestamp=1475909199 HTTP/1.1" 200 744 "http://chatvip24.tk/?q=node/2" "Mozilla/5.0 (X11; Ubuntu; Linux x86_64; rv:45.0) Gecko/20100101 Firefox/45.0"
181.64.192.224 - - [08/Oct/2016:02:46:48 -0400] "GET /?q=drupalchat/poll&drupalchat_last_timestamp=1475909199 HTTP/1.1" 200 744 "http://chatvip24.tk/?q=node/2" "Mozilla/5.0 (X11; Ubuntu; Linux x86_64; rv:45.0) Gecko/20100101 Firefox/45.0"
181.65.62.227 - - [08/Oct/2016:02:46:49 -0400] "GET /?q=drupalchat/poll&drupalchat_last_timestamp=1475909192 HTTP/1.1" 200 740 "http://chatvip24.tk/?q=node/2" "Mozilla/5.0 (Windows NT 6.3; WOW64) AppleWebKit/537.36 (KHTML, like Gecko) Chrome/53.0.2785.143 Safari/537.36"
181.64.192.224 - - [08/Oct/2016:02:46:50 -0400] "GET / HTTP/1.1" 200 6596 "-" "Mozilla/5.0 (X11; Ubuntu; Linux x86_64; rv:45.0) Gecko/20100101 Firefox/45.0"
181.64.192.224 - - [08/Oct/2016:02:46:50 -0400] "GET /?q=drupalchat/poll&drupalchat_last_timestamp=1475909199 HTTP/1.1" 200 744 "http://chatvip24.tk/?q=node/2" "Mozilla/5.0 (X11; Ubuntu; Linux x86_64; rv:45.0) Gecko/20100101 Firefox/45.0"
181.64.192.224 - - [08/Oct/2016:02:46:51 -0400] "POST /?q=drupalchat/thread-history HTTP/1.1" 200 3007 "http://chatvip24.tk/" "Mozilla/5.0 (X11; Ubuntu; Linux x86_64; rv:45.0) Gecko/20100101 Firefox/45.0"
181.65.62.227 - - [08/Oct/2016:02:46:51 -0400] "GET /?q=drupalchat/poll&drupalchat_last_timestamp=1475909192 HTTP/1.1" 200 740 "http://chatvip24.tk/?q=node/2" "Mozilla/5.0 (Windows NT 6.3; WOW64) AppleWebKit/537.36 (KHTML, like Gecko) Chrome/53.0.2785.143 Safari/537.36"
181.65.62.227 - - [08/Oct/2016:02:46:52 -0400] "GET /?q=drupalchat/poll&drupalchat_last_timestamp=1475909192 HTTP/1.1" 200 740 "http://chatvip24.tk/?q=node/2" "Mozilla/5.0 (Windows NT 6.3; WOW64) AppleWebKit/537.36 (KHTML, like Gecko) Chrome/53.0.2785.143 Safari/537.36"
181.64.192.224 - - [08/Oct/2016:02:46:53 -0400] "GET /?q=drupalchat/poll&drupalchat_last_timestamp=0 HTTP/1.1" 200 742 "http://chatvip24.tk/" "Mozilla/5.0 (X11; Ubuntu; Linux x86_64; rv:45.0) Gecko/20100101 Firefox/45.0"
181.64.192.224 - - [08/Oct/2016:02:46:53 -0400] "GET /?q=drupalchat/poll&drupalchat_last_timestamp=1475909213 HTTP/1.1" 200 744 "http://chatvip24.tk/" "Mozilla/5.0 (X11; Ubuntu; Linux x86_64; rv:45.0) Gecko/20100101 Firefox/45.0"
181.65.62.227 - - [08/Oct/2016:02:46:54 -0400] "GET /?q=drupalchat/poll&drupalchat_last_timestamp=1475909192 HTTP/1.1" 200 740 "http://chatvip24.tk/?q=node/2" "Mozilla/5.0 (Windows NT 6.3; WOW64) AppleWebKit/537.36 (KHTML, like Gecko) Chrome/53.0.2785.143 Safari/537.36"
181.64.192.224 - - [08/Oct/2016:02:46:55 -0400] "GET /?q=drupalchat/poll&drupalchat_last_timestamp=1475909213 HTTP/1.1" 200 744 "http://chatvip24.tk/" "Mozilla/5.0 (X11; Ubuntu; Linux x86_64; rv:45.0) Gecko/20100101 Firefox/45.0"
181.65.62.227 - - [08/Oct/2016:02:46:55 -0400] "GET / HTTP/1.1" 200 4734 "http://chatvip24.tk/?q=node/2" "Mozilla/5.0 (Windows NT 6.3; WOW64) AppleWebKit/537.36 (KHTML, like Gecko) Chrome/53.0.2785.143 Safari/537.36"
181.64.192.224 - - [08/Oct/2016:02:46:55 -0400] "GET /?q=drupalchat/poll&drupalchat_last_timestamp=1475909213 HTTP/1.1" 200 743 "http://chatvip24.tk/" "Mozilla/5.0 (X11; Ubuntu; Linux x86_64; rv:45.0) Gecko/20100101 Firefox/45.0"
181.65.62.227 - - [08/Oct/2016:02:46:57 -0400] "GET /?q=drupalchat/poll&drupalchat_last_timestamp=1475909192 HTTP/1.1" 200 742 "http://chatvip24.tk/?q=node/2" "Mozilla/5.0 (Windows NT 6.3; WOW64) AppleWebKit/537.36 (KHTML, like Gecko) Chrome/53.0.2785.143 Safari/537.36"
181.64.192.224 - - [08/Oct/2016:02:46:57 -0400] "GET /?q=drupalchat/poll&drupalchat_last_timestamp=1475909213 HTTP/1.1" 200 743 "http://chatvip24.tk/" "Mozilla/5.0 (X11; Ubuntu; Linux x86_64; rv:45.0) Gecko/20100101 Firefox/45.0"
181.64.192.224 - - [08/Oct/2016:02:46:58 -0400] "GET /?q=drupalchat/poll&drupalchat_last_timestamp=1475909213 HTTP/1.1" 200 743 "http://chatvip24.tk/" "Mozilla/5.0 (X11; Ubuntu; Linux x86_64; rv:45.0) Gecko/20100101 Firefox/45.0"
181.65.62.227 - - [08/Oct/2016:02:46:59 -0400] "POST /?q=drupalchat/thread-history HTTP/1.1" 200 374 "http://chatvip24.tk/" "Mozilla/5.0 (Windows NT 6.3; WOW64) AppleWebKit/537.36 (KHTML, like Gecko) Chrome/53.0.2785.143 Safari/537.36"
181.64.192.224 - - [08/Oct/2016:02:47:00 -0400] "GET /?q=drupalchat/poll&drupalchat_last_timestamp=1475909213 HTTP/1.1" 200 743 "http://chatvip24.tk/" "Mozilla/5.0 (X11; Ubuntu; Linux x86_64; rv:45.0) Gecko/20100101 Firefox/45.0"
181.64.192.224 - - [08/Oct/2016:02:47:00 -0400] "GET /?q=drupalchat/poll&drupalchat_last_timestamp=1475909213 HTTP/1.1" 200 743 "http://chatvip24.tk/" "Mozilla/5.0 (X11; Ubuntu; Linux x86_64; rv:45.0) Gecko/20100101 Firefox/45.0"
181.65.62.227 - - [08/Oct/2016:02:47:01 -0400] "GET /?q=drupalchat/poll&drupalchat_last_timestamp=0 HTTP/1.1" 200 738 "http://chatvip24.tk/" "Mozilla/5.0 (Windows NT 6.3; WOW64) AppleWebKit/537.36 (KHTML, like Gecko) Chrome/53.0.2785.143 Safari/537.36"
181.64.192.224 - - [08/Oct/2016:02:47:02 -0400] "GET /?q=drupalchat/poll&drupalchat_last_timestamp=1475909213 HTTP/1.1" 200 743 "http://chatvip24.tk/" "Mozilla/5.0 (X11; Ubuntu; Linux x86_64; rv:45.0) Gecko/20100101 Firefox/45.0"
181.64.192.224 - - [08/Oct/2016:02:47:02 -0400] "GET /?q=drupalchat/poll&drupalchat_last_timestamp=1475909213 HTTP/1.1" 200 743 "http://chatvip24.tk/" "Mozilla/5.0 (X11; Ubuntu; Linux x86_64; rv:45.0) Gecko/20100101 Firefox/45.0"
181.65.62.227 - - [08/Oct/2016:02:47:02 -0400] "GET /?q=drupalchat/poll&drupalchat_last_timestamp=0 HTTP/1.1" 200 738 "http://chatvip24.tk/" "Mozilla/5.0 (Windows NT 6.3; WOW64) AppleWebKit/537.36 (KHTML, like Gecko) Chrome/53.0.2785.143 Safari/537.36"
181.65.62.227 - - [08/Oct/2016:02:47:04 -0400] "GET /?q=node/add HTTP/1.1" 302 369 "http://chatvip24.tk/" "Mozilla/5.0 (Windows NT 6.3; WOW64) AppleWebKit/537.36 (KHTML, like Gecko) Chrome/53.0.2785.143 Safari/537.36"
181.64.192.224 - - [08/Oct/2016:02:47:04 -0400] "GET /?q=drupalchat/poll&drupalchat_last_timestamp=1475909213 HTTP/1.1" 200 743 "http://chatvip24.tk/" "Mozilla/5.0 (X11; Ubuntu; Linux x86_64; rv:45.0) Gecko/20100101 Firefox/45.0"
181.64.192.224 - - [08/Oct/2016:02:47:04 -0400] "GET /?q=drupalchat/poll&drupalchat_last_timestamp=1475909213 HTTP/1.1" 200 743 "http://chatvip24.tk/" "Mozilla/5.0 (X11; Ubuntu; Linux x86_64; rv:45.0) Gecko/20100101 Firefox/45.0"
181.65.62.227 - - [08/Oct/2016:02:47:04 -0400] "GET /?q=drupalchat/poll&drupalchat_last_timestamp=1475909223 HTTP/1.1" 200 742 "http://chatvip24.tk/" "Mozilla/5.0 (Windows NT 6.3; WOW64) AppleWebKit/537.36 (KHTML, like Gecko) Chrome/53.0.2785.143 Safari/537.36"
181.65.62.227 - - [08/Oct/2016:02:47:05 -0400] "GET /?q=node/add/article HTTP/1.1" 200 5441 "http://chatvip24.tk/" "Mozilla/5.0 (Windows NT 6.3; WOW64) AppleWebKit/537.36 (KHTML, like Gecko) Chrome/53.0.2785.143 Safari/537.36"
181.65.62.227 - - [08/Oct/2016:02:47:05 -0400] "GET /?q=drupalchat/poll&drupalchat_last_timestamp=1475909223 HTTP/1.1" 200 741 "http://chatvip24.tk/" "Mozilla/5.0 (Windows NT 6.3; WOW64) AppleWebKit/537.36 (KHTML, like Gecko) Chrome/53.0.2785.143 Safari/537.36"
181.64.192.224 - - [08/Oct/2016:02:47:06 -0400] "GET /?q=drupalchat/poll&drupalchat_last_timestamp=1475909213 HTTP/1.1" 200 708 "http://chatvip24.tk/" "Mozilla/5.0 (X11; Ubuntu; Linux x86_64; rv:45.0) Gecko/20100101 Firefox/45.0"
127.0.0.1 - - [08/Oct/2016:02:47:06 -0400] "OPTIONS * HTTP/1.0" 200 125 "-" "Apache/2.4.7 (Ubuntu) (internal dummy connection)"
181.64.192.224 - - [08/Oct/2016:02:47:07 -0400] "GET /?q=drupalchat/poll&drupalchat_last_timestamp=1475909213 HTTP/1.1" 200 745 "http://chatvip24.tk/" "Mozilla/5.0 (X11; Ubuntu; Linux x86_64; rv:45.0) Gecko/20100101 Firefox/45.0"
181.64.192.224 - - [08/Oct/2016:02:47:08 -0400] "GET /?q=drupalchat/poll&drupalchat_last_timestamp=1475909213 HTTP/1.1" 200 608 "http://chatvip24.tk/" "Mozilla/5.0 (X11; Ubuntu; Linux x86_64; rv:45.0) Gecko/20100101 Firefox/45.0"
181.64.192.224 - - [08/Oct/2016:02:47:09 -0400] "GET /?q=drupalchat/poll&drupalchat_last_timestamp=1475909213 HTTP/1.1" 200 608 "http://chatvip24.tk/" "Mozilla/5.0 (X11; Ubuntu; Linux x86_64; rv:45.0) Gecko/20100101 Firefox/45.0"
181.65.62.227 - - [08/Oct/2016:02:47:09 -0400] "POST /?q=drupalchat/thread-history HTTP/1.1" 200 376 "http://chatvip24.tk/?q=node/add/article" "Mozilla/5.0 (Windows NT 6.3; WOW64) AppleWebKit/537.36 (KHTML, like Gecko) Chrome/53.0.2785.143 Safari/537.36"
181.64.192.224 - - [08/Oct/2016:02:47:11 -0400] "GET /?q=drupalchat/poll&drupalchat_last_timestamp=1475909213 HTTP/1.1" 200 744 "http://chatvip24.tk/" "Mozilla/5.0 (X11; Ubuntu; Linux x86_64; rv:45.0) Gecko/20100101 Firefox/45.0"
181.64.192.224 - - [08/Oct/2016:02:47:11 -0400] "GET /?q=drupalchat/poll&drupalchat_last_timestamp=1475909213 HTTP/1.1" 200 744 "http://chatvip24.tk/" "Mozilla/5.0 (X11; Ubuntu; Linux x86_64; rv:45.0) Gecko/20100101 Firefox/45.0"
181.65.62.227 - - [08/Oct/2016:02:47:11 -0400] "GET /?q=drupalchat/poll&drupalchat_last_timestamp=0 HTTP/1.1" 200 739 "http://chatvip24.tk/?q=node/add/article" "Mozilla/5.0 (Windows NT 6.3; WOW64) AppleWebKit/537.36 (KHTML, like Gecko) Chrome/53.0.2785.143 Safari/537.36"
181.65.62.227 - - [08/Oct/2016:02:47:12 -0400] "GET /?q=drupalchat/poll&drupalchat_last_timestamp=0 HTTP/1.1" 200 739 "http://chatvip24.tk/?q=node/add/article" "Mozilla/5.0 (Windows NT 6.3; WOW64) AppleWebKit/537.36 (KHTML, like Gecko) Chrome/53.0.2785.143 Safari/537.36"
181.64.192.224 - - [08/Oct/2016:02:47:13 -0400] "GET /?q=drupalchat/poll&drupalchat_last_timestamp=1475909213 HTTP/1.1" 200 744 "http://chatvip24.tk/" "Mozilla/5.0 (X11; Ubuntu; Linux x86_64; rv:45.0) Gecko/20100101 Firefox/45.0"
181.64.192.224 - - [08/Oct/2016:02:47:13 -0400] "GET /?q=drupalchat/poll&drupalchat_last_timestamp=1475909213 HTTP/1.1" 200 744 "http://chatvip24.tk/" "Mozilla/5.0 (X11; Ubuntu; Linux x86_64; rv:45.0) Gecko/20100101 Firefox/45.0"
181.65.62.227 - - [08/Oct/2016:02:47:15 -0400] "GET /?q=drupalchat/poll&drupalchat_last_timestamp=1475909232 HTTP/1.1" 200 741 "http://chatvip24.tk/?q=node/add/article" "Mozilla/5.0 (Windows NT 6.3; WOW64) AppleWebKit/537.36 (KHTML, like Gecko) Chrome/53.0.2785.143 Safari/537.36"
181.64.192.224 - - [08/Oct/2016:02:47:15 -0400] "GET /?q=drupalchat/poll&drupalchat_last_timestamp=1475909213 HTTP/1.1" 200 744 "http://chatvip24.tk/" "Mozilla/5.0 (X11; Ubuntu; Linux x86_64; rv:45.0) Gecko/20100101 Firefox/45.0"
181.64.192.224 - - [08/Oct/2016:02:47:15 -0400] "GET /?q=drupalchat/poll&drupalchat_last_timestamp=1475909213 HTTP/1.1" 200 744 "http://chatvip24.tk/" "Mozilla/5.0 (X11; Ubuntu; Linux x86_64; rv:45.0) Gecko/20100101 Firefox/45.0"
181.65.62.227 - - [08/Oct/2016:02:47:16 -0400] "GET /?q=drupalchat/poll&drupalchat_last_timestamp=1475909232 HTTP/1.1" 200 741 "http://chatvip24.tk/?q=node/add/article" "Mozilla/5.0 (Windows NT 6.3; WOW64) AppleWebKit/537.36 (KHTML, like Gecko) Chrome/53.0.2785.143 Safari/537.36"
181.64.192.224 - - [08/Oct/2016:02:47:17 -0400] "GET /?q=drupalchat/poll&drupalchat_last_timestamp=1475909213 HTTP/1.1" 200 744 "http://chatvip24.tk/" "Mozilla/5.0 (X11; Ubuntu; Linux x86_64; rv:45.0) Gecko/20100101 Firefox/45.0"
181.64.192.224 - - [08/Oct/2016:02:47:18 -0400] "GET /?q=drupalchat/poll&drupalchat_last_timestamp=1475909213 HTTP/1.1" 200 744 "http://chatvip24.tk/" "Mozilla/5.0 (X11; Ubuntu; Linux x86_64; rv:45.0) Gecko/20100101 Firefox/45.0"
181.65.62.227 - - [08/Oct/2016:02:47:18 -0400] "GET /?q=drupalchat/poll&drupalchat_last_timestamp=1475909232 HTTP/1.1" 200 741 "http://chatvip24.tk/?q=node/add/article" "Mozilla/5.0 (Windows NT 6.3; WOW64) AppleWebKit/537.36 (KHTML, like Gecko) Chrome/53.0.2785.143 Safari/537.36"
181.64.192.224 - - [08/Oct/2016:02:47:19 -0400] "GET /?q=drupalchat/poll&drupalchat_last_timestamp=1475909213 HTTP/1.1" 200 744 "http://chatvip24.tk/" "Mozilla/5.0 (X11; Ubuntu; Linux x86_64; rv:45.0) Gecko/20100101 Firefox/45.0"
181.65.62.227 - - [08/Oct/2016:02:47:20 -0400] "GET /?q=drupalchat/poll&drupalchat_last_timestamp=1475909232 HTTP/1.1" 200 741 "http://chatvip24.tk/?q=node/add/article" "Mozilla/5.0 (Windows NT 6.3; WOW64) AppleWebKit/537.36 (KHTML, like Gecko) Chrome/53.0.2785.143 Safari/537.36"
181.64.192.224 - - [08/Oct/2016:02:47:20 -0400] "GET /?q=drupalchat/poll&drupalchat_last_timestamp=1475909213 HTTP/1.1" 200 744 "http://chatvip24.tk/" "Mozilla/5.0 (X11; Ubuntu; Linux x86_64; rv:45.0) Gecko/20100101 Firefox/45.0"
181.65.62.227 - - [08/Oct/2016:02:47:21 -0400] "GET /?q=drupalchat/poll&drupalchat_last_timestamp=1475909232 HTTP/1.1" 200 741 "http://chatvip24.tk/?q=node/add/article" "Mozilla/5.0 (Windows NT 6.3; WOW64) AppleWebKit/537.36 (KHTML, like Gecko) Chrome/53.0.2785.143 Safari/537.36"
181.64.192.224 - - [08/Oct/2016:02:47:22 -0400] "GET /?q=drupalchat/poll&drupalchat_last_timestamp=1475909213 HTTP/1.1" 200 744 "http://chatvip24.tk/" "Mozilla/5.0 (X11; Ubuntu; Linux x86_64; rv:45.0) Gecko/20100101 Firefox/45.0"
181.64.192.224 - - [08/Oct/2016:02:47:22 -0400] "GET /?q=drupalchat/poll&drupalchat_last_timestamp=1475909213 HTTP/1.1" 200 744 "http://chatvip24.tk/" "Mozilla/5.0 (X11; Ubuntu; Linux x86_64; rv:45.0) Gecko/20100101 Firefox/45.0"
181.65.62.227 - - [08/Oct/2016:02:47:23 -0400] "GET /?q=drupalchat/poll&drupalchat_last_timestamp=1475909232 HTTP/1.1" 200 741 "http://chatvip24.tk/?q=node/add/article" "Mozilla/5.0 (Windows NT 6.3; WOW64) AppleWebKit/537.36 (KHTML, like Gecko) Chrome/53.0.2785.143 Safari/537.36"
181.64.192.224 - - [08/Oct/2016:02:47:24 -0400] "GET /?q=drupalchat/poll&drupalchat_last_timestamp=1475909213 HTTP/1.1" 200 744 "http://chatvip24.tk/" "Mozilla/5.0 (X11; Ubuntu; Linux x86_64; rv:45.0) Gecko/20100101 Firefox/45.0"
181.64.192.224 - - [08/Oct/2016:02:47:24 -0400] "GET /?q=drupalchat/poll&drupalchat_last_timestamp=1475909213 HTTP/1.1" 200 744 "http://chatvip24.tk/" "Mozilla/5.0 (X11; Ubuntu; Linux x86_64; rv:45.0) Gecko/20100101 Firefox/45.0"
181.65.62.227 - - [08/Oct/2016:02:47:24 -0400] "GET /?q=drupalchat/poll&drupalchat_last_timestamp=1475909232 HTTP/1.1" 200 741 "http://chatvip24.tk/?q=node/add/article" "Mozilla/5.0 (Windows NT 6.3; WOW64) AppleWebKit/537.36 (KHTML, like Gecko) Chrome/53.0.2785.143 Safari/537.36"
181.65.62.227 - - [08/Oct/2016:02:47:26 -0400] "GET /?q=drupalchat/poll&drupalchat_last_timestamp=1475909232 HTTP/1.1" 200 741 "http://chatvip24.tk/?q=node/add/article" "Mozilla/5.0 (Windows NT 6.3; WOW64) AppleWebKit/537.36 (KHTML, like Gecko) Chrome/53.0.2785.143 Safari/537.36"
181.64.192.224 - - [08/Oct/2016:02:47:26 -0400] "GET /?q=drupalchat/poll&drupalchat_last_timestamp=1475909213 HTTP/1.1" 200 744 "http://chatvip24.tk/" "Mozilla/5.0 (X11; Ubuntu; Linux x86_64; rv:45.0) Gecko/20100101 Firefox/45.0"
181.64.192.224 - - [08/Oct/2016:02:47:26 -0400] "GET /?q=drupalchat/poll&drupalchat_last_timestamp=1475909213 HTTP/1.1" 200 744 "http://chatvip24.tk/" "Mozilla/5.0 (X11; Ubuntu; Linux x86_64; rv:45.0) Gecko/20100101 Firefox/45.0"
181.65.62.227 - - [08/Oct/2016:02:47:27 -0400] "GET /?q=drupalchat/poll&drupalchat_last_timestamp=1475909232 HTTP/1.1" 200 741 "http://chatvip24.tk/?q=node/add/article" "Mozilla/5.0 (Windows NT 6.3; WOW64) AppleWebKit/537.36 (KHTML, like Gecko) Chrome/53.0.2785.143 Safari/537.36"
181.64.192.224 - - [08/Oct/2016:02:47:28 -0400] "GET /?q=drupalchat/poll&drupalchat_last_timestamp=1475909213 HTTP/1.1" 200 744 "http://chatvip24.tk/" "Mozilla/5.0 (X11; Ubuntu; Linux x86_64; rv:45.0) Gecko/20100101 Firefox/45.0"
181.65.62.227 - - [08/Oct/2016:02:47:29 -0400] "GET /?q=drupalchat/poll&drupalchat_last_timestamp=1475909232 HTTP/1.1" 200 741 "http://chatvip24.tk/?q=node/add/article" "Mozilla/5.0 (Windows NT 6.3; WOW64) AppleWebKit/537.36 (KHTML, like Gecko) Chrome/53.0.2785.143 Safari/537.36"
181.64.192.224 - - [08/Oct/2016:02:47:29 -0400] "GET /?q=drupalchat/poll&drupalchat_last_timestamp=1475909213 HTTP/1.1" 200 744 "http://chatvip24.tk/" "Mozilla/5.0 (X11; Ubuntu; Linux x86_64; rv:45.0) Gecko/20100101 Firefox/45.0"
181.65.62.227 - - [08/Oct/2016:02:47:30 -0400] "GET /?q=drupalchat/poll&drupalchat_last_timestamp=1475909232 HTTP/1.1" 200 741 "http://chatvip24.tk/?q=node/add/article" "Mozilla/5.0 (Windows NT 6.3; WOW64) AppleWebKit/537.36 (KHTML, like Gecko) Chrome/53.0.2785.143 Safari/537.36"
181.64.192.224 - - [08/Oct/2016:02:47:30 -0400] "GET /?q=drupalchat/poll&drupalchat_last_timestamp=1475909213 HTTP/1.1" 200 744 "http://chatvip24.tk/" "Mozilla/5.0 (X11; Ubuntu; Linux x86_64; rv:45.0) Gecko/20100101 Firefox/45.0"
181.64.192.224 - - [08/Oct/2016:02:47:31 -0400] "GET /?q=drupalchat/poll&drupalchat_last_timestamp=1475909213 HTTP/1.1" 200 744 "http://chatvip24.tk/" "Mozilla/5.0 (X11; Ubuntu; Linux x86_64; rv:45.0) Gecko/20100101 Firefox/45.0"
181.65.62.227 - - [08/Oct/2016:02:47:31 -0400] "GET /?q=drupalchat/poll&drupalchat_last_timestamp=1475909232 HTTP/1.1" 200 741 "http://chatvip24.tk/?q=node/add/article" "Mozilla/5.0 (Windows NT 6.3; WOW64) AppleWebKit/537.36 (KHTML, like Gecko) Chrome/53.0.2785.143 Safari/537.36"
181.64.192.224 - - [08/Oct/2016:02:47:33 -0400] "GET /?q=drupalchat/poll&drupalchat_last_timestamp=1475909213 HTTP/1.1" 200 744 "http://chatvip24.tk/" "Mozilla/5.0 (X11; Ubuntu; Linux x86_64; rv:45.0) Gecko/20100101 Firefox/45.0"
181.65.62.227 - - [08/Oct/2016:02:47:33 -0400] "GET /?q=drupalchat/poll&drupalchat_last_timestamp=1475909232 HTTP/1.1" 200 741 "http://chatvip24.tk/?q=node/add/article" "Mozilla/5.0 (Windows NT 6.3; WOW64) AppleWebKit/537.36 (KHTML, like Gecko) Chrome/53.0.2785.143 Safari/537.36"
181.64.192.224 - - [08/Oct/2016:02:47:33 -0400] "GET /?q=drupalchat/poll&drupalchat_last_timestamp=1475909213 HTTP/1.1" 200 744 "http://chatvip24.tk/" "Mozilla/5.0 (X11; Ubuntu; Linux x86_64; rv:45.0) Gecko/20100101 Firefox/45.0"
181.65.62.227 - - [08/Oct/2016:02:47:34 -0400] "GET /?q=drupalchat/poll&drupalchat_last_timestamp=1475909232 HTTP/1.1" 200 741 "http://chatvip24.tk/?q=node/add/article" "Mozilla/5.0 (Windows NT 6.3; WOW64) AppleWebKit/537.36 (KHTML, like Gecko) Chrome/53.0.2785.143 Safari/537.36"
181.64.192.224 - - [08/Oct/2016:02:47:35 -0400] "GET /?q=drupalchat/poll&drupalchat_last_timestamp=1475909213 HTTP/1.1" 200 744 "http://chatvip24.tk/" "Mozilla/5.0 (X11; Ubuntu; Linux x86_64; rv:45.0) Gecko/20100101 Firefox/45.0"
181.64.192.224 - - [08/Oct/2016:02:47:35 -0400] "GET /?q=drupalchat/poll&drupalchat_last_timestamp=1475909213 HTTP/1.1" 200 744 "http://chatvip24.tk/" "Mozilla/5.0 (X11; Ubuntu; Linux x86_64; rv:45.0) Gecko/20100101 Firefox/45.0"
181.65.62.227 - - [08/Oct/2016:02:47:36 -0400] "GET /?q=drupalchat/poll&drupalchat_last_timestamp=1475909232 HTTP/1.1" 200 741 "http://chatvip24.tk/?q=node/add/article" "Mozilla/5.0 (Windows NT 6.3; WOW64) AppleWebKit/537.36 (KHTML, like Gecko) Chrome/53.0.2785.143 Safari/537.36"
181.64.192.224 - - [08/Oct/2016:02:47:37 -0400] "GET /?q=drupalchat/poll&drupalchat_last_timestamp=1475909213 HTTP/1.1" 200 744 "http://chatvip24.tk/" "Mozilla/5.0 (X11; Ubuntu; Linux x86_64; rv:45.0) Gecko/20100101 Firefox/45.0"
181.65.62.227 - - [08/Oct/2016:02:47:37 -0400] "GET /?q=drupalchat/poll&drupalchat_last_timestamp=1475909232 HTTP/1.1" 200 741 "http://chatvip24.tk/?q=node/add/article" "Mozilla/5.0 (Windows NT 6.3; WOW64) AppleWebKit/537.36 (KHTML, like Gecko) Chrome/53.0.2785.143 Safari/537.36"
181.64.192.224 - - [08/Oct/2016:02:47:37 -0400] "GET /?q=drupalchat/poll&drupalchat_last_timestamp=1475909213 HTTP/1.1" 200 744 "http://chatvip24.tk/" "Mozilla/5.0 (X11; Ubuntu; Linux x86_64; rv:45.0) Gecko/20100101 Firefox/45.0"
181.65.62.227 - - [08/Oct/2016:02:47:39 -0400] "GET /?q=drupalchat/poll&drupalchat_last_timestamp=1475909232 HTTP/1.1" 200 741 "http://chatvip24.tk/?q=node/add/article" "Mozilla/5.0 (Windows NT 6.3; WOW64) AppleWebKit/537.36 (KHTML, like Gecko) Chrome/53.0.2785.143 Safari/537.36"
181.64.192.224 - - [08/Oct/2016:02:47:39 -0400] "GET /?q=drupalchat/poll&drupalchat_last_timestamp=1475909213 HTTP/1.1" 200 744 "http://chatvip24.tk/" "Mozilla/5.0 (X11; Ubuntu; Linux x86_64; rv:45.0) Gecko/20100101 Firefox/45.0"
181.64.192.224 - - [08/Oct/2016:02:47:40 -0400] "GET /?q=drupalchat/poll&drupalchat_last_timestamp=1475909213 HTTP/1.1" 200 744 "http://chatvip24.tk/" "Mozilla/5.0 (X11; Ubuntu; Linux x86_64; rv:45.0) Gecko/20100101 Firefox/45.0"
181.65.62.227 - - [08/Oct/2016:02:47:41 -0400] "GET /?q=drupalchat/poll&drupalchat_last_timestamp=1475909232 HTTP/1.1" 200 741 "http://chatvip24.tk/?q=node/add/article" "Mozilla/5.0 (Windows NT 6.3; WOW64) AppleWebKit/537.36 (KHTML, like Gecko) Chrome/53.0.2785.143 Safari/537.36"
181.64.192.224 - - [08/Oct/2016:02:47:41 -0400] "GET /?q=drupalchat/poll&drupalchat_last_timestamp=1475909213 HTTP/1.1" 200 744 "http://chatvip24.tk/" "Mozilla/5.0 (X11; Ubuntu; Linux x86_64; rv:45.0) Gecko/20100101 Firefox/45.0"
181.64.192.224 - - [08/Oct/2016:02:47:42 -0400] "GET /?q=drupalchat/poll&drupalchat_last_timestamp=1475909213 HTTP/1.1" 200 744 "http://chatvip24.tk/" "Mozilla/5.0 (X11; Ubuntu; Linux x86_64; rv:45.0) Gecko/20100101 Firefox/45.0"
181.65.62.227 - - [08/Oct/2016:02:47:43 -0400] "GET /?q=drupalchat/poll&drupalchat_last_timestamp=1475909232 HTTP/1.1" 200 741 "http://chatvip24.tk/?q=node/add/article" "Mozilla/5.0 (Windows NT 6.3; WOW64) AppleWebKit/537.36 (KHTML, like Gecko) Chrome/53.0.2785.143 Safari/537.36"
181.64.192.224 - - [08/Oct/2016:02:47:44 -0400] "GET /?q=drupalchat/poll&drupalchat_last_timestamp=1475909213 HTTP/1.1" 200 744 "http://chatvip24.tk/" "Mozilla/5.0 (X11; Ubuntu; Linux x86_64; rv:45.0) Gecko/20100101 Firefox/45.0"
181.64.192.224 - - [08/Oct/2016:02:47:44 -0400] "GET /?q=drupalchat/poll&drupalchat_last_timestamp=1475909213 HTTP/1.1" 200 744 "http://chatvip24.tk/" "Mozilla/5.0 (X11; Ubuntu; Linux x86_64; rv:45.0) Gecko/20100101 Firefox/45.0"
181.65.62.227 - - [08/Oct/2016:02:47:45 -0400] "GET /?q=drupalchat/poll&drupalchat_last_timestamp=1475909232 HTTP/1.1" 200 741 "http://chatvip24.tk/?q=node/add/article" "Mozilla/5.0 (Windows NT 6.3; WOW64) AppleWebKit/537.36 (KHTML, like Gecko) Chrome/53.0.2785.143 Safari/537.36"
181.64.192.224 - - [08/Oct/2016:02:47:46 -0400] "GET /?q=drupalchat/poll&drupalchat_last_timestamp=1475909213 HTTP/1.1" 200 744 "http://chatvip24.tk/" "Mozilla/5.0 (X11; Ubuntu; Linux x86_64; rv:45.0) Gecko/20100101 Firefox/45.0"
181.64.192.224 - - [08/Oct/2016:02:47:46 -0400] "GET /?q=drupalchat/poll&drupalchat_last_timestamp=1475909213 HTTP/1.1" 200 744 "http://chatvip24.tk/" "Mozilla/5.0 (X11; Ubuntu; Linux x86_64; rv:45.0) Gecko/20100101 Firefox/45.0"
181.65.62.227 - - [08/Oct/2016:02:47:46 -0400] "GET /?q=drupalchat/poll&drupalchat_last_timestamp=1475909232 HTTP/1.1" 200 741 "http://chatvip24.tk/?q=node/add/article" "Mozilla/5.0 (Windows NT 6.3; WOW64) AppleWebKit/537.36 (KHTML, like Gecko) Chrome/53.0.2785.143 Safari/537.36"
181.65.62.227 - - [08/Oct/2016:02:47:48 -0400] "GET /?q=drupalchat/poll&drupalchat_last_timestamp=1475909232 HTTP/1.1" 200 741 "http://chatvip24.tk/?q=node/add/article" "Mozilla/5.0 (Windows NT 6.3; WOW64) AppleWebKit/537.36 (KHTML, like Gecko) Chrome/53.0.2785.143 Safari/537.36"
181.64.192.224 - - [08/Oct/2016:02:47:48 -0400] "GET /?q=drupalchat/poll&drupalchat_last_timestamp=1475909213 HTTP/1.1" 200 744 "http://chatvip24.tk/" "Mozilla/5.0 (X11; Ubuntu; Linux x86_64; rv:45.0) Gecko/20100101 Firefox/45.0"
181.64.192.224 - - [08/Oct/2016:02:47:48 -0400] "GET /?q=drupalchat/poll&drupalchat_last_timestamp=1475909213 HTTP/1.1" 200 744 "http://chatvip24.tk/" "Mozilla/5.0 (X11; Ubuntu; Linux x86_64; rv:45.0) Gecko/20100101 Firefox/45.0"
181.65.62.227 - - [08/Oct/2016:02:47:49 -0400] "GET /?q=drupalchat/poll&drupalchat_last_timestamp=1475909232 HTTP/1.1" 200 741 "http://chatvip24.tk/?q=node/add/article" "Mozilla/5.0 (Windows NT 6.3; WOW64) AppleWebKit/537.36 (KHTML, like Gecko) Chrome/53.0.2785.143 Safari/537.36"
181.65.62.227 - - [08/Oct/2016:02:47:50 -0400] "GET /?q=drupalchat/poll&drupalchat_last_timestamp=1475909232 HTTP/1.1" 200 741 "http://chatvip24.tk/?q=node/add/article" "Mozilla/5.0 (Windows NT 6.3; WOW64) AppleWebKit/537.36 (KHTML, like Gecko) Chrome/53.0.2785.143 Safari/537.36"
181.64.192.224 - - [08/Oct/2016:02:47:50 -0400] "GET /?q=drupalchat/poll&drupalchat_last_timestamp=1475909213 HTTP/1.1" 200 744 "http://chatvip24.tk/" "Mozilla/5.0 (X11; Ubuntu; Linux x86_64; rv:45.0) Gecko/20100101 Firefox/45.0"
181.64.192.224 - - [08/Oct/2016:02:47:51 -0400] "GET /?q=drupalchat/poll&drupalchat_last_timestamp=1475909213 HTTP/1.1" 200 744 "http://chatvip24.tk/" "Mozilla/5.0 (X11; Ubuntu; Linux x86_64; rv:45.0) Gecko/20100101 Firefox/45.0"
181.65.62.227 - - [08/Oct/2016:02:47:51 -0400] "GET /?q=drupalchat/poll&drupalchat_last_timestamp=1475909232 HTTP/1.1" 200 741 "http://chatvip24.tk/?q=node/add/article" "Mozilla/5.0 (Windows NT 6.3; WOW64) AppleWebKit/537.36 (KHTML, like Gecko) Chrome/53.0.2785.143 Safari/537.36"
181.65.62.227 - - [08/Oct/2016:02:47:52 -0400] "GET /?q=drupalchat/poll&drupalchat_last_timestamp=1475909232 HTTP/1.1" 200 741 "http://chatvip24.tk/?q=node/add/article" "Mozilla/5.0 (Windows NT 6.3; WOW64) AppleWebKit/537.36 (KHTML, like Gecko) Chrome/53.0.2785.143 Safari/537.36"
181.64.192.224 - - [08/Oct/2016:02:47:52 -0400] "GET /?q=drupalchat/poll&drupalchat_last_timestamp=1475909213 HTTP/1.1" 200 744 "http://chatvip24.tk/" "Mozilla/5.0 (X11; Ubuntu; Linux x86_64; rv:45.0) Gecko/20100101 Firefox/45.0"
181.64.192.224 - - [08/Oct/2016:02:47:53 -0400] "GET /?q=drupalchat/poll&drupalchat_last_timestamp=1475909213 HTTP/1.1" 200 744 "http://chatvip24.tk/" "Mozilla/5.0 (X11; Ubuntu; Linux x86_64; rv:45.0) Gecko/20100101 Firefox/45.0"
181.65.62.227 - - [08/Oct/2016:02:47:53 -0400] "GET /?q=drupalchat/poll&drupalchat_last_timestamp=1475909232 HTTP/1.1" 200 741 "http://chatvip24.tk/?q=node/add/article" "Mozilla/5.0 (Windows NT 6.3; WOW64) AppleWebKit/537.36 (KHTML, like Gecko) Chrome/53.0.2785.143 Safari/537.36"
181.65.62.227 - - [08/Oct/2016:02:47:55 -0400] "GET /?q=drupalchat/poll&drupalchat_last_timestamp=1475909232 HTTP/1.1" 200 741 "http://chatvip24.tk/?q=node/add/article" "Mozilla/5.0 (Windows NT 6.3; WOW64) AppleWebKit/537.36 (KHTML, like Gecko) Chrome/53.0.2785.143 Safari/537.36"
181.64.192.224 - - [08/Oct/2016:02:47:55 -0400] "GET /?q=drupalchat/poll&drupalchat_last_timestamp=1475909213 HTTP/1.1" 200 744 "http://chatvip24.tk/" "Mozilla/5.0 (X11; Ubuntu; Linux x86_64; rv:45.0) Gecko/20100101 Firefox/45.0"
181.64.192.224 - - [08/Oct/2016:02:47:55 -0400] "GET /?q=drupalchat/poll&drupalchat_last_timestamp=1475909213 HTTP/1.1" 200 744 "http://chatvip24.tk/" "Mozilla/5.0 (X11; Ubuntu; Linux x86_64; rv:45.0) Gecko/20100101 Firefox/45.0"
181.65.62.227 - - [08/Oct/2016:02:47:56 -0400] "GET /?q=drupalchat/poll&drupalchat_last_timestamp=1475909232 HTTP/1.1" 200 741 "http://chatvip24.tk/?q=node/add/article" "Mozilla/5.0 (Windows NT 6.3; WOW64) AppleWebKit/537.36 (KHTML, like Gecko) Chrome/53.0.2785.143 Safari/537.36"
181.64.192.224 - - [08/Oct/2016:02:47:56 -0400] "GET /?q=user HTTP/1.1" 200 5481 "http://chatvip24.tk/" "Mozilla/5.0 (X11; Ubuntu; Linux x86_64; rv:45.0) Gecko/20100101 Firefox/45.0"
181.64.192.224 - - [08/Oct/2016:02:47:56 -0400] "POST /?q=drupalchat/thread-history HTTP/1.1" 200 3007 "http://chatvip24.tk/?q=user" "Mozilla/5.0 (X11; Ubuntu; Linux x86_64; rv:45.0) Gecko/20100101 Firefox/45.0"
181.65.62.227 - - [08/Oct/2016:02:47:57 -0400] "GET /?q=drupalchat/poll&drupalchat_last_timestamp=1475909232 HTTP/1.1" 200 741 "http://chatvip24.tk/?q=node/add/article" "Mozilla/5.0 (Windows NT 6.3; WOW64) AppleWebKit/537.36 (KHTML, like Gecko) Chrome/53.0.2785.143 Safari/537.36"
181.65.62.227 - - [08/Oct/2016:02:47:58 -0400] "GET /?q=drupalchat/poll&drupalchat_last_timestamp=1475909232 HTTP/1.1" 200 741 "http://chatvip24.tk/?q=node/add/article" "Mozilla/5.0 (Windows NT 6.3; WOW64) AppleWebKit/537.36 (KHTML, like Gecko) Chrome/53.0.2785.143 Safari/537.36"
181.64.192.224 - - [08/Oct/2016:02:47:58 -0400] "GET /?q=drupalchat/poll&drupalchat_last_timestamp=0 HTTP/1.1" 200 742 "http://chatvip24.tk/?q=user" "Mozilla/5.0 (X11; Ubuntu; Linux x86_64; rv:45.0) Gecko/20100101 Firefox/45.0"
181.64.192.224 - - [08/Oct/2016:02:47:59 -0400] "GET /?q=drupalchat/poll&drupalchat_last_timestamp=1475909278 HTTP/1.1" 200 744 "http://chatvip24.tk/?q=user" "Mozilla/5.0 (X11; Ubuntu; Linux x86_64; rv:45.0) Gecko/20100101 Firefox/45.0"
181.65.62.227 - - [08/Oct/2016:02:47:59 -0400] "GET /?q=drupalchat/poll&drupalchat_last_timestamp=1475909232 HTTP/1.1" 200 741 "http://chatvip24.tk/?q=node/add/article" "Mozilla/5.0 (Windows NT 6.3; WOW64) AppleWebKit/537.36 (KHTML, like Gecko) Chrome/53.0.2785.143 Safari/537.36"
181.64.192.224 - - [08/Oct/2016:02:48:01 -0400] "GET /?q=drupalchat/poll&drupalchat_last_timestamp=1475909278 HTTP/1.1" 200 744 "http://chatvip24.tk/?q=user" "Mozilla/5.0 (X11; Ubuntu; Linux x86_64; rv:45.0) Gecko/20100101 Firefox/45.0"
181.64.192.224 - - [08/Oct/2016:02:48:01 -0400] "GET /?q=drupalchat/poll&drupalchat_last_timestamp=1475909278 HTTP/1.1" 200 744 "http://chatvip24.tk/?q=user" "Mozilla/5.0 (X11; Ubuntu; Linux x86_64; rv:45.0) Gecko/20100101 Firefox/45.0"
181.65.62.227 - - [08/Oct/2016:02:48:01 -0400] "GET /?q=drupalchat/poll&drupalchat_last_timestamp=1475909232 HTTP/1.1" 200 742 "http://chatvip24.tk/?q=node/add/article" "Mozilla/5.0 (Windows NT 6.3; WOW64) AppleWebKit/537.36 (KHTML, like Gecko) Chrome/53.0.2785.143 Safari/537.36"
181.64.192.224 - - [08/Oct/2016:02:48:03 -0400] "GET /?q=drupalchat/poll&drupalchat_last_timestamp=1475909278 HTTP/1.1" 200 744 "http://chatvip24.tk/?q=user" "Mozilla/5.0 (X11; Ubuntu; Linux x86_64; rv:45.0) Gecko/20100101 Firefox/45.0"
181.64.192.224 - - [08/Oct/2016:02:48:03 -0400] "GET /?q=drupalchat/poll&drupalchat_last_timestamp=1475909278 HTTP/1.1" 200 744 "http://chatvip24.tk/?q=user" "Mozilla/5.0 (X11; Ubuntu; Linux x86_64; rv:45.0) Gecko/20100101 Firefox/45.0"
181.65.62.227 - - [08/Oct/2016:02:48:03 -0400] "GET /?q=drupalchat/poll&drupalchat_last_timestamp=1475909232 HTTP/1.1" 200 741 "http://chatvip24.tk/?q=node/add/article" "Mozilla/5.0 (Windows NT 6.3; WOW64) AppleWebKit/537.36 (KHTML, like Gecko) Chrome/53.0.2785.143 Safari/537.36"
181.64.192.224 - - [08/Oct/2016:02:48:04 -0400] "GET /?q=admin%2Fpeople&render=overlay HTTP/1.1" 200 5656 "http://chatvip24.tk/?q=user" "Mozilla/5.0 (X11; Ubuntu; Linux x86_64; rv:45.0) Gecko/20100101 Firefox/45.0"
181.64.192.224 - - [08/Oct/2016:02:48:04 -0400] "GET /misc/tableselect.js?oepjbc HTTP/1.1" 200 1731 "http://chatvip24.tk/?q=admin%2Fpeople&render=overlay" "Mozilla/5.0 (X11; Ubuntu; Linux x86_64; rv:45.0) Gecko/20100101 Firefox/45.0"
181.64.192.224 - - [08/Oct/2016:02:48:04 -0400] "GET /misc/tableheader.js?oepjbc HTTP/1.1" 200 2198 "http://chatvip24.tk/?q=admin%2Fpeople&render=overlay" "Mozilla/5.0 (X11; Ubuntu; Linux x86_64; rv:45.0) Gecko/20100101 Firefox/45.0"
181.64.192.224 - - [08/Oct/2016:02:48:04 -0400] "GET /themes/seven/images/arrow-asc.png HTTP/1.1" 200 369 "http://chatvip24.tk/?q=admin%2Fpeople&render=overlay" "Mozilla/5.0 (X11; Ubuntu; Linux x86_64; rv:45.0) Gecko/20100101 Firefox/45.0"
181.64.192.224 - - [08/Oct/2016:02:48:04 -0400] "GET /themes/seven/images/add.png HTTP/1.1" 200 442 "http://chatvip24.tk/themes/seven/style.css?oepjbc" "Mozilla/5.0 (X11; Ubuntu; Linux x86_64; rv:45.0) Gecko/20100101 Firefox/45.0"
181.64.192.224 - - [08/Oct/2016:02:48:04 -0400] "GET /themes/seven/images/buttons.png HTTP/1.1" 200 1070 "http://chatvip24.tk/themes/seven/style.css?oepjbc" "Mozilla/5.0 (X11; Ubuntu; Linux x86_64; rv:45.0) Gecko/20100101 Firefox/45.0"
181.64.192.224 - - [08/Oct/2016:02:48:04 -0400] "POST /?q=drupalchat/thread-history HTTP/1.1" 200 3008 "http://chatvip24.tk/?q=admin%2Fpeople&render=overlay" "Mozilla/5.0 (X11; Ubuntu; Linux x86_64; rv:45.0) Gecko/20100101 Firefox/45.0"
181.64.192.224 - - [08/Oct/2016:02:48:05 -0400] "GET /?q=drupalchat/poll&drupalchat_last_timestamp=1475909278 HTTP/1.1" 200 744 "http://chatvip24.tk/?q=user" "Mozilla/5.0 (X11; Ubuntu; Linux x86_64; rv:45.0) Gecko/20100101 Firefox/45.0"
181.65.62.227 - - [08/Oct/2016:02:48:05 -0400] "GET /?q=drupalchat/poll&drupalchat_last_timestamp=1475909232 HTTP/1.1" 200 741 "http://chatvip24.tk/?q=node/add/article" "Mozilla/5.0 (Windows NT 6.3; WOW64) AppleWebKit/537.36 (KHTML, like Gecko) Chrome/53.0.2785.143 Safari/537.36"
181.64.192.224 - - [08/Oct/2016:02:48:05 -0400] "GET /?q=drupalchat/poll&drupalchat_last_timestamp=1475909278 HTTP/1.1" 200 744 "http://chatvip24.tk/?q=user" "Mozilla/5.0 (X11; Ubuntu; Linux x86_64; rv:45.0) Gecko/20100101 Firefox/45.0"
181.65.62.227 - - [08/Oct/2016:02:48:07 -0400] "GET /?q=drupalchat/poll&drupalchat_last_timestamp=1475909232 HTTP/1.1" 200 741 "http://chatvip24.tk/?q=node/add/article" "Mozilla/5.0 (Windows NT 6.3; WOW64) AppleWebKit/537.36 (KHTML, like Gecko) Chrome/53.0.2785.143 Safari/537.36"
181.64.192.224 - - [08/Oct/2016:02:48:07 -0400] "GET /?q=drupalchat/poll&drupalchat_last_timestamp=0 HTTP/1.1" 200 742 "http://chatvip24.tk/?q=admin%2Fpeople&render=overlay" "Mozilla/5.0 (X11; Ubuntu; Linux x86_64; rv:45.0) Gecko/20100101 Firefox/45.0"
181.64.192.224 - - [08/Oct/2016:02:48:07 -0400] "GET /?q=user/1 HTTP/1.1" 200 5482 "http://chatvip24.tk/?q=admin%2Fpeople&render=overlay" "Mozilla/5.0 (X11; Ubuntu; Linux x86_64; rv:45.0) Gecko/20100101 Firefox/45.0"
181.64.192.224 - - [08/Oct/2016:02:48:07 -0400] "GET /?q=drupalchat/poll&drupalchat_last_timestamp=1475909278 HTTP/1.1" 200 744 "http://chatvip24.tk/?q=user" "Mozilla/5.0 (X11; Ubuntu; Linux x86_64; rv:45.0) Gecko/20100101 Firefox/45.0"
181.64.192.224 - - [08/Oct/2016:02:48:08 -0400] "POST /?q=drupalchat/thread-history HTTP/1.1" 200 3007 "http://chatvip24.tk/?q=user/1" "Mozilla/5.0 (X11; Ubuntu; Linux x86_64; rv:45.0) Gecko/20100101 Firefox/45.0"
181.65.62.227 - - [08/Oct/2016:02:48:08 -0400] "GET /?q=drupalchat/poll&drupalchat_last_timestamp=1475909232 HTTP/1.1" 200 741 "http://chatvip24.tk/?q=node/add/article" "Mozilla/5.0 (Windows NT 6.3; WOW64) AppleWebKit/537.36 (KHTML, like Gecko) Chrome/53.0.2785.143 Safari/537.36"
181.64.192.224 - - [08/Oct/2016:02:48:10 -0400] "GET /?q=drupalchat/poll&drupalchat_last_timestamp=0 HTTP/1.1" 200 742 "http://chatvip24.tk/?q=user/1" "Mozilla/5.0 (X11; Ubuntu; Linux x86_64; rv:45.0) Gecko/20100101 Firefox/45.0"
181.65.62.227 - - [08/Oct/2016:02:48:10 -0400] "GET /?q=drupalchat/poll&drupalchat_last_timestamp=1475909232 HTTP/1.1" 200 741 "http://chatvip24.tk/?q=node/add/article" "Mozilla/5.0 (Windows NT 6.3; WOW64) AppleWebKit/537.36 (KHTML, like Gecko) Chrome/53.0.2785.143 Safari/537.36"
181.64.192.224 - - [08/Oct/2016:02:48:10 -0400] "GET /?q=drupalchat/poll&drupalchat_last_timestamp=1475909290 HTTP/1.1" 200 744 "http://chatvip24.tk/?q=user/1" "Mozilla/5.0 (X11; Ubuntu; Linux x86_64; rv:45.0) Gecko/20100101 Firefox/45.0"
181.64.192.224 - - [08/Oct/2016:02:48:11 -0400] "GET /?q=user%2F1%2Fedit&render=overlay HTTP/1.1" 200 10295 "http://chatvip24.tk/?q=user/1" "Mozilla/5.0 (X11; Ubuntu; Linux x86_64; rv:45.0) Gecko/20100101 Firefox/45.0"
181.64.192.224 - - [08/Oct/2016:02:48:11 -0400] "GET /modules/user/user.js?oepjbc HTTP/1.1" 200 2453 "http://chatvip24.tk/?q=user%2F1%2Fedit&render=overlay" "Mozilla/5.0 (X11; Ubuntu; Linux x86_64; rv:45.0) Gecko/20100101 Firefox/45.0"
181.64.192.224 - - [08/Oct/2016:02:48:11 -0400] "GET /misc/collapse.js?v=7.51 HTTP/1.1" 200 1531 "http://chatvip24.tk/?q=user%2F1%2Fedit&render=overlay" "Mozilla/5.0 (X11; Ubuntu; Linux x86_64; rv:45.0) Gecko/20100101 Firefox/45.0"
181.64.192.224 - - [08/Oct/2016:02:48:12 -0400] "GET /misc/menu-expanded.png HTTP/1.1" 200 388 "http://chatvip24.tk/modules/system/system.theme.css?oepjbc" "Mozilla/5.0 (X11; Ubuntu; Linux x86_64; rv:45.0) Gecko/20100101 Firefox/45.0"
181.64.192.224 - - [08/Oct/2016:02:48:12 -0400] "POST /?q=drupalchat/thread-history HTTP/1.1" 200 3007 "http://chatvip24.tk/?q=user%2F1%2Fedit&render=overlay" "Mozilla/5.0 (X11; Ubuntu; Linux x86_64; rv:45.0) Gecko/20100101 Firefox/45.0"
181.65.62.227 - - [08/Oct/2016:02:48:12 -0400] "GET /?q=drupalchat/poll&drupalchat_last_timestamp=1475909232 HTTP/1.1" 200 741 "http://chatvip24.tk/?q=node/add/article" "Mozilla/5.0 (Windows NT 6.3; WOW64) AppleWebKit/537.36 (KHTML, like Gecko) Chrome/53.0.2785.143 Safari/537.36"
181.64.192.224 - - [08/Oct/2016:02:48:12 -0400] "GET /?q=drupalchat/poll&drupalchat_last_timestamp=1475909290 HTTP/1.1" 200 744 "http://chatvip24.tk/?q=user/1" "Mozilla/5.0 (X11; Ubuntu; Linux x86_64; rv:45.0) Gecko/20100101 Firefox/45.0"
181.64.192.224 - - [08/Oct/2016:02:48:12 -0400] "GET /?q=drupalchat/poll&drupalchat_last_timestamp=1475909290 HTTP/1.1" 200 744 "http://chatvip24.tk/?q=user/1" "Mozilla/5.0 (X11; Ubuntu; Linux x86_64; rv:45.0) Gecko/20100101 Firefox/45.0"
181.65.62.227 - - [08/Oct/2016:02:48:13 -0400] "GET /?q=drupalchat/poll&drupalchat_last_timestamp=1475909232 HTTP/1.1" 200 741 "http://chatvip24.tk/?q=node/add/article" "Mozilla/5.0 (Windows NT 6.3; WOW64) AppleWebKit/537.36 (KHTML, like Gecko) Chrome/53.0.2785.143 Safari/537.36"
181.64.192.224 - - [08/Oct/2016:02:48:14 -0400] "GET /?q=drupalchat/poll&drupalchat_last_timestamp=0 HTTP/1.1" 200 742 "http://chatvip24.tk/?q=user%2F1%2Fedit&render=overlay" "Mozilla/5.0 (X11; Ubuntu; Linux x86_64; rv:45.0) Gecko/20100101 Firefox/45.0"
181.64.192.224 - - [08/Oct/2016:02:48:14 -0400] "GET /?q=drupalchat/poll&drupalchat_last_timestamp=1475909290 HTTP/1.1" 200 744 "http://chatvip24.tk/?q=user/1" "Mozilla/5.0 (X11; Ubuntu; Linux x86_64; rv:45.0) Gecko/20100101 Firefox/45.0"
181.64.192.224 - - [08/Oct/2016:02:48:14 -0400] "GET /?q=drupalchat/poll&drupalchat_last_timestamp=1475909290 HTTP/1.1" 200 744 "http://chatvip24.tk/?q=user/1" "Mozilla/5.0 (X11; Ubuntu; Linux x86_64; rv:45.0) Gecko/20100101 Firefox/45.0"
181.65.62.227 - - [08/Oct/2016:02:48:15 -0400] "GET /?q=drupalchat/poll&drupalchat_last_timestamp=1475909232 HTTP/1.1" 200 741 "http://chatvip24.tk/?q=node/add/article" "Mozilla/5.0 (Windows NT 6.3; WOW64) AppleWebKit/537.36 (KHTML, like Gecko) Chrome/53.0.2785.143 Safari/537.36"
181.64.192.224 - - [08/Oct/2016:02:48:16 -0400] "GET /?q=drupalchat/poll&drupalchat_last_timestamp=1475909294 HTTP/1.1" 200 744 "http://chatvip24.tk/?q=user%2F1%2Fedit&render=overlay" "Mozilla/5.0 (X11; Ubuntu; Linux x86_64; rv:45.0) Gecko/20100101 Firefox/45.0"
181.64.192.224 - - [08/Oct/2016:02:48:16 -0400] "GET /?q=drupalchat/poll&drupalchat_last_timestamp=1475909290 HTTP/1.1" 200 744 "http://chatvip24.tk/?q=user/1" "Mozilla/5.0 (X11; Ubuntu; Linux x86_64; rv:45.0) Gecko/20100101 Firefox/45.0"
181.64.192.224 - - [08/Oct/2016:02:48:17 -0400] "GET /?q=drupalchat/poll&drupalchat_last_timestamp=1475909290 HTTP/1.1" 200 744 "http://chatvip24.tk/?q=user/1" "Mozilla/5.0 (X11; Ubuntu; Linux x86_64; rv:45.0) Gecko/20100101 Firefox/45.0"
181.65.62.227 - - [08/Oct/2016:02:48:19 -0400] "GET /?q=drupalchat/poll&drupalchat_last_timestamp=1475909232 HTTP/1.1" 200 742 "http://chatvip24.tk/?q=node/add/article" "Mozilla/5.0 (Windows NT 6.3; WOW64) AppleWebKit/537.36 (KHTML, like Gecko) Chrome/53.0.2785.143 Safari/537.36"
181.64.192.224 - - [08/Oct/2016:02:48:19 -0400] "GET /?q=drupalchat/poll&drupalchat_last_timestamp=1475909294 HTTP/1.1" 200 744 "http://chatvip24.tk/?q=user%2F1%2Fedit&render=overlay" "Mozilla/5.0 (X11; Ubuntu; Linux x86_64; rv:45.0) Gecko/20100101 Firefox/45.0"
181.64.192.224 - - [08/Oct/2016:02:48:19 -0400] "GET /?q=drupalchat/poll&drupalchat_last_timestamp=1475909290 HTTP/1.1" 200 744 "http://chatvip24.tk/?q=user/1" "Mozilla/5.0 (X11; Ubuntu; Linux x86_64; rv:45.0) Gecko/20100101 Firefox/45.0"
181.64.192.224 - - [08/Oct/2016:02:48:19 -0400] "GET /?q=drupalchat/poll&drupalchat_last_timestamp=1475909290 HTTP/1.1" 200 744 "http://chatvip24.tk/?q=user/1" "Mozilla/5.0 (X11; Ubuntu; Linux x86_64; rv:45.0) Gecko/20100101 Firefox/45.0"
181.65.62.227 - - [08/Oct/2016:02:48:00 -0400] "POST /?q=node/add/article HTTP/1.1" 200 5478 "http://chatvip24.tk/?q=node/add/article" "Mozilla/5.0 (Windows NT 6.3; WOW64) AppleWebKit/537.36 (KHTML, like Gecko) Chrome/53.0.2785.143 Safari/537.36"
181.65.62.227 - - [08/Oct/2016:02:48:20 -0400] "GET /?q=drupalchat/poll&drupalchat_last_timestamp=1475909232 HTTP/1.1" 200 741 "http://chatvip24.tk/?q=node/add/article" "Mozilla/5.0 (Windows NT 6.3; WOW64) AppleWebKit/537.36 (KHTML, like Gecko) Chrome/53.0.2785.143 Safari/537.36"
181.64.192.224 - - [08/Oct/2016:02:48:21 -0400] "GET /?q=drupalchat/poll&drupalchat_last_timestamp=1475909294 HTTP/1.1" 200 744 "http://chatvip24.tk/?q=user%2F1%2Fedit&render=overlay" "Mozilla/5.0 (X11; Ubuntu; Linux x86_64; rv:45.0) Gecko/20100101 Firefox/45.0"
181.64.192.224 - - [08/Oct/2016:02:48:21 -0400] "GET /?q=drupalchat/poll&drupalchat_last_timestamp=1475909290 HTTP/1.1" 200 744 "http://chatvip24.tk/?q=user/1" "Mozilla/5.0 (X11; Ubuntu; Linux x86_64; rv:45.0) Gecko/20100101 Firefox/45.0"
181.64.192.224 - - [08/Oct/2016:02:48:21 -0400] "GET /?q=drupalchat/poll&drupalchat_last_timestamp=1475909290 HTTP/1.1" 200 744 "http://chatvip24.tk/?q=user/1" "Mozilla/5.0 (X11; Ubuntu; Linux x86_64; rv:45.0) Gecko/20100101 Firefox/45.0"
181.65.62.227 - - [08/Oct/2016:02:48:21 -0400] "GET /?q=drupalchat/poll&drupalchat_last_timestamp=1475909232 HTTP/1.1" 200 741 "http://chatvip24.tk/?q=node/add/article" "Mozilla/5.0 (Windows NT 6.3; WOW64) AppleWebKit/537.36 (KHTML, like Gecko) Chrome/53.0.2785.143 Safari/537.36"
181.65.62.227 - - [08/Oct/2016:02:48:23 -0400] "GET /?q=drupalchat/poll&drupalchat_last_timestamp=1475909232 HTTP/1.1" 200 741 "http://chatvip24.tk/?q=node/add/article" "Mozilla/5.0 (Windows NT 6.3; WOW64) AppleWebKit/537.36 (KHTML, like Gecko) Chrome/53.0.2785.143 Safari/537.36"
181.64.192.224 - - [08/Oct/2016:02:48:23 -0400] "GET /?q=drupalchat/poll&drupalchat_last_timestamp=1475909294 HTTP/1.1" 200 744 "http://chatvip24.tk/?q=user%2F1%2Fedit&render=overlay" "Mozilla/5.0 (X11; Ubuntu; Linux x86_64; rv:45.0) Gecko/20100101 Firefox/45.0"
181.64.192.224 - - [08/Oct/2016:02:48:23 -0400] "GET /?q=drupalchat/poll&drupalchat_last_timestamp=1475909290 HTTP/1.1" 200 744 "http://chatvip24.tk/?q=user/1" "Mozilla/5.0 (X11; Ubuntu; Linux x86_64; rv:45.0) Gecko/20100101 Firefox/45.0"
181.64.192.224 - - [08/Oct/2016:02:48:23 -0400] "GET /?q=drupalchat/poll&drupalchat_last_timestamp=1475909290 HTTP/1.1" 200 744 "http://chatvip24.tk/?q=user/1" "Mozilla/5.0 (X11; Ubuntu; Linux x86_64; rv:45.0) Gecko/20100101 Firefox/45.0"
181.65.62.227 - - [08/Oct/2016:02:48:24 -0400] "GET /?q=drupalchat/poll&drupalchat_last_timestamp=1475909232 HTTP/1.1" 200 741 "http://chatvip24.tk/?q=node/add/article" "Mozilla/5.0 (Windows NT 6.3; WOW64) AppleWebKit/537.36 (KHTML, like Gecko) Chrome/53.0.2785.143 Safari/537.36"
181.65.62.227 - - [08/Oct/2016:02:48:25 -0400] "GET /?q=drupalchat/poll&drupalchat_last_timestamp=1475909232 HTTP/1.1" 200 741 "http://chatvip24.tk/?q=node/add/article" "Mozilla/5.0 (Windows NT 6.3; WOW64) AppleWebKit/537.36 (KHTML, like Gecko) Chrome/53.0.2785.143 Safari/537.36"
181.64.192.224 - - [08/Oct/2016:02:48:25 -0400] "GET /?q=drupalchat/poll&drupalchat_last_timestamp=1475909294 HTTP/1.1" 200 744 "http://chatvip24.tk/?q=user%2F1%2Fedit&render=overlay" "Mozilla/5.0 (X11; Ubuntu; Linux x86_64; rv:45.0) Gecko/20100101 Firefox/45.0"
181.64.192.224 - - [08/Oct/2016:02:48:25 -0400] "GET /?q=drupalchat/poll&drupalchat_last_timestamp=1475909290 HTTP/1.1" 200 744 "http://chatvip24.tk/?q=user/1" "Mozilla/5.0 (X11; Ubuntu; Linux x86_64; rv:45.0) Gecko/20100101 Firefox/45.0"
181.64.192.224 - - [08/Oct/2016:02:48:26 -0400] "GET /?q=drupalchat/poll&drupalchat_last_timestamp=1475909290 HTTP/1.1" 200 744 "http://chatvip24.tk/?q=user/1" "Mozilla/5.0 (X11; Ubuntu; Linux x86_64; rv:45.0) Gecko/20100101 Firefox/45.0"
