181.65.62.227 - - [08/Oct/2016:02:48:26 -0400] "GET /?q=drupalchat/poll&drupalchat_last_timestamp=1475909232 HTTP/1.1" 200 741 "http://chatvip24.tk/?q=node/add/article" "Mozilla/5.0 (Windows NT 6.3; WOW64) AppleWebKit/537.36 (KHTML, like Gecko) Chrome/53.0.2785.143 Safari/537.36"
181.64.192.224 - - [08/Oct/2016:02:48:28 -0400] "GET /?q=drupalchat/poll&drupalchat_last_timestamp=1475909290 HTTP/1.1" 200 744 "http://chatvip24.tk/?q=user/1" "Mozilla/5.0 (X11; Ubuntu; Linux x86_64; rv:45.0) Gecko/20100101 Firefox/45.0"
181.64.192.224 - - [08/Oct/2016:02:48:27 -0400] "GET /?q=drupalchat/poll&drupalchat_last_timestamp=1475909294 HTTP/1.1" 200 744 "http://chatvip24.tk/?q=user%2F1%2Fedit&render=overlay" "Mozilla/5.0 (X11; Ubuntu; Linux x86_64; rv:45.0) Gecko/20100101 Firefox/45.0"
181.64.192.224 - - [08/Oct/2016:02:48:28 -0400] "GET /?q=drupalchat/poll&drupalchat_last_timestamp=1475909290 HTTP/1.1" 200 744 "http://chatvip24.tk/?q=user/1" "Mozilla/5.0 (X11; Ubuntu; Linux x86_64; rv:45.0) Gecko/20100101 Firefox/45.0"
181.65.62.227 - - [08/Oct/2016:02:48:28 -0400] "GET /?q=drupalchat/poll&drupalchat_last_timestamp=1475909232 HTTP/1.1" 200 741 "http://chatvip24.tk/?q=node/add/article" "Mozilla/5.0 (Windows NT 6.3; WOW64) AppleWebKit/537.36 (KHTML, like Gecko) Chrome/53.0.2785.143 Safari/537.36"
181.65.62.227 - - [08/Oct/2016:02:48:29 -0400] "GET /?q=drupalchat/poll&drupalchat_last_timestamp=1475909232 HTTP/1.1" 200 741 "http://chatvip24.tk/?q=node/add/article" "Mozilla/5.0 (Windows NT 6.3; WOW64) AppleWebKit/537.36 (KHTML, like Gecko) Chrome/53.0.2785.143 Safari/537.36"
181.64.192.224 - - [08/Oct/2016:02:48:30 -0400] "GET /?q=drupalchat/poll&drupalchat_last_timestamp=1475909290 HTTP/1.1" 200 744 "http://chatvip24.tk/?q=user/1" "Mozilla/5.0 (X11; Ubuntu; Linux x86_64; rv:45.0) Gecko/20100101 Firefox/45.0"
181.64.192.224 - - [08/Oct/2016:02:48:30 -0400] "GET /?q=drupalchat/poll&drupalchat_last_timestamp=1475909290 HTTP/1.1" 200 744 "http://chatvip24.tk/?q=user/1" "Mozilla/5.0 (X11; Ubuntu; Linux x86_64; rv:45.0) Gecko/20100101 Firefox/45.0"
181.65.62.227 - - [08/Oct/2016:02:48:31 -0400] "GET /?q=drupalchat/poll&drupalchat_last_timestamp=1475909232 HTTP/1.1" 200 741 "http://chatvip24.tk/?q=node/add/article" "Mozilla/5.0 (Windows NT 6.3; WOW64) AppleWebKit/537.36 (KHTML, like Gecko) Chrome/53.0.2785.143 Safari/537.36"
181.64.192.224 - - [08/Oct/2016:02:48:32 -0400] "GET /?q=drupalchat/poll&drupalchat_last_timestamp=1475909290 HTTP/1.1" 200 744 "http://chatvip24.tk/?q=user/1" "Mozilla/5.0 (X11; Ubuntu; Linux x86_64; rv:45.0) Gecko/20100101 Firefox/45.0"
181.64.192.224 - - [08/Oct/2016:02:48:32 -0400] "GET /?q=drupalchat/poll&drupalchat_last_timestamp=1475909290 HTTP/1.1" 200 744 "http://chatvip24.tk/?q=user/1" "Mozilla/5.0 (X11; Ubuntu; Linux x86_64; rv:45.0) Gecko/20100101 Firefox/45.0"
181.65.62.227 - - [08/Oct/2016:02:48:32 -0400] "GET /?q=drupalchat/poll&drupalchat_last_timestamp=1475909232 HTTP/1.1" 200 741 "http://chatvip24.tk/?q=node/add/article" "Mozilla/5.0 (Windows NT 6.3; WOW64) AppleWebKit/537.36 (KHTML, like Gecko) Chrome/53.0.2785.143 Safari/537.36"
181.64.192.224 - - [08/Oct/2016:02:48:34 -0400] "GET /?q=drupalchat/poll&drupalchat_last_timestamp=1475909290 HTTP/1.1" 200 744 "http://chatvip24.tk/?q=user/1" "Mozilla/5.0 (X11; Ubuntu; Linux x86_64; rv:45.0) Gecko/20100101 Firefox/45.0"
181.64.192.224 - - [08/Oct/2016:02:48:34 -0400] "GET /?q=drupalchat/poll&drupalchat_last_timestamp=1475909290 HTTP/1.1" 200 744 "http://chatvip24.tk/?q=user/1" "Mozilla/5.0 (X11; Ubuntu; Linux x86_64; rv:45.0) Gecko/20100101 Firefox/45.0"
181.65.62.227 - - [08/Oct/2016:02:48:35 -0400] "GET /?q=drupalchat/poll&drupalchat_last_timestamp=1475909232 HTTP/1.1" 200 741 "http://chatvip24.tk/?q=node/add/article" "Mozilla/5.0 (Windows NT 6.3; WOW64) AppleWebKit/537.36 (KHTML, like Gecko) Chrome/53.0.2785.143 Safari/537.36"
181.65.62.227 - - [08/Oct/2016:02:48:36 -0400] "GET /?q=drupalchat/poll&drupalchat_last_timestamp=1475909232 HTTP/1.1" 200 741 "http://chatvip24.tk/?q=node/add/article" "Mozilla/5.0 (Windows NT 6.3; WOW64) AppleWebKit/537.36 (KHTML, like Gecko) Chrome/53.0.2785.143 Safari/537.36"
181.64.192.224 - - [08/Oct/2016:02:48:36 -0400] "GET /?q=drupalchat/poll&drupalchat_last_timestamp=1475909290 HTTP/1.1" 200 744 "http://chatvip24.tk/?q=user/1" "Mozilla/5.0 (X11; Ubuntu; Linux x86_64; rv:45.0) Gecko/20100101 Firefox/45.0"
181.64.192.224 - - [08/Oct/2016:02:48:37 -0400] "GET /?q=drupalchat/poll&drupalchat_last_timestamp=1475909290 HTTP/1.1" 200 744 "http://chatvip24.tk/?q=user/1" "Mozilla/5.0 (X11; Ubuntu; Linux x86_64; rv:45.0) Gecko/20100101 Firefox/45.0"
181.65.62.227 - - [08/Oct/2016:02:48:38 -0400] "GET /?q=drupalchat/poll&drupalchat_last_timestamp=1475909232 HTTP/1.1" 200 741 "http://chatvip24.tk/?q=node/add/article" "Mozilla/5.0 (Windows NT 6.3; WOW64) AppleWebKit/537.36 (KHTML, like Gecko) Chrome/53.0.2785.143 Safari/537.36"
181.64.192.224 - - [08/Oct/2016:02:48:39 -0400] "GET /?q=drupalchat/poll&drupalchat_last_timestamp=1475909290 HTTP/1.1" 200 744 "http://chatvip24.tk/?q=user/1" "Mozilla/5.0 (X11; Ubuntu; Linux x86_64; rv:45.0) Gecko/20100101 Firefox/45.0"
181.65.62.227 - - [08/Oct/2016:02:48:39 -0400] "GET /?q=drupalchat/poll&drupalchat_last_timestamp=1475909232 HTTP/1.1" 200 741 "http://chatvip24.tk/?q=node/add/article" "Mozilla/5.0 (Windows NT 6.3; WOW64) AppleWebKit/537.36 (KHTML, like Gecko) Chrome/53.0.2785.143 Safari/537.36"
181.64.192.224 - - [08/Oct/2016:02:48:39 -0400] "GET /?q=drupalchat/poll&drupalchat_last_timestamp=1475909290 HTTP/1.1" 200 744 "http://chatvip24.tk/?q=user/1" "Mozilla/5.0 (X11; Ubuntu; Linux x86_64; rv:45.0) Gecko/20100101 Firefox/45.0"
181.65.62.227 - - [08/Oct/2016:02:48:41 -0400] "GET /?q=drupalchat/poll&drupalchat_last_timestamp=1475909232 HTTP/1.1" 200 741 "http://chatvip24.tk/?q=node/add/article" "Mozilla/5.0 (Windows NT 6.3; WOW64) AppleWebKit/537.36 (KHTML, like Gecko) Chrome/53.0.2785.143 Safari/537.36"
181.64.192.224 - - [08/Oct/2016:02:48:41 -0400] "GET /?q=drupalchat/poll&drupalchat_last_timestamp=1475909290 HTTP/1.1" 200 744 "http://chatvip24.tk/?q=user/1" "Mozilla/5.0 (X11; Ubuntu; Linux x86_64; rv:45.0) Gecko/20100101 Firefox/45.0"
181.64.192.224 - - [08/Oct/2016:02:48:42 -0400] "GET /?q=drupalchat/poll&drupalchat_last_timestamp=1475909290 HTTP/1.1" 200 744 "http://chatvip24.tk/?q=user/1" "Mozilla/5.0 (X11; Ubuntu; Linux x86_64; rv:45.0) Gecko/20100101 Firefox/45.0"
181.65.62.227 - - [08/Oct/2016:02:48:42 -0400] "GET /?q=drupalchat/poll&drupalchat_last_timestamp=1475909232 HTTP/1.1" 200 741 "http://chatvip24.tk/?q=node/add/article" "Mozilla/5.0 (Windows NT 6.3; WOW64) AppleWebKit/537.36 (KHTML, like Gecko) Chrome/53.0.2785.143 Safari/537.36"
181.64.192.224 - - [08/Oct/2016:02:48:44 -0400] "GET /?q=drupalchat/poll&drupalchat_last_timestamp=1475909290 HTTP/1.1" 200 744 "http://chatvip24.tk/?q=user/1" "Mozilla/5.0 (X11; Ubuntu; Linux x86_64; rv:45.0) Gecko/20100101 Firefox/45.0"
181.64.192.224 - - [08/Oct/2016:02:48:44 -0400] "GET /?q=drupalchat/poll&drupalchat_last_timestamp=1475909290 HTTP/1.1" 200 744 "http://chatvip24.tk/?q=user/1" "Mozilla/5.0 (X11; Ubuntu; Linux x86_64; rv:45.0) Gecko/20100101 Firefox/45.0"
181.65.62.227 - - [08/Oct/2016:02:48:44 -0400] "GET /?q=drupalchat/poll&drupalchat_last_timestamp=1475909232 HTTP/1.1" 200 741 "http://chatvip24.tk/?q=node/add/article" "Mozilla/5.0 (Windows NT 6.3; WOW64) AppleWebKit/537.36 (KHTML, like Gecko) Chrome/53.0.2785.143 Safari/537.36"
181.65.62.227 - - [08/Oct/2016:02:48:46 -0400] "GET /?q=drupalchat/poll&drupalchat_last_timestamp=1475909232 HTTP/1.1" 200 741 "http://chatvip24.tk/?q=node/add/article" "Mozilla/5.0 (Windows NT 6.3; WOW64) AppleWebKit/537.36 (KHTML, like Gecko) Chrome/53.0.2785.143 Safari/537.36"
181.64.192.224 - - [08/Oct/2016:02:48:46 -0400] "GET /?q=drupalchat/poll&drupalchat_last_timestamp=1475909290 HTTP/1.1" 200 744 "http://chatvip24.tk/?q=user/1" "Mozilla/5.0 (X11; Ubuntu; Linux x86_64; rv:45.0) Gecko/20100101 Firefox/45.0"
181.64.192.224 - - [08/Oct/2016:02:48:46 -0400] "GET /?q=drupalchat/poll&drupalchat_last_timestamp=1475909290 HTTP/1.1" 200 744 "http://chatvip24.tk/?q=user/1" "Mozilla/5.0 (X11; Ubuntu; Linux x86_64; rv:45.0) Gecko/20100101 Firefox/45.0"
181.65.62.227 - - [08/Oct/2016:02:48:48 -0400] "GET /?q=drupalchat/poll&drupalchat_last_timestamp=1475909232 HTTP/1.1" 200 741 "http://chatvip24.tk/?q=node/add/article" "Mozilla/5.0 (Windows NT 6.3; WOW64) AppleWebKit/537.36 (KHTML, like Gecko) Chrome/53.0.2785.143 Safari/537.36"
181.64.192.224 - - [08/Oct/2016:02:48:48 -0400] "GET /?q=drupalchat/poll&drupalchat_last_timestamp=1475909290 HTTP/1.1" 200 744 "http://chatvip24.tk/?q=user/1" "Mozilla/5.0 (X11; Ubuntu; Linux x86_64; rv:45.0) Gecko/20100101 Firefox/45.0"
181.64.192.224 - - [08/Oct/2016:02:48:48 -0400] "GET /?q=drupalchat/poll&drupalchat_last_timestamp=1475909290 HTTP/1.1" 200 744 "http://chatvip24.tk/?q=user/1" "Mozilla/5.0 (X11; Ubuntu; Linux x86_64; rv:45.0) Gecko/20100101 Firefox/45.0"
181.65.62.227 - - [08/Oct/2016:02:48:49 -0400] "GET /?q=drupalchat/poll&drupalchat_last_timestamp=1475909232 HTTP/1.1" 200 741 "http://chatvip24.tk/?q=node/add/article" "Mozilla/5.0 (Windows NT 6.3; WOW64) AppleWebKit/537.36 (KHTML, like Gecko) Chrome/53.0.2785.143 Safari/537.36"
181.64.192.224 - - [08/Oct/2016:02:48:50 -0400] "GET /?q=drupalchat/poll&drupalchat_last_timestamp=1475909290 HTTP/1.1" 200 744 "http://chatvip24.tk/?q=user/1" "Mozilla/5.0 (X11; Ubuntu; Linux x86_64; rv:45.0) Gecko/20100101 Firefox/45.0"
181.64.192.224 - - [08/Oct/2016:02:48:51 -0400] "GET /?q=drupalchat/poll&drupalchat_last_timestamp=1475909290 HTTP/1.1" 200 744 "http://chatvip24.tk/?q=user/1" "Mozilla/5.0 (X11; Ubuntu; Linux x86_64; rv:45.0) Gecko/20100101 Firefox/45.0"
181.65.62.227 - - [08/Oct/2016:02:48:51 -0400] "GET /?q=drupalchat/poll&drupalchat_last_timestamp=1475909232 HTTP/1.1" 200 741 "http://chatvip24.tk/?q=node/add/article" "Mozilla/5.0 (Windows NT 6.3; WOW64) AppleWebKit/537.36 (KHTML, like Gecko) Chrome/53.0.2785.143 Safari/537.36"
181.64.192.224 - - [08/Oct/2016:02:48:53 -0400] "GET /?q=drupalchat/poll&drupalchat_last_timestamp=1475909290 HTTP/1.1" 200 744 "http://chatvip24.tk/?q=user/1" "Mozilla/5.0 (X11; Ubuntu; Linux x86_64; rv:45.0) Gecko/20100101 Firefox/45.0"
181.65.62.227 - - [08/Oct/2016:02:48:53 -0400] "GET /?q=drupalchat/poll&drupalchat_last_timestamp=1475909232 HTTP/1.1" 200 741 "http://chatvip24.tk/?q=node/add/article" "Mozilla/5.0 (Windows NT 6.3; WOW64) AppleWebKit/537.36 (KHTML, like Gecko) Chrome/53.0.2785.143 Safari/537.36"
181.64.192.224 - - [08/Oct/2016:02:48:53 -0400] "GET /?q=drupalchat/poll&drupalchat_last_timestamp=1475909290 HTTP/1.1" 200 744 "http://chatvip24.tk/?q=user/1" "Mozilla/5.0 (X11; Ubuntu; Linux x86_64; rv:45.0) Gecko/20100101 Firefox/45.0"
181.65.62.227 - - [08/Oct/2016:02:48:55 -0400] "GET /?q=drupalchat/poll&drupalchat_last_timestamp=1475909232 HTTP/1.1" 200 741 "http://chatvip24.tk/?q=node/add/article" "Mozilla/5.0 (Windows NT 6.3; WOW64) AppleWebKit/537.36 (KHTML, like Gecko) Chrome/53.0.2785.143 Safari/537.36"
181.64.192.224 - - [08/Oct/2016:02:48:55 -0400] "GET /?q=drupalchat/poll&drupalchat_last_timestamp=1475909290 HTTP/1.1" 200 744 "http://chatvip24.tk/?q=user/1" "Mozilla/5.0 (X11; Ubuntu; Linux x86_64; rv:45.0) Gecko/20100101 Firefox/45.0"
181.64.192.224 - - [08/Oct/2016:02:48:55 -0400] "GET /?q=drupalchat/poll&drupalchat_last_timestamp=1475909290 HTTP/1.1" 200 744 "http://chatvip24.tk/?q=user/1" "Mozilla/5.0 (X11; Ubuntu; Linux x86_64; rv:45.0) Gecko/20100101 Firefox/45.0"
181.65.62.227 - - [08/Oct/2016:02:48:56 -0400] "GET /?q=drupalchat/poll&drupalchat_last_timestamp=1475909232 HTTP/1.1" 200 741 "http://chatvip24.tk/?q=node/add/article" "Mozilla/5.0 (Windows NT 6.3; WOW64) AppleWebKit/537.36 (KHTML, like Gecko) Chrome/53.0.2785.143 Safari/537.36"
181.64.192.224 - - [08/Oct/2016:02:48:57 -0400] "GET /?q=drupalchat/poll&drupalchat_last_timestamp=1475909290 HTTP/1.1" 200 744 "http://chatvip24.tk/?q=user/1" "Mozilla/5.0 (X11; Ubuntu; Linux x86_64; rv:45.0) Gecko/20100101 Firefox/45.0"
181.64.192.224 - - [08/Oct/2016:02:48:57 -0400] "GET /?q=drupalchat/poll&drupalchat_last_timestamp=1475909290 HTTP/1.1" 200 744 "http://chatvip24.tk/?q=user/1" "Mozilla/5.0 (X11; Ubuntu; Linux x86_64; rv:45.0) Gecko/20100101 Firefox/45.0"
181.64.192.224 - - [08/Oct/2016:02:48:59 -0400] "GET /?q=drupalchat/poll&drupalchat_last_timestamp=1475909290 HTTP/1.1" 200 608 "http://chatvip24.tk/?q=user/1" "Mozilla/5.0 (X11; Ubuntu; Linux x86_64; rv:45.0) Gecko/20100101 Firefox/45.0"
181.64.192.224 - - [08/Oct/2016:02:48:59 -0400] "GET /?q=drupalchat/poll&drupalchat_last_timestamp=1475909290 HTTP/1.1" 200 608 "http://chatvip24.tk/?q=user/1" "Mozilla/5.0 (X11; Ubuntu; Linux x86_64; rv:45.0) Gecko/20100101 Firefox/45.0"
181.65.62.227 - - [08/Oct/2016:02:49:00 -0400] "GET /?q=drupalchat/poll&drupalchat_last_timestamp=1475909232 HTTP/1.1" 200 741 "http://chatvip24.tk/?q=node/add/article" "Mozilla/5.0 (Windows NT 6.3; WOW64) AppleWebKit/537.36 (KHTML, like Gecko) Chrome/53.0.2785.143 Safari/537.36"
181.65.62.227 - - [08/Oct/2016:02:49:01 -0400] "GET /?q=drupalchat/poll&drupalchat_last_timestamp=1475909232 HTTP/1.1" 200 741 "http://chatvip24.tk/?q=node/add/article" "Mozilla/5.0 (Windows NT 6.3; WOW64) AppleWebKit/537.36 (KHTML, like Gecko) Chrome/53.0.2785.143 Safari/537.36"
181.64.192.224 - - [08/Oct/2016:02:49:01 -0400] "GET /?q=drupalchat/poll&drupalchat_last_timestamp=1475909290 HTTP/1.1" 200 744 "http://chatvip24.tk/?q=user/1" "Mozilla/5.0 (X11; Ubuntu; Linux x86_64; rv:45.0) Gecko/20100101 Firefox/45.0"
181.64.192.224 - - [08/Oct/2016:02:49:02 -0400] "GET /?q=drupalchat/poll&drupalchat_last_timestamp=1475909290 HTTP/1.1" 200 744 "http://chatvip24.tk/?q=user/1" "Mozilla/5.0 (X11; Ubuntu; Linux x86_64; rv:45.0) Gecko/20100101 Firefox/45.0"
181.65.62.227 - - [08/Oct/2016:02:49:03 -0400] "GET /?q=drupalchat/poll&drupalchat_last_timestamp=1475909232 HTTP/1.1" 200 741 "http://chatvip24.tk/?q=node/add/article" "Mozilla/5.0 (Windows NT 6.3; WOW64) AppleWebKit/537.36 (KHTML, like Gecko) Chrome/53.0.2785.143 Safari/537.36"
181.64.192.224 - - [08/Oct/2016:02:49:04 -0400] "GET /?q=drupalchat/poll&drupalchat_last_timestamp=1475909290 HTTP/1.1" 200 744 "http://chatvip24.tk/?q=user/1" "Mozilla/5.0 (X11; Ubuntu; Linux x86_64; rv:45.0) Gecko/20100101 Firefox/45.0"
181.64.192.224 - - [08/Oct/2016:02:49:04 -0400] "GET /?q=drupalchat/poll&drupalchat_last_timestamp=1475909290 HTTP/1.1" 200 744 "http://chatvip24.tk/?q=user/1" "Mozilla/5.0 (X11; Ubuntu; Linux x86_64; rv:45.0) Gecko/20100101 Firefox/45.0"
181.65.62.227 - - [08/Oct/2016:02:49:04 -0400] "GET /?q=drupalchat/poll&drupalchat_last_timestamp=1475909232 HTTP/1.1" 200 741 "http://chatvip24.tk/?q=node/add/article" "Mozilla/5.0 (Windows NT 6.3; WOW64) AppleWebKit/537.36 (KHTML, like Gecko) Chrome/53.0.2785.143 Safari/537.36"
181.64.192.224 - - [08/Oct/2016:02:49:06 -0400] "GET /?q=drupalchat/poll&drupalchat_last_timestamp=1475909290 HTTP/1.1" 200 744 "http://chatvip24.tk/?q=user/1" "Mozilla/5.0 (X11; Ubuntu; Linux x86_64; rv:45.0) Gecko/20100101 Firefox/45.0"
181.64.192.224 - - [08/Oct/2016:02:49:06 -0400] "GET /?q=drupalchat/poll&drupalchat_last_timestamp=1475909290 HTTP/1.1" 200 744 "http://chatvip24.tk/?q=user/1" "Mozilla/5.0 (X11; Ubuntu; Linux x86_64; rv:45.0) Gecko/20100101 Firefox/45.0"
181.65.62.227 - - [08/Oct/2016:02:49:06 -0400] "GET /?q=drupalchat/poll&drupalchat_last_timestamp=1475909232 HTTP/1.1" 200 741 "http://chatvip24.tk/?q=node/add/article" "Mozilla/5.0 (Windows NT 6.3; WOW64) AppleWebKit/537.36 (KHTML, like Gecko) Chrome/53.0.2785.143 Safari/537.36"
181.64.192.224 - - [08/Oct/2016:02:49:08 -0400] "GET /?q=admin%2Fpeople&render=overlay HTTP/1.1" 200 5657 "http://chatvip24.tk/?q=user/1" "Mozilla/5.0 (X11; Ubuntu; Linux x86_64; rv:45.0) Gecko/20100101 Firefox/45.0"
181.65.62.227 - - [08/Oct/2016:02:49:08 -0400] "GET /?q=drupalchat/poll&drupalchat_last_timestamp=1475909232 HTTP/1.1" 200 741 "http://chatvip24.tk/?q=node/add/article" "Mozilla/5.0 (Windows NT 6.3; WOW64) AppleWebKit/537.36 (KHTML, like Gecko) Chrome/53.0.2785.143 Safari/537.36"
181.64.192.224 - - [08/Oct/2016:02:49:08 -0400] "GET /?q=drupalchat/poll&drupalchat_last_timestamp=1475909290 HTTP/1.1" 200 744 "http://chatvip24.tk/?q=user/1" "Mozilla/5.0 (X11; Ubuntu; Linux x86_64; rv:45.0) Gecko/20100101 Firefox/45.0"
181.64.192.224 - - [08/Oct/2016:02:49:08 -0400] "POST /?q=drupalchat/thread-history HTTP/1.1" 200 3008 "http://chatvip24.tk/?q=admin%2Fpeople&render=overlay" "Mozilla/5.0 (X11; Ubuntu; Linux x86_64; rv:45.0) Gecko/20100101 Firefox/45.0"
181.64.192.224 - - [08/Oct/2016:02:49:08 -0400] "GET /?q=drupalchat/poll&drupalchat_last_timestamp=1475909290 HTTP/1.1" 200 744 "http://chatvip24.tk/?q=user/1" "Mozilla/5.0 (X11; Ubuntu; Linux x86_64; rv:45.0) Gecko/20100101 Firefox/45.0"
181.65.62.227 - - [08/Oct/2016:02:49:10 -0400] "GET /?q=drupalchat/poll&drupalchat_last_timestamp=1475909232 HTTP/1.1" 200 741 "http://chatvip24.tk/?q=node/add/article" "Mozilla/5.0 (Windows NT 6.3; WOW64) AppleWebKit/537.36 (KHTML, like Gecko) Chrome/53.0.2785.143 Safari/537.36"
181.64.192.224 - - [08/Oct/2016:02:49:10 -0400] "GET /?q=drupalchat/poll&drupalchat_last_timestamp=1475909290 HTTP/1.1" 200 744 "http://chatvip24.tk/?q=user/1" "Mozilla/5.0 (X11; Ubuntu; Linux x86_64; rv:45.0) Gecko/20100101 Firefox/45.0"
181.64.192.224 - - [08/Oct/2016:02:49:10 -0400] "GET /?q=drupalchat/poll&drupalchat_last_timestamp=1475909290 HTTP/1.1" 200 744 "http://chatvip24.tk/?q=user/1" "Mozilla/5.0 (X11; Ubuntu; Linux x86_64; rv:45.0) Gecko/20100101 Firefox/45.0"
181.64.192.224 - - [08/Oct/2016:02:49:11 -0400] "GET /?q=drupalchat/poll&drupalchat_last_timestamp=0 HTTP/1.1" 200 742 "http://chatvip24.tk/?q=admin%2Fpeople&render=overlay" "Mozilla/5.0 (X11; Ubuntu; Linux x86_64; rv:45.0) Gecko/20100101 Firefox/45.0"
181.64.192.224 - - [08/Oct/2016:02:49:11 -0400] "GET /?q=user/2 HTTP/1.1" 200 5486 "http://chatvip24.tk/?q=admin%2Fpeople&render=overlay" "Mozilla/5.0 (X11; Ubuntu; Linux x86_64; rv:45.0) Gecko/20100101 Firefox/45.0"
181.64.192.224 - - [08/Oct/2016:02:49:11 -0400] "POST /?q=drupalchat/thread-history HTTP/1.1" 200 3007 "http://chatvip24.tk/?q=user/2" "Mozilla/5.0 (X11; Ubuntu; Linux x86_64; rv:45.0) Gecko/20100101 Firefox/45.0"
181.65.62.227 - - [08/Oct/2016:02:49:11 -0400] "GET /?q=drupalchat/poll&drupalchat_last_timestamp=1475909232 HTTP/1.1" 200 741 "http://chatvip24.tk/?q=node/add/article" "Mozilla/5.0 (Windows NT 6.3; WOW64) AppleWebKit/537.36 (KHTML, like Gecko) Chrome/53.0.2785.143 Safari/537.36"
181.65.62.227 - - [08/Oct/2016:02:49:13 -0400] "GET /?q=drupalchat/poll&drupalchat_last_timestamp=1475909232 HTTP/1.1" 200 741 "http://chatvip24.tk/?q=node/add/article" "Mozilla/5.0 (Windows NT 6.3; WOW64) AppleWebKit/537.36 (KHTML, like Gecko) Chrome/53.0.2785.143 Safari/537.36"
181.64.192.224 - - [08/Oct/2016:02:49:13 -0400] "GET /?q=user%2F2%2Fedit&render=overlay HTTP/1.1" 200 10144 "http://chatvip24.tk/?q=user/2" "Mozilla/5.0 (X11; Ubuntu; Linux x86_64; rv:45.0) Gecko/20100101 Firefox/45.0"
181.64.192.224 - - [08/Oct/2016:02:49:13 -0400] "POST /?q=drupalchat/thread-history HTTP/1.1" 200 3007 "http://chatvip24.tk/?q=user%2F2%2Fedit&render=overlay" "Mozilla/5.0 (X11; Ubuntu; Linux x86_64; rv:45.0) Gecko/20100101 Firefox/45.0"
181.64.192.224 - - [08/Oct/2016:02:49:13 -0400] "GET /?q=drupalchat/poll&drupalchat_last_timestamp=0 HTTP/1.1" 200 742 "http://chatvip24.tk/?q=user/2" "Mozilla/5.0 (X11; Ubuntu; Linux x86_64; rv:45.0) Gecko/20100101 Firefox/45.0"
181.64.192.224 - - [08/Oct/2016:02:49:14 -0400] "GET /?q=drupalchat/poll&drupalchat_last_timestamp=1475909353 HTTP/1.1" 200 744 "http://chatvip24.tk/?q=user/2" "Mozilla/5.0 (X11; Ubuntu; Linux x86_64; rv:45.0) Gecko/20100101 Firefox/45.0"
181.65.62.227 - - [08/Oct/2016:02:49:14 -0400] "GET / HTTP/1.1" 200 4735 "-" "Mozilla/5.0 (Windows NT 6.3; WOW64) AppleWebKit/537.36 (KHTML, like Gecko) Chrome/53.0.2785.143 Safari/537.36"
181.64.192.224 - - [08/Oct/2016:02:49:16 -0400] "GET /?q=drupalchat/poll&drupalchat_last_timestamp=1475909353 HTTP/1.1" 200 744 "http://chatvip24.tk/?q=user/2" "Mozilla/5.0 (X11; Ubuntu; Linux x86_64; rv:45.0) Gecko/20100101 Firefox/45.0"
181.64.192.224 - - [08/Oct/2016:02:49:16 -0400] "GET /?q=drupalchat/poll&drupalchat_last_timestamp=0 HTTP/1.1" 200 742 "http://chatvip24.tk/?q=user%2F2%2Fedit&render=overlay" "Mozilla/5.0 (X11; Ubuntu; Linux x86_64; rv:45.0) Gecko/20100101 Firefox/45.0"
181.64.192.224 - - [08/Oct/2016:02:49:16 -0400] "GET /?q=drupalchat/poll&drupalchat_last_timestamp=1475909353 HTTP/1.1" 200 744 "http://chatvip24.tk/?q=user/2" "Mozilla/5.0 (X11; Ubuntu; Linux x86_64; rv:45.0) Gecko/20100101 Firefox/45.0"
181.65.62.227 - - [08/Oct/2016:02:49:18 -0400] "POST /?q=drupalchat/thread-history HTTP/1.1" 200 375 "http://chatvip24.tk/" "Mozilla/5.0 (Windows NT 6.3; WOW64) AppleWebKit/537.36 (KHTML, like Gecko) Chrome/53.0.2785.143 Safari/537.36"
181.65.62.227 - - [08/Oct/2016:02:49:18 -0400] "GET /?q=drupalchat/poll&drupalchat_last_timestamp=1475909232 HTTP/1.1" 200 742 "http://chatvip24.tk/?q=node/add/article" "Mozilla/5.0 (Windows NT 6.3; WOW64) AppleWebKit/537.36 (KHTML, like Gecko) Chrome/53.0.2785.143 Safari/537.36"
181.64.192.224 - - [08/Oct/2016:02:49:18 -0400] "GET /?q=drupalchat/poll&drupalchat_last_timestamp=1475909353 HTTP/1.1" 200 744 "http://chatvip24.tk/?q=user/2" "Mozilla/5.0 (X11; Ubuntu; Linux x86_64; rv:45.0) Gecko/20100101 Firefox/45.0"
181.64.192.224 - - [08/Oct/2016:02:49:18 -0400] "GET /?q=drupalchat/poll&drupalchat_last_timestamp=1475909356 HTTP/1.1" 200 744 "http://chatvip24.tk/?q=user%2F2%2Fedit&render=overlay" "Mozilla/5.0 (X11; Ubuntu; Linux x86_64; rv:45.0) Gecko/20100101 Firefox/45.0"
181.64.192.224 - - [08/Oct/2016:02:49:18 -0400] "GET /?q=drupalchat/poll&drupalchat_last_timestamp=1475909353 HTTP/1.1" 200 744 "http://chatvip24.tk/?q=user/2" "Mozilla/5.0 (X11; Ubuntu; Linux x86_64; rv:45.0) Gecko/20100101 Firefox/45.0"
181.65.62.227 - - [08/Oct/2016:02:49:19 -0400] "GET /?q=drupalchat/poll&drupalchat_last_timestamp=1475909232 HTTP/1.1" 200 741 "http://chatvip24.tk/?q=node/add/article" "Mozilla/5.0 (Windows NT 6.3; WOW64) AppleWebKit/537.36 (KHTML, like Gecko) Chrome/53.0.2785.143 Safari/537.36"
181.65.62.227 - - [08/Oct/2016:02:49:20 -0400] "GET /?q=drupalchat/poll&drupalchat_last_timestamp=0 HTTP/1.1" 200 739 "http://chatvip24.tk/" "Mozilla/5.0 (Windows NT 6.3; WOW64) AppleWebKit/537.36 (KHTML, like Gecko) Chrome/53.0.2785.143 Safari/537.36"
181.64.192.224 - - [08/Oct/2016:02:49:20 -0400] "GET /?q=drupalchat/poll&drupalchat_last_timestamp=1475909353 HTTP/1.1" 200 744 "http://chatvip24.tk/?q=user/2" "Mozilla/5.0 (X11; Ubuntu; Linux x86_64; rv:45.0) Gecko/20100101 Firefox/45.0"
181.64.192.224 - - [08/Oct/2016:02:49:20 -0400] "GET /?q=drupalchat/poll&drupalchat_last_timestamp=1475909356 HTTP/1.1" 200 744 "http://chatvip24.tk/?q=user%2F2%2Fedit&render=overlay" "Mozilla/5.0 (X11; Ubuntu; Linux x86_64; rv:45.0) Gecko/20100101 Firefox/45.0"
181.64.192.224 - - [08/Oct/2016:02:49:20 -0400] "GET /?q=drupalchat/poll&drupalchat_last_timestamp=1475909353 HTTP/1.1" 200 744 "http://chatvip24.tk/?q=user/2" "Mozilla/5.0 (X11; Ubuntu; Linux x86_64; rv:45.0) Gecko/20100101 Firefox/45.0"
181.65.62.227 - - [08/Oct/2016:02:49:21 -0400] "GET /?q=drupalchat/poll&drupalchat_last_timestamp=0 HTTP/1.1" 200 739 "http://chatvip24.tk/" "Mozilla/5.0 (Windows NT 6.3; WOW64) AppleWebKit/537.36 (KHTML, like Gecko) Chrome/53.0.2785.143 Safari/537.36"
181.65.62.227 - - [08/Oct/2016:02:49:22 -0400] "GET /?q=drupalchat/poll&drupalchat_last_timestamp=1475909232 HTTP/1.1" 200 741 "http://chatvip24.tk/?q=node/add/article" "Mozilla/5.0 (Windows NT 6.3; WOW64) AppleWebKit/537.36 (KHTML, like Gecko) Chrome/53.0.2785.143 Safari/537.36"
181.64.192.224 - - [08/Oct/2016:02:49:22 -0400] "GET /?q=drupalchat/poll&drupalchat_last_timestamp=1475909353 HTTP/1.1" 200 744 "http://chatvip24.tk/?q=user/2" "Mozilla/5.0 (X11; Ubuntu; Linux x86_64; rv:45.0) Gecko/20100101 Firefox/45.0"
181.64.192.224 - - [08/Oct/2016:02:49:22 -0400] "GET /?q=drupalchat/poll&drupalchat_last_timestamp=1475909356 HTTP/1.1" 200 744 "http://chatvip24.tk/?q=user%2F2%2Fedit&render=overlay" "Mozilla/5.0 (X11; Ubuntu; Linux x86_64; rv:45.0) Gecko/20100101 Firefox/45.0"
181.64.192.224 - - [08/Oct/2016:02:49:23 -0400] "GET /?q=drupalchat/poll&drupalchat_last_timestamp=1475909353 HTTP/1.1" 200 744 "http://chatvip24.tk/?q=user/2" "Mozilla/5.0 (X11; Ubuntu; Linux x86_64; rv:45.0) Gecko/20100101 Firefox/45.0"
181.65.62.227 - - [08/Oct/2016:02:49:23 -0400] "GET /?q=drupalchat/poll&drupalchat_last_timestamp=1475909232 HTTP/1.1" 200 741 "http://chatvip24.tk/?q=node/add/article" "Mozilla/5.0 (Windows NT 6.3; WOW64) AppleWebKit/537.36 (KHTML, like Gecko) Chrome/53.0.2785.143 Safari/537.36"
181.65.62.227 - - [08/Oct/2016:02:49:23 -0400] "GET /?q=drupalchat/poll&drupalchat_last_timestamp=1475909361 HTTP/1.1" 200 741 "http://chatvip24.tk/" "Mozilla/5.0 (Windows NT 6.3; WOW64) AppleWebKit/537.36 (KHTML, like Gecko) Chrome/53.0.2785.143 Safari/537.36"
181.64.192.224 - - [08/Oct/2016:02:49:24 -0400] "GET /?q=drupalchat/poll&drupalchat_last_timestamp=1475909353 HTTP/1.1" 200 744 "http://chatvip24.tk/?q=user/2" "Mozilla/5.0 (X11; Ubuntu; Linux x86_64; rv:45.0) Gecko/20100101 Firefox/45.0"
181.64.192.224 - - [08/Oct/2016:02:49:24 -0400] "GET /?q=drupalchat/poll&drupalchat_last_timestamp=1475909356 HTTP/1.1" 200 744 "http://chatvip24.tk/?q=user%2F2%2Fedit&render=overlay" "Mozilla/5.0 (X11; Ubuntu; Linux x86_64; rv:45.0) Gecko/20100101 Firefox/45.0"
181.65.62.227 - - [08/Oct/2016:02:49:25 -0400] "GET /?q=drupalchat/poll&drupalchat_last_timestamp=1475909361 HTTP/1.1" 200 741 "http://chatvip24.tk/" "Mozilla/5.0 (Windows NT 6.3; WOW64) AppleWebKit/537.36 (KHTML, like Gecko) Chrome/53.0.2785.143 Safari/537.36"
181.64.192.224 - - [08/Oct/2016:02:49:25 -0400] "GET /?q=drupalchat/poll&drupalchat_last_timestamp=1475909353 HTTP/1.1" 200 744 "http://chatvip24.tk/?q=user/2" "Mozilla/5.0 (X11; Ubuntu; Linux x86_64; rv:45.0) Gecko/20100101 Firefox/45.0"
181.65.62.227 - - [08/Oct/2016:02:49:26 -0400] "GET /?q=drupalchat/poll&drupalchat_last_timestamp=1475909232 HTTP/1.1" 200 741 "http://chatvip24.tk/?q=node/add/article" "Mozilla/5.0 (Windows NT 6.3; WOW64) AppleWebKit/537.36 (KHTML, like Gecko) Chrome/53.0.2785.143 Safari/537.36"
181.65.62.227 - - [08/Oct/2016:02:49:26 -0400] "GET /?q=drupalchat/poll&drupalchat_last_timestamp=1475909361 HTTP/1.1" 200 741 "http://chatvip24.tk/" "Mozilla/5.0 (Windows NT 6.3; WOW64) AppleWebKit/537.36 (KHTML, like Gecko) Chrome/53.0.2785.143 Safari/537.36"
181.64.192.224 - - [08/Oct/2016:02:49:27 -0400] "GET /?q=drupalchat/poll&drupalchat_last_timestamp=1475909353 HTTP/1.1" 200 744 "http://chatvip24.tk/?q=user/2" "Mozilla/5.0 (X11; Ubuntu; Linux x86_64; rv:45.0) Gecko/20100101 Firefox/45.0"
181.64.192.224 - - [08/Oct/2016:02:49:27 -0400] "GET /?q=drupalchat/poll&drupalchat_last_timestamp=1475909356 HTTP/1.1" 200 744 "http://chatvip24.tk/?q=user%2F2%2Fedit&render=overlay" "Mozilla/5.0 (X11; Ubuntu; Linux x86_64; rv:45.0) Gecko/20100101 Firefox/45.0"
181.64.192.224 - - [08/Oct/2016:02:49:27 -0400] "GET /?q=drupalchat/poll&drupalchat_last_timestamp=1475909353 HTTP/1.1" 200 744 "http://chatvip24.tk/?q=user/2" "Mozilla/5.0 (X11; Ubuntu; Linux x86_64; rv:45.0) Gecko/20100101 Firefox/45.0"
181.65.62.227 - - [08/Oct/2016:02:49:27 -0400] "GET /?q=drupalchat/poll&drupalchat_last_timestamp=1475909232 HTTP/1.1" 200 741 "http://chatvip24.tk/?q=node/add/article" "Mozilla/5.0 (Windows NT 6.3; WOW64) AppleWebKit/537.36 (KHTML, like Gecko) Chrome/53.0.2785.143 Safari/537.36"
181.64.192.224 - - [08/Oct/2016:02:49:29 -0400] "GET /?q=drupalchat/poll&drupalchat_last_timestamp=1475909353 HTTP/1.1" 200 744 "http://chatvip24.tk/?q=user/2" "Mozilla/5.0 (X11; Ubuntu; Linux x86_64; rv:45.0) Gecko/20100101 Firefox/45.0"
181.64.192.224 - - [08/Oct/2016:02:49:29 -0400] "GET /?q=drupalchat/poll&drupalchat_last_timestamp=1475909356 HTTP/1.1" 200 744 "http://chatvip24.tk/?q=user%2F2%2Fedit&render=overlay" "Mozilla/5.0 (X11; Ubuntu; Linux x86_64; rv:45.0) Gecko/20100101 Firefox/45.0"
181.64.192.224 - - [08/Oct/2016:02:49:29 -0400] "GET /?q=drupalchat/poll&drupalchat_last_timestamp=1475909353 HTTP/1.1" 200 744 "http://chatvip24.tk/?q=user/2" "Mozilla/5.0 (X11; Ubuntu; Linux x86_64; rv:45.0) Gecko/20100101 Firefox/45.0"
181.65.62.227 - - [08/Oct/2016:02:49:30 -0400] "GET /?q=drupalchat/poll&drupalchat_last_timestamp=1475909232 HTTP/1.1" 200 741 "http://chatvip24.tk/?q=node/add/article" "Mozilla/5.0 (Windows NT 6.3; WOW64) AppleWebKit/537.36 (KHTML, like Gecko) Chrome/53.0.2785.143 Safari/537.36"
181.65.62.227 - - [08/Oct/2016:02:49:30 -0400] "GET /?q=drupalchat/poll&drupalchat_last_timestamp=1475909361 HTTP/1.1" 200 741 "http://chatvip24.tk/" "Mozilla/5.0 (Windows NT 6.3; WOW64) AppleWebKit/537.36 (KHTML, like Gecko) Chrome/53.0.2785.143 Safari/537.36"
181.64.192.224 - - [08/Oct/2016:02:49:31 -0400] "GET /?q=drupalchat/poll&drupalchat_last_timestamp=1475909353 HTTP/1.1" 200 744 "http://chatvip24.tk/?q=user/2" "Mozilla/5.0 (X11; Ubuntu; Linux x86_64; rv:45.0) Gecko/20100101 Firefox/45.0"
181.64.192.224 - - [08/Oct/2016:02:49:31 -0400] "GET /?q=drupalchat/poll&drupalchat_last_timestamp=1475909356 HTTP/1.1" 200 744 "http://chatvip24.tk/?q=user%2F2%2Fedit&render=overlay" "Mozilla/5.0 (X11; Ubuntu; Linux x86_64; rv:45.0) Gecko/20100101 Firefox/45.0"
181.65.62.227 - - [08/Oct/2016:02:49:31 -0400] "GET /?q=drupalchat/poll&drupalchat_last_timestamp=1475909232 HTTP/1.1" 200 741 "http://chatvip24.tk/?q=node/add/article" "Mozilla/5.0 (Windows NT 6.3; WOW64) AppleWebKit/537.36 (KHTML, like Gecko) Chrome/53.0.2785.143 Safari/537.36"
181.64.192.224 - - [08/Oct/2016:02:49:31 -0400] "GET /?q=drupalchat/poll&drupalchat_last_timestamp=1475909353 HTTP/1.1" 200 744 "http://chatvip24.tk/?q=user/2" "Mozilla/5.0 (X11; Ubuntu; Linux x86_64; rv:45.0) Gecko/20100101 Firefox/45.0"
181.65.62.227 - - [08/Oct/2016:02:49:32 -0400] "GET /?q=drupalchat/poll&drupalchat_last_timestamp=1475909361 HTTP/1.1" 200 741 "http://chatvip24.tk/" "Mozilla/5.0 (Windows NT 6.3; WOW64) AppleWebKit/537.36 (KHTML, like Gecko) Chrome/53.0.2785.143 Safari/537.36"
181.64.192.224 - - [08/Oct/2016:02:49:33 -0400] "GET /?q=drupalchat/poll&drupalchat_last_timestamp=1475909353 HTTP/1.1" 200 744 "http://chatvip24.tk/?q=user/2" "Mozilla/5.0 (X11; Ubuntu; Linux x86_64; rv:45.0) Gecko/20100101 Firefox/45.0"
181.64.192.224 - - [08/Oct/2016:02:49:33 -0400] "GET /?q=drupalchat/poll&drupalchat_last_timestamp=1475909356 HTTP/1.1" 200 744 "http://chatvip24.tk/?q=user%2F2%2Fedit&render=overlay" "Mozilla/5.0 (X11; Ubuntu; Linux x86_64; rv:45.0) Gecko/20100101 Firefox/45.0"
181.65.62.227 - - [08/Oct/2016:02:49:34 -0400] "GET /?q=drupalchat/poll&drupalchat_last_timestamp=1475909361 HTTP/1.1" 200 741 "http://chatvip24.tk/" "Mozilla/5.0 (Windows NT 6.3; WOW64) AppleWebKit/537.36 (KHTML, like Gecko) Chrome/53.0.2785.143 Safari/537.36"
181.64.192.224 - - [08/Oct/2016:02:49:34 -0400] "GET /?q=drupalchat/poll&drupalchat_last_timestamp=1475909353 HTTP/1.1" 200 744 "http://chatvip24.tk/?q=user/2" "Mozilla/5.0 (X11; Ubuntu; Linux x86_64; rv:45.0) Gecko/20100101 Firefox/45.0"
181.65.62.227 - - [08/Oct/2016:02:49:34 -0400] "GET /?q=drupalchat/poll&drupalchat_last_timestamp=1475909232 HTTP/1.1" 200 741 "http://chatvip24.tk/?q=node/add/article" "Mozilla/5.0 (Windows NT 6.3; WOW64) AppleWebKit/537.36 (KHTML, like Gecko) Chrome/53.0.2785.143 Safari/537.36"
181.64.192.224 - - [08/Oct/2016:02:49:34 -0400] "POST /?q=user%2F2%2Fedit&render=overlay&render=overlay HTTP/1.1" 302 380 "http://chatvip24.tk/?q=user%2F2%2Fedit&render=overlay" "Mozilla/5.0 (X11; Ubuntu; Linux x86_64; rv:45.0) Gecko/20100101 Firefox/45.0"
181.64.192.224 - - [08/Oct/2016:02:49:35 -0400] "GET /?q=user/2/edit&render=overlay HTTP/1.1" 200 10513 "http://chatvip24.tk/?q=user%2F2%2Fedit&render=overlay" "Mozilla/5.0 (X11; Ubuntu; Linux x86_64; rv:45.0) Gecko/20100101 Firefox/45.0"
181.65.62.227 - - [08/Oct/2016:02:49:35 -0400] "GET /?q=drupalchat/poll&drupalchat_last_timestamp=1475909361 HTTP/1.1" 200 741 "http://chatvip24.tk/" "Mozilla/5.0 (Windows NT 6.3; WOW64) AppleWebKit/537.36 (KHTML, like Gecko) Chrome/53.0.2785.143 Safari/537.36"
181.64.192.224 - - [08/Oct/2016:02:49:35 -0400] "GET /?q=system/temporary/styles/thumbnail/temporary/meme.jpg&itok=eXeWzE7p HTTP/1.1" 404 20274 "http://chatvip24.tk/?q=user/2/edit&render=overlay" "Mozilla/5.0 (X11; Ubuntu; Linux x86_64; rv:45.0) Gecko/20100101 Firefox/45.0"
181.64.192.224 - - [08/Oct/2016:02:49:36 -0400] "GET /?q=drupalchat/poll&drupalchat_last_timestamp=1475909353 HTTP/1.1" 200 753 "http://chatvip24.tk/?q=user/2" "Mozilla/5.0 (X11; Ubuntu; Linux x86_64; rv:45.0) Gecko/20100101 Firefox/45.0"
181.65.62.227 - - [08/Oct/2016:02:49:36 -0400] "GET /?q=drupalchat/poll&drupalchat_last_timestamp=1475909232 HTTP/1.1" 200 742 "http://chatvip24.tk/?q=node/add/article" "Mozilla/5.0 (Windows NT 6.3; WOW64) AppleWebKit/537.36 (KHTML, like Gecko) Chrome/53.0.2785.143 Safari/537.36"
181.64.192.224 - - [08/Oct/2016:02:49:36 -0400] "POST /?q=drupalchat/thread-history HTTP/1.1" 200 3115 "http://chatvip24.tk/?q=user/2/edit&render=overlay" "Mozilla/5.0 (X11; Ubuntu; Linux x86_64; rv:45.0) Gecko/20100101 Firefox/45.0"
181.64.192.224 - - [08/Oct/2016:02:49:36 -0400] "GET /?q=system/temporary/styles/thumbnail/temporary/meme.jpg&itok=eXeWzE7p HTTP/1.1" 404 20275 "http://chatvip24.tk/?q=user/2" "Mozilla/5.0 (X11; Ubuntu; Linux x86_64; rv:45.0) Gecko/20100101 Firefox/45.0"
181.64.192.224 - - [08/Oct/2016:02:49:36 -0400] "GET /?q=drupalchat/poll&drupalchat_last_timestamp=1475909353 HTTP/1.1" 200 754 "http://chatvip24.tk/?q=user/2" "Mozilla/5.0 (X11; Ubuntu; Linux x86_64; rv:45.0) Gecko/20100101 Firefox/45.0"
181.64.192.224 - - [08/Oct/2016:02:49:36 -0400] "GET /?q=system/temporary/styles/thumbnail/temporary/meme.jpg&itok=eXeWzE7p HTTP/1.1" 404 20274 "http://chatvip24.tk/?q=user/2" "Mozilla/5.0 (X11; Ubuntu; Linux x86_64; rv:45.0) Gecko/20100101 Firefox/45.0"
181.65.62.227 - - [08/Oct/2016:02:49:37 -0400] "GET /?q=node/1 HTTP/1.1" 200 5186 "http://chatvip24.tk/" "Mozilla/5.0 (Windows NT 6.3; WOW64) AppleWebKit/537.36 (KHTML, like Gecko) Chrome/53.0.2785.143 Safari/537.36"
181.64.192.224 - - [08/Oct/2016:02:49:38 -0400] "GET /?q=drupalchat/poll&drupalchat_last_timestamp=1475909353 HTTP/1.1" 200 753 "http://chatvip24.tk/?q=user/2" "Mozilla/5.0 (X11; Ubuntu; Linux x86_64; rv:45.0) Gecko/20100101 Firefox/45.0"
181.65.62.227 - - [08/Oct/2016:02:49:38 -0400] "GET /?q=drupalchat/poll&drupalchat_last_timestamp=1475909232 HTTP/1.1" 200 741 "http://chatvip24.tk/?q=node/add/article" "Mozilla/5.0 (Windows NT 6.3; WOW64) AppleWebKit/537.36 (KHTML, like Gecko) Chrome/53.0.2785.143 Safari/537.36"
181.64.192.224 - - [08/Oct/2016:02:49:38 -0400] "GET /?q=drupalchat/poll&drupalchat_last_timestamp=1475909353 HTTP/1.1" 200 754 "http://chatvip24.tk/?q=user/2" "Mozilla/5.0 (X11; Ubuntu; Linux x86_64; rv:45.0) Gecko/20100101 Firefox/45.0"
181.64.192.224 - - [08/Oct/2016:02:49:38 -0400] "GET /?q=system/temporary/styles/thumbnail/temporary/meme.jpg&itok=eXeWzE7p HTTP/1.1" 404 20274 "http://chatvip24.tk/?q=user/2" "Mozilla/5.0 (X11; Ubuntu; Linux x86_64; rv:45.0) Gecko/20100101 Firefox/45.0"
181.64.192.224 - - [08/Oct/2016:02:49:38 -0400] "GET /?q=drupalchat/poll&drupalchat_last_timestamp=0 HTTP/1.1" 200 752 "http://chatvip24.tk/?q=user/2/edit&render=overlay" "Mozilla/5.0 (X11; Ubuntu; Linux x86_64; rv:45.0) Gecko/20100101 Firefox/45.0"
181.65.62.227 - - [08/Oct/2016:02:49:40 -0400] "GET /?q=drupalchat/poll&drupalchat_last_timestamp=1475909232 HTTP/1.1" 200 741 "http://chatvip24.tk/?q=node/add/article" "Mozilla/5.0 (Windows NT 6.3; WOW64) AppleWebKit/537.36 (KHTML, like Gecko) Chrome/53.0.2785.143 Safari/537.36"
181.65.62.227 - - [08/Oct/2016:02:49:40 -0400] "GET /sites/default/files/styles/large/public/field/image/meme.jpg?itok=LMy-NBws HTTP/1.1" 200 17056 "http://chatvip24.tk/?q=node/1" "Mozilla/5.0 (Windows NT 6.3; WOW64) AppleWebKit/537.36 (KHTML, like Gecko) Chrome/53.0.2785.143 Safari/537.36"
181.64.192.224 - - [08/Oct/2016:02:49:40 -0400] "GET /?q=drupalchat/poll&drupalchat_last_timestamp=1475909353 HTTP/1.1" 200 753 "http://chatvip24.tk/?q=user/2" "Mozilla/5.0 (X11; Ubuntu; Linux x86_64; rv:45.0) Gecko/20100101 Firefox/45.0"
181.64.192.224 - - [08/Oct/2016:02:49:40 -0400] "GET /?q=system/temporary/styles/thumbnail/temporary/meme.jpg&itok=eXeWzE7p HTTP/1.1" 404 20274 "http://chatvip24.tk/?q=user/2" "Mozilla/5.0 (X11; Ubuntu; Linux x86_64; rv:45.0) Gecko/20100101 Firefox/45.0"
181.64.192.224 - - [08/Oct/2016:02:49:40 -0400] "GET /?q=drupalchat/poll&drupalchat_last_timestamp=1475909353 HTTP/1.1" 200 753 "http://chatvip24.tk/?q=user/2" "Mozilla/5.0 (X11; Ubuntu; Linux x86_64; rv:45.0) Gecko/20100101 Firefox/45.0"
181.65.62.227 - - [08/Oct/2016:02:49:40 -0400] "GET /?q=drupalchat/poll&drupalchat_last_timestamp=1475909361 HTTP/1.1" 200 741 "http://chatvip24.tk/" "Mozilla/5.0 (Windows NT 6.3; WOW64) AppleWebKit/537.36 (KHTML, like Gecko) Chrome/53.0.2785.143 Safari/537.36"
181.64.192.224 - - [08/Oct/2016:02:49:40 -0400] "GET /?q=drupalchat/poll&drupalchat_last_timestamp=1475909378 HTTP/1.1" 200 754 "http://chatvip24.tk/?q=user/2/edit&render=overlay" "Mozilla/5.0 (X11; Ubuntu; Linux x86_64; rv:45.0) Gecko/20100101 Firefox/45.0"
181.64.192.224 - - [08/Oct/2016:02:49:41 -0400] "GET /?q=system/temporary/styles/thumbnail/temporary/meme.jpg&itok=eXeWzE7p HTTP/1.1" 404 20274 "http://chatvip24.tk/?q=user/2" "Mozilla/5.0 (X11; Ubuntu; Linux x86_64; rv:45.0) Gecko/20100101 Firefox/45.0"
181.65.62.227 - - [08/Oct/2016:02:49:41 -0400] "GET /?q=drupalchat/poll&drupalchat_last_timestamp=1475909232 HTTP/1.1" 200 741 "http://chatvip24.tk/?q=node/add/article" "Mozilla/5.0 (Windows NT 6.3; WOW64) AppleWebKit/537.36 (KHTML, like Gecko) Chrome/53.0.2785.143 Safari/537.36"
181.65.62.227 - - [08/Oct/2016:02:49:42 -0400] "POST /?q=drupalchat/thread-history HTTP/1.1" 200 375 "http://chatvip24.tk/?q=node/1" "Mozilla/5.0 (Windows NT 6.3; WOW64) AppleWebKit/537.36 (KHTML, like Gecko) Chrome/53.0.2785.143 Safari/537.36"
181.64.192.224 - - [08/Oct/2016:02:49:42 -0400] "GET /?q=drupalchat/poll&drupalchat_last_timestamp=1475909353 HTTP/1.1" 200 753 "http://chatvip24.tk/?q=user/2" "Mozilla/5.0 (X11; Ubuntu; Linux x86_64; rv:45.0) Gecko/20100101 Firefox/45.0"
181.65.62.227 - - [08/Oct/2016:02:49:42 -0400] "GET /?q=drupalchat/poll&drupalchat_last_timestamp=1475909232 HTTP/1.1" 200 741 "http://chatvip24.tk/?q=node/add/article" "Mozilla/5.0 (Windows NT 6.3; WOW64) AppleWebKit/537.36 (KHTML, like Gecko) Chrome/53.0.2785.143 Safari/537.36"
181.64.192.224 - - [08/Oct/2016:02:49:42 -0400] "GET /?q=system/temporary/styles/thumbnail/temporary/meme.jpg&itok=eXeWzE7p HTTP/1.1" 404 20274 "http://chatvip24.tk/?q=user/2" "Mozilla/5.0 (X11; Ubuntu; Linux x86_64; rv:45.0) Gecko/20100101 Firefox/45.0"
181.64.192.224 - - [08/Oct/2016:02:49:43 -0400] "GET /?q=drupalchat/poll&drupalchat_last_timestamp=1475909353 HTTP/1.1" 200 754 "http://chatvip24.tk/?q=user/2" "Mozilla/5.0 (X11; Ubuntu; Linux x86_64; rv:45.0) Gecko/20100101 Firefox/45.0"
181.64.192.224 - - [08/Oct/2016:02:49:43 -0400] "GET /?q=drupalchat/poll&drupalchat_last_timestamp=1475909378 HTTP/1.1" 200 754 "http://chatvip24.tk/?q=user/2/edit&render=overlay" "Mozilla/5.0 (X11; Ubuntu; Linux x86_64; rv:45.0) Gecko/20100101 Firefox/45.0"
181.64.192.224 - - [08/Oct/2016:02:49:43 -0400] "GET /?q=system/temporary/styles/thumbnail/temporary/meme.jpg&itok=eXeWzE7p HTTP/1.1" 404 20274 "http://chatvip24.tk/?q=user/2" "Mozilla/5.0 (X11; Ubuntu; Linux x86_64; rv:45.0) Gecko/20100101 Firefox/45.0"
181.65.62.227 - - [08/Oct/2016:02:49:45 -0400] "GET /?q=drupalchat/poll&drupalchat_last_timestamp=0 HTTP/1.1" 200 739 "http://chatvip24.tk/?q=node/1" "Mozilla/5.0 (Windows NT 6.3; WOW64) AppleWebKit/537.36 (KHTML, like Gecko) Chrome/53.0.2785.143 Safari/537.36"
181.64.192.224 - - [08/Oct/2016:02:49:44 -0400] "GET /?q=drupalchat/poll&drupalchat_last_timestamp=1475909353 HTTP/1.1" 200 608 "http://chatvip24.tk/?q=user/2" "Mozilla/5.0 (X11; Ubuntu; Linux x86_64; rv:45.0) Gecko/20100101 Firefox/45.0"
181.65.62.227 - - [08/Oct/2016:02:49:45 -0400] "GET /?q=drupalchat/poll&drupalchat_last_timestamp=1475909232 HTTP/1.1" 200 741 "http://chatvip24.tk/?q=node/add/article" "Mozilla/5.0 (Windows NT 6.3; WOW64) AppleWebKit/537.36 (KHTML, like Gecko) Chrome/53.0.2785.143 Safari/537.36"
181.64.192.224 - - [08/Oct/2016:02:49:45 -0400] "GET /?q=drupalchat/poll&drupalchat_last_timestamp=1475909353 HTTP/1.1" 200 753 "http://chatvip24.tk/?q=user/2" "Mozilla/5.0 (X11; Ubuntu; Linux x86_64; rv:45.0) Gecko/20100101 Firefox/45.0"
181.64.192.224 - - [08/Oct/2016:02:49:45 -0400] "GET /?q=drupalchat/poll&drupalchat_last_timestamp=1475909378 HTTP/1.1" 200 754 "http://chatvip24.tk/?q=user/2/edit&render=overlay" "Mozilla/5.0 (X11; Ubuntu; Linux x86_64; rv:45.0) Gecko/20100101 Firefox/45.0"
181.64.192.224 - - [08/Oct/2016:02:49:45 -0400] "GET /?q=system/temporary/styles/thumbnail/temporary/meme.jpg&itok=eXeWzE7p HTTP/1.1" 404 20274 "http://chatvip24.tk/?q=user/2" "Mozilla/5.0 (X11; Ubuntu; Linux x86_64; rv:45.0) Gecko/20100101 Firefox/45.0"
181.65.62.227 - - [08/Oct/2016:02:49:45 -0400] "GET /?q=drupalchat/poll&drupalchat_last_timestamp=0 HTTP/1.1" 200 739 "http://chatvip24.tk/?q=node/1" "Mozilla/5.0 (Windows NT 6.3; WOW64) AppleWebKit/537.36 (KHTML, like Gecko) Chrome/53.0.2785.143 Safari/537.36"
181.65.62.227 - - [08/Oct/2016:02:49:46 -0400] "GET /?q=drupalchat/poll&drupalchat_last_timestamp=1475909232 HTTP/1.1" 200 741 "http://chatvip24.tk/?q=node/add/article" "Mozilla/5.0 (Windows NT 6.3; WOW64) AppleWebKit/537.36 (KHTML, like Gecko) Chrome/53.0.2785.143 Safari/537.36"
181.64.192.224 - - [08/Oct/2016:02:49:47 -0400] "GET /?q=drupalchat/poll&drupalchat_last_timestamp=1475909353 HTTP/1.1" 200 753 "http://chatvip24.tk/?q=user/2" "Mozilla/5.0 (X11; Ubuntu; Linux x86_64; rv:45.0) Gecko/20100101 Firefox/45.0"
181.64.192.224 - - [08/Oct/2016:02:49:47 -0400] "GET /?q=system/temporary/styles/thumbnail/temporary/meme.jpg&itok=eXeWzE7p HTTP/1.1" 404 20274 "http://chatvip24.tk/?q=user/2" "Mozilla/5.0 (X11; Ubuntu; Linux x86_64; rv:45.0) Gecko/20100101 Firefox/45.0"
181.64.192.224 - - [08/Oct/2016:02:49:47 -0400] "GET /?q=drupalchat/poll&drupalchat_last_timestamp=1475909353 HTTP/1.1" 200 754 "http://chatvip24.tk/?q=user/2" "Mozilla/5.0 (X11; Ubuntu; Linux x86_64; rv:45.0) Gecko/20100101 Firefox/45.0"
181.64.192.224 - - [08/Oct/2016:02:49:47 -0400] "GET /?q=drupalchat/poll&drupalchat_last_timestamp=1475909378 HTTP/1.1" 200 754 "http://chatvip24.tk/?q=user/2/edit&render=overlay" "Mozilla/5.0 (X11; Ubuntu; Linux x86_64; rv:45.0) Gecko/20100101 Firefox/45.0"
181.64.192.224 - - [08/Oct/2016:02:49:47 -0400] "GET /?q=system/temporary/styles/thumbnail/temporary/meme.jpg&itok=eXeWzE7p HTTP/1.1" 404 20274 "http://chatvip24.tk/?q=user/2" "Mozilla/5.0 (X11; Ubuntu; Linux x86_64; rv:45.0) Gecko/20100101 Firefox/45.0"
181.65.62.227 - - [08/Oct/2016:02:49:48 -0400] "GET /?q=drupalchat/poll&drupalchat_last_timestamp=1475909385 HTTP/1.1" 200 741 "http://chatvip24.tk/?q=node/1" "Mozilla/5.0 (Windows NT 6.3; WOW64) AppleWebKit/537.36 (KHTML, like Gecko) Chrome/53.0.2785.143 Safari/537.36"
181.65.62.227 - - [08/Oct/2016:02:49:48 -0400] "GET /?q=drupalchat/poll&drupalchat_last_timestamp=1475909232 HTTP/1.1" 200 741 "http://chatvip24.tk/?q=node/add/article" "Mozilla/5.0 (Windows NT 6.3; WOW64) AppleWebKit/537.36 (KHTML, like Gecko) Chrome/53.0.2785.143 Safari/537.36"
181.65.62.227 - - [08/Oct/2016:02:49:49 -0400] "GET /?q=drupalchat/poll&drupalchat_last_timestamp=1475909385 HTTP/1.1" 200 741 "http://chatvip24.tk/?q=node/1" "Mozilla/5.0 (Windows NT 6.3; WOW64) AppleWebKit/537.36 (KHTML, like Gecko) Chrome/53.0.2785.143 Safari/537.36"
181.64.192.224 - - [08/Oct/2016:02:49:49 -0400] "GET /?q=drupalchat/poll&drupalchat_last_timestamp=1475909353 HTTP/1.1" 200 753 "http://chatvip24.tk/?q=user/2" "Mozilla/5.0 (X11; Ubuntu; Linux x86_64; rv:45.0) Gecko/20100101 Firefox/45.0"
181.65.62.227 - - [08/Oct/2016:02:49:49 -0400] "GET /?q=drupalchat/poll&drupalchat_last_timestamp=1475909232 HTTP/1.1" 200 741 "http://chatvip24.tk/?q=node/add/article" "Mozilla/5.0 (Windows NT 6.3; WOW64) AppleWebKit/537.36 (KHTML, like Gecko) Chrome/53.0.2785.143 Safari/537.36"
181.64.192.224 - - [08/Oct/2016:02:49:49 -0400] "GET /?q=system/temporary/styles/thumbnail/temporary/meme.jpg&itok=eXeWzE7p HTTP/1.1" 404 20274 "http://chatvip24.tk/?q=user/2" "Mozilla/5.0 (X11; Ubuntu; Linux x86_64; rv:45.0) Gecko/20100101 Firefox/45.0"
181.64.192.224 - - [08/Oct/2016:02:49:50 -0400] "GET /?q=drupalchat/poll&drupalchat_last_timestamp=1475909353 HTTP/1.1" 200 754 "http://chatvip24.tk/?q=user/2" "Mozilla/5.0 (X11; Ubuntu; Linux x86_64; rv:45.0) Gecko/20100101 Firefox/45.0"
181.64.192.224 - - [08/Oct/2016:02:49:50 -0400] "GET /?q=drupalchat/poll&drupalchat_last_timestamp=1475909378 HTTP/1.1" 200 754 "http://chatvip24.tk/?q=user/2/edit&render=overlay" "Mozilla/5.0 (X11; Ubuntu; Linux x86_64; rv:45.0) Gecko/20100101 Firefox/45.0"
181.64.192.224 - - [08/Oct/2016:02:49:50 -0400] "GET /?q=system/temporary/styles/thumbnail/temporary/meme.jpg&itok=eXeWzE7p HTTP/1.1" 404 20274 "http://chatvip24.tk/?q=user/2" "Mozilla/5.0 (X11; Ubuntu; Linux x86_64; rv:45.0) Gecko/20100101 Firefox/45.0"
181.65.62.227 - - [08/Oct/2016:02:49:51 -0400] "GET /?q=drupalchat/poll&drupalchat_last_timestamp=1475909385 HTTP/1.1" 200 741 "http://chatvip24.tk/?q=node/1" "Mozilla/5.0 (Windows NT 6.3; WOW64) AppleWebKit/537.36 (KHTML, like Gecko) Chrome/53.0.2785.143 Safari/537.36"
181.64.192.224 - - [08/Oct/2016:02:49:52 -0400] "GET /?q=drupalchat/poll&drupalchat_last_timestamp=1475909353 HTTP/1.1" 200 753 "http://chatvip24.tk/?q=user/2" "Mozilla/5.0 (X11; Ubuntu; Linux x86_64; rv:45.0) Gecko/20100101 Firefox/45.0"
181.64.192.224 - - [08/Oct/2016:02:49:52 -0400] "GET /?q=system/temporary/styles/thumbnail/temporary/meme.jpg&itok=eXeWzE7p HTTP/1.1" 404 20274 "http://chatvip24.tk/?q=user/2" "Mozilla/5.0 (X11; Ubuntu; Linux x86_64; rv:45.0) Gecko/20100101 Firefox/45.0"
181.64.192.224 - - [08/Oct/2016:02:49:52 -0400] "GET /?q=drupalchat/poll&drupalchat_last_timestamp=1475909353 HTTP/1.1" 200 754 "http://chatvip24.tk/?q=user/2" "Mozilla/5.0 (X11; Ubuntu; Linux x86_64; rv:45.0) Gecko/20100101 Firefox/45.0"
181.64.192.224 - - [08/Oct/2016:02:49:52 -0400] "GET /?q=drupalchat/poll&drupalchat_last_timestamp=1475909378 HTTP/1.1" 200 753 "http://chatvip24.tk/?q=user/2/edit&render=overlay" "Mozilla/5.0 (X11; Ubuntu; Linux x86_64; rv:45.0) Gecko/20100101 Firefox/45.0"
181.65.62.227 - - [08/Oct/2016:02:49:52 -0400] "GET /?q=drupalchat/poll&drupalchat_last_timestamp=1475909232 HTTP/1.1" 200 741 "http://chatvip24.tk/?q=node/add/article" "Mozilla/5.0 (Windows NT 6.3; WOW64) AppleWebKit/537.36 (KHTML, like Gecko) Chrome/53.0.2785.143 Safari/537.36"
181.64.192.224 - - [08/Oct/2016:02:49:52 -0400] "GET /?q=system/temporary/styles/thumbnail/temporary/meme.jpg&itok=eXeWzE7p HTTP/1.1" 404 20275 "http://chatvip24.tk/?q=user/2" "Mozilla/5.0 (X11; Ubuntu; Linux x86_64; rv:45.0) Gecko/20100101 Firefox/45.0"
181.65.62.227 - - [08/Oct/2016:02:49:52 -0400] "GET /?q=drupalchat/poll&drupalchat_last_timestamp=1475909385 HTTP/1.1" 200 741 "http://chatvip24.tk/?q=node/1" "Mozilla/5.0 (Windows NT 6.3; WOW64) AppleWebKit/537.36 (KHTML, like Gecko) Chrome/53.0.2785.143 Safari/537.36"
181.65.62.227 - - [08/Oct/2016:02:49:53 -0400] "GET /?q=drupalchat/poll&drupalchat_last_timestamp=1475909232 HTTP/1.1" 200 741 "http://chatvip24.tk/?q=node/add/article" "Mozilla/5.0 (Windows NT 6.3; WOW64) AppleWebKit/537.36 (KHTML, like Gecko) Chrome/53.0.2785.143 Safari/537.36"
181.64.192.224 - - [08/Oct/2016:02:49:54 -0400] "GET /?q=drupalchat/poll&drupalchat_last_timestamp=1475909353 HTTP/1.1" 200 753 "http://chatvip24.tk/?q=user/2" "Mozilla/5.0 (X11; Ubuntu; Linux x86_64; rv:45.0) Gecko/20100101 Firefox/45.0"
181.64.192.224 - - [08/Oct/2016:02:49:54 -0400] "GET /?q=system/temporary/styles/thumbnail/temporary/meme.jpg&itok=eXeWzE7p HTTP/1.1" 404 20274 "http://chatvip24.tk/?q=user/2" "Mozilla/5.0 (X11; Ubuntu; Linux x86_64; rv:45.0) Gecko/20100101 Firefox/45.0"
181.65.62.227 - - [08/Oct/2016:02:49:54 -0400] "GET /?q=drupalchat/poll&drupalchat_last_timestamp=1475909385 HTTP/1.1" 200 741 "http://chatvip24.tk/?q=node/1" "Mozilla/5.0 (Windows NT 6.3; WOW64) AppleWebKit/537.36 (KHTML, like Gecko) Chrome/53.0.2785.143 Safari/537.36"
181.64.192.224 - - [08/Oct/2016:02:49:54 -0400] "GET /?q=drupalchat/poll&drupalchat_last_timestamp=1475909353 HTTP/1.1" 200 754 "http://chatvip24.tk/?q=user/2" "Mozilla/5.0 (X11; Ubuntu; Linux x86_64; rv:45.0) Gecko/20100101 Firefox/45.0"
181.64.192.224 - - [08/Oct/2016:02:49:54 -0400] "GET /?q=drupalchat/poll&drupalchat_last_timestamp=1475909378 HTTP/1.1" 200 753 "http://chatvip24.tk/?q=user/2/edit&render=overlay" "Mozilla/5.0 (X11; Ubuntu; Linux x86_64; rv:45.0) Gecko/20100101 Firefox/45.0"
181.64.192.224 - - [08/Oct/2016:02:49:54 -0400] "GET /?q=system/temporary/styles/thumbnail/temporary/meme.jpg&itok=eXeWzE7p HTTP/1.1" 404 20275 "http://chatvip24.tk/?q=user/2" "Mozilla/5.0 (X11; Ubuntu; Linux x86_64; rv:45.0) Gecko/20100101 Firefox/45.0"
181.65.62.227 - - [08/Oct/2016:02:49:55 -0400] "GET /?q=drupalchat/poll&drupalchat_last_timestamp=1475909385 HTTP/1.1" 200 741 "http://chatvip24.tk/?q=node/1" "Mozilla/5.0 (Windows NT 6.3; WOW64) AppleWebKit/537.36 (KHTML, like Gecko) Chrome/53.0.2785.143 Safari/537.36"
181.65.62.227 - - [08/Oct/2016:02:49:56 -0400] "GET /?q=drupalchat/poll&drupalchat_last_timestamp=1475909232 HTTP/1.1" 200 741 "http://chatvip24.tk/?q=node/add/article" "Mozilla/5.0 (Windows NT 6.3; WOW64) AppleWebKit/537.36 (KHTML, like Gecko) Chrome/53.0.2785.143 Safari/537.36"
181.64.192.224 - - [08/Oct/2016:02:49:56 -0400] "GET /?q=drupalchat/poll&drupalchat_last_timestamp=1475909353 HTTP/1.1" 200 753 "http://chatvip24.tk/?q=user/2" "Mozilla/5.0 (X11; Ubuntu; Linux x86_64; rv:45.0) Gecko/20100101 Firefox/45.0"
