181.64.192.224 - - [08/Oct/2016:02:41:33 -0400] "GET /?q=drupalchat/poll&drupalchat_last_timestamp=1475908732 HTTP/1.1" 200 608 "http://chatvip24.tk/?q=node" "Mozilla/5.0 (X11; Ubuntu; Linux x86_64; rv:45.0) Gecko/20100101 Firefox/45.0"
181.64.192.224 - - [08/Oct/2016:02:41:35 -0400] "GET /?q=drupalchat/poll&drupalchat_last_timestamp=1475908732 HTTP/1.1" 200 608 "http://chatvip24.tk/?q=node" "Mozilla/5.0 (X11; Ubuntu; Linux x86_64; rv:45.0) Gecko/20100101 Firefox/45.0"
181.64.192.224 - - [08/Oct/2016:02:41:35 -0400] "GET /?q=drupalchat/poll&drupalchat_last_timestamp=1475908732 HTTP/1.1" 200 608 "http://chatvip24.tk/?q=node" "Mozilla/5.0 (X11; Ubuntu; Linux x86_64; rv:45.0) Gecko/20100101 Firefox/45.0"
181.64.192.224 - - [08/Oct/2016:02:41:37 -0400] "GET /?q=drupalchat/poll&drupalchat_last_timestamp=1475908732 HTTP/1.1" 200 608 "http://chatvip24.tk/?q=node" "Mozilla/5.0 (X11; Ubuntu; Linux x86_64; rv:45.0) Gecko/20100101 Firefox/45.0"
181.64.192.224 - - [08/Oct/2016:02:41:37 -0400] "GET /?q=drupalchat/poll&drupalchat_last_timestamp=1475908732 HTTP/1.1" 200 608 "http://chatvip24.tk/?q=node" "Mozilla/5.0 (X11; Ubuntu; Linux x86_64; rv:45.0) Gecko/20100101 Firefox/45.0"
181.64.192.224 - - [08/Oct/2016:02:41:39 -0400] "GET /?q=drupalchat/poll&drupalchat_last_timestamp=1475908732 HTTP/1.1" 200 608 "http://chatvip24.tk/?q=node" "Mozilla/5.0 (X11; Ubuntu; Linux x86_64; rv:45.0) Gecko/20100101 Firefox/45.0"
181.64.192.224 - - [08/Oct/2016:02:41:39 -0400] "GET /?q=drupalchat/poll&drupalchat_last_timestamp=1475908732 HTTP/1.1" 200 608 "http://chatvip24.tk/?q=node" "Mozilla/5.0 (X11; Ubuntu; Linux x86_64; rv:45.0) Gecko/20100101 Firefox/45.0"
181.64.192.224 - - [08/Oct/2016:02:41:41 -0400] "GET /?q=drupalchat/poll&drupalchat_last_timestamp=1475908732 HTTP/1.1" 200 608 "http://chatvip24.tk/?q=node" "Mozilla/5.0 (X11; Ubuntu; Linux x86_64; rv:45.0) Gecko/20100101 Firefox/45.0"
181.64.192.224 - - [08/Oct/2016:02:41:41 -0400] "GET /?q=drupalchat/poll&drupalchat_last_timestamp=1475908732 HTTP/1.1" 200 608 "http://chatvip24.tk/?q=node" "Mozilla/5.0 (X11; Ubuntu; Linux x86_64; rv:45.0) Gecko/20100101 Firefox/45.0"
181.64.192.224 - - [08/Oct/2016:02:41:44 -0400] "GET /?q=drupalchat/poll&drupalchat_last_timestamp=1475908732 HTTP/1.1" 200 608 "http://chatvip24.tk/?q=node" "Mozilla/5.0 (X11; Ubuntu; Linux x86_64; rv:45.0) Gecko/20100101 Firefox/45.0"
181.64.192.224 - - [08/Oct/2016:02:41:44 -0400] "GET /?q=drupalchat/poll&drupalchat_last_timestamp=1475908732 HTTP/1.1" 200 608 "http://chatvip24.tk/?q=node" "Mozilla/5.0 (X11; Ubuntu; Linux x86_64; rv:45.0) Gecko/20100101 Firefox/45.0"
181.64.192.224 - - [08/Oct/2016:02:41:46 -0400] "GET /?q=drupalchat/poll&drupalchat_last_timestamp=1475908732 HTTP/1.1" 200 608 "http://chatvip24.tk/?q=node" "Mozilla/5.0 (X11; Ubuntu; Linux x86_64; rv:45.0) Gecko/20100101 Firefox/45.0"
181.64.192.224 - - [08/Oct/2016:02:41:46 -0400] "GET /?q=drupalchat/poll&drupalchat_last_timestamp=1475908732 HTTP/1.1" 200 608 "http://chatvip24.tk/?q=node" "Mozilla/5.0 (X11; Ubuntu; Linux x86_64; rv:45.0) Gecko/20100101 Firefox/45.0"
181.64.192.224 - - [08/Oct/2016:02:41:48 -0400] "GET /?q=drupalchat/poll&drupalchat_last_timestamp=1475908732 HTTP/1.1" 200 608 "http://chatvip24.tk/?q=node" "Mozilla/5.0 (X11; Ubuntu; Linux x86_64; rv:45.0) Gecko/20100101 Firefox/45.0"
181.64.192.224 - - [08/Oct/2016:02:41:48 -0400] "GET /?q=drupalchat/poll&drupalchat_last_timestamp=1475908732 HTTP/1.1" 200 608 "http://chatvip24.tk/?q=node" "Mozilla/5.0 (X11; Ubuntu; Linux x86_64; rv:45.0) Gecko/20100101 Firefox/45.0"
181.65.62.227 - - [08/Oct/2016:02:41:49 -0400] "GET / HTTP/1.1" 200 4176 "-" "Mozilla/5.0 (Windows NT 6.3; WOW64) AppleWebKit/537.36 (KHTML, like Gecko) Chrome/53.0.2785.143 Safari/537.36"
181.65.62.227 - - [08/Oct/2016:02:41:50 -0400] "GET /modules/system/system.base.css?oepjbc HTTP/1.1" 200 2219 "http://chatvip24.tk/" "Mozilla/5.0 (Windows NT 6.3; WOW64) AppleWebKit/537.36 (KHTML, like Gecko) Chrome/53.0.2785.143 Safari/537.36"
181.65.62.227 - - [08/Oct/2016:02:41:50 -0400] "GET /modules/system/system.menus.css?oepjbc HTTP/1.1" 200 996 "http://chatvip24.tk/" "Mozilla/5.0 (Windows NT 6.3; WOW64) AppleWebKit/537.36 (KHTML, like Gecko) Chrome/53.0.2785.143 Safari/537.36"
181.65.62.227 - - [08/Oct/2016:02:41:50 -0400] "GET /modules/system/system.messages.css?oepjbc HTTP/1.1" 200 717 "http://chatvip24.tk/" "Mozilla/5.0 (Windows NT 6.3; WOW64) AppleWebKit/537.36 (KHTML, like Gecko) Chrome/53.0.2785.143 Safari/537.36"
181.65.62.227 - - [08/Oct/2016:02:41:50 -0400] "GET /modules/system/system.theme.css?oepjbc HTTP/1.1" 200 1556 "http://chatvip24.tk/" "Mozilla/5.0 (Windows NT 6.3; WOW64) AppleWebKit/537.36 (KHTML, like Gecko) Chrome/53.0.2785.143 Safari/537.36"
181.65.62.227 - - [08/Oct/2016:02:41:50 -0400] "GET /modules/node/node.css?oepjbc HTTP/1.1" 200 442 "http://chatvip24.tk/" "Mozilla/5.0 (Windows NT 6.3; WOW64) AppleWebKit/537.36 (KHTML, like Gecko) Chrome/53.0.2785.143 Safari/537.36"
181.65.62.227 - - [08/Oct/2016:02:41:50 -0400] "GET /modules/search/search.css?oepjbc HTTP/1.1" 200 566 "http://chatvip24.tk/" "Mozilla/5.0 (Windows NT 6.3; WOW64) AppleWebKit/537.36 (KHTML, like Gecko) Chrome/53.0.2785.143 Safari/537.36"
181.64.192.224 - - [08/Oct/2016:02:41:50 -0400] "GET /?q=drupalchat/poll&drupalchat_last_timestamp=1475908732 HTTP/1.1" 200 608 "http://chatvip24.tk/?q=node" "Mozilla/5.0 (X11; Ubuntu; Linux x86_64; rv:45.0) Gecko/20100101 Firefox/45.0"
181.64.192.224 - - [08/Oct/2016:02:41:50 -0400] "GET /?q=drupalchat/poll&drupalchat_last_timestamp=1475908732 HTTP/1.1" 200 608 "http://chatvip24.tk/?q=node" "Mozilla/5.0 (X11; Ubuntu; Linux x86_64; rv:45.0) Gecko/20100101 Firefox/45.0"
181.65.62.227 - - [08/Oct/2016:02:41:51 -0400] "GET /modules/user/user.css?oepjbc HTTP/1.1" 200 1032 "http://chatvip24.tk/" "Mozilla/5.0 (Windows NT 6.3; WOW64) AppleWebKit/537.36 (KHTML, like Gecko) Chrome/53.0.2785.143 Safari/537.36"
181.65.62.227 - - [08/Oct/2016:02:41:51 -0400] "GET /sites/all/themes/nexus/css/bootstrap.min.css?oepjbc HTTP/1.1" 200 12094 "http://chatvip24.tk/" "Mozilla/5.0 (Windows NT 6.3; WOW64) AppleWebKit/537.36 (KHTML, like Gecko) Chrome/53.0.2785.143 Safari/537.36"
181.65.62.227 - - [08/Oct/2016:02:41:51 -0400] "GET /sites/all/themes/nexus/css/flexslider.css?oepjbc HTTP/1.1" 200 1644 "http://chatvip24.tk/" "Mozilla/5.0 (Windows NT 6.3; WOW64) AppleWebKit/537.36 (KHTML, like Gecko) Chrome/53.0.2785.143 Safari/537.36"
181.65.62.227 - - [08/Oct/2016:02:41:51 -0400] "GET /sites/all/themes/nexus/style.css?oepjbc HTTP/1.1" 200 6245 "http://chatvip24.tk/" "Mozilla/5.0 (Windows NT 6.3; WOW64) AppleWebKit/537.36 (KHTML, like Gecko) Chrome/53.0.2785.143 Safari/537.36"
181.65.62.227 - - [08/Oct/2016:02:41:51 -0400] "GET /modules/comment/comment.css?oepjbc HTTP/1.1" 200 476 "http://chatvip24.tk/" "Mozilla/5.0 (Windows NT 6.3; WOW64) AppleWebKit/537.36 (KHTML, like Gecko) Chrome/53.0.2785.143 Safari/537.36"
181.65.62.227 - - [08/Oct/2016:02:41:51 -0400] "GET /modules/field/theme/field.css?oepjbc HTTP/1.1" 200 570 "http://chatvip24.tk/" "Mozilla/5.0 (Windows NT 6.3; WOW64) AppleWebKit/537.36 (KHTML, like Gecko) Chrome/53.0.2785.143 Safari/537.36"
181.65.62.227 - - [08/Oct/2016:02:41:51 -0400] "GET /misc/jquery.js?v=1.4.4 HTTP/1.1" 200 27426 "http://chatvip24.tk/" "Mozilla/5.0 (Windows NT 6.3; WOW64) AppleWebKit/537.36 (KHTML, like Gecko) Chrome/53.0.2785.143 Safari/537.36"
181.65.62.227 - - [08/Oct/2016:02:41:51 -0400] "GET /misc/jquery.once.js?v=1.2 HTTP/1.1" 200 1415 "http://chatvip24.tk/" "Mozilla/5.0 (Windows NT 6.3; WOW64) AppleWebKit/537.36 (KHTML, like Gecko) Chrome/53.0.2785.143 Safari/537.36"
181.65.62.227 - - [08/Oct/2016:02:41:51 -0400] "GET /misc/drupal.js?oepjbc HTTP/1.1" 200 6394 "http://chatvip24.tk/" "Mozilla/5.0 (Windows NT 6.3; WOW64) AppleWebKit/537.36 (KHTML, like Gecko) Chrome/53.0.2785.143 Safari/537.36"
181.65.62.227 - - [08/Oct/2016:02:41:52 -0400] "GET /sites/all/themes/nexus/js/jquery.flexslider.js?oepjbc HTTP/1.1" 200 9330 "http://chatvip24.tk/" "Mozilla/5.0 (Windows NT 6.3; WOW64) AppleWebKit/537.36 (KHTML, like Gecko) Chrome/53.0.2785.143 Safari/537.36"
181.65.62.227 - - [08/Oct/2016:02:41:52 -0400] "GET /sites/all/themes/nexus/js/slide.js?oepjbc HTTP/1.1" 200 484 "http://chatvip24.tk/" "Mozilla/5.0 (Windows NT 6.3; WOW64) AppleWebKit/537.36 (KHTML, like Gecko) Chrome/53.0.2785.143 Safari/537.36"
181.65.62.227 - - [08/Oct/2016:02:41:52 -0400] "GET /sites/all/modules/nodejs/nodejs.js?oepjbc HTTP/1.1" 200 1526 "http://chatvip24.tk/" "Mozilla/5.0 (Windows NT 6.3; WOW64) AppleWebKit/537.36 (KHTML, like Gecko) Chrome/53.0.2785.143 Safari/537.36"
181.65.62.227 - - [08/Oct/2016:02:41:52 -0400] "GET /sites/all/modules/drupalchat/drupalchat_nodejs/drupalchat_nodejs.js?oepjbc HTTP/1.1" 200 1738 "http://chatvip24.tk/" "Mozilla/5.0 (Windows NT 6.3; WOW64) AppleWebKit/537.36 (KHTML, like Gecko) Chrome/53.0.2785.143 Safari/537.36"
181.65.62.227 - - [08/Oct/2016:02:41:52 -0400] "GET /sites/all/themes/nexus/js/bootstrap.min.js?oepjbc HTTP/1.1" 200 7465 "http://chatvip24.tk/" "Mozilla/5.0 (Windows NT 6.3; WOW64) AppleWebKit/537.36 (KHTML, like Gecko) Chrome/53.0.2785.143 Safari/537.36"
181.65.62.227 - - [08/Oct/2016:02:41:52 -0400] "GET /sites/all/themes/nexus/js/superfish.js?oepjbc HTTP/1.1" 200 1691 "http://chatvip24.tk/" "Mozilla/5.0 (Windows NT 6.3; WOW64) AppleWebKit/537.36 (KHTML, like Gecko) Chrome/53.0.2785.143 Safari/537.36"
181.65.62.227 - - [08/Oct/2016:02:41:52 -0400] "GET /sites/all/themes/nexus/js/mobilemenu.js?oepjbc HTTP/1.1" 200 1237 "http://chatvip24.tk/" "Mozilla/5.0 (Windows NT 6.3; WOW64) AppleWebKit/537.36 (KHTML, like Gecko) Chrome/53.0.2785.143 Safari/537.36"
181.65.62.227 - - [08/Oct/2016:02:41:52 -0400] "GET /sites/all/themes/nexus/js/custom.js?oepjbc HTTP/1.1" 200 934 "http://chatvip24.tk/" "Mozilla/5.0 (Windows NT 6.3; WOW64) AppleWebKit/537.36 (KHTML, like Gecko) Chrome/53.0.2785.143 Safari/537.36"
181.64.192.224 - - [08/Oct/2016:02:41:52 -0400] "GET /?q=drupalchat/poll&drupalchat_last_timestamp=1475908732 HTTP/1.1" 200 608 "http://chatvip24.tk/?q=node" "Mozilla/5.0 (X11; Ubuntu; Linux x86_64; rv:45.0) Gecko/20100101 Firefox/45.0"
181.64.192.224 - - [08/Oct/2016:02:41:52 -0400] "GET /?q=drupalchat/poll&drupalchat_last_timestamp=1475908732 HTTP/1.1" 200 608 "http://chatvip24.tk/?q=node" "Mozilla/5.0 (X11; Ubuntu; Linux x86_64; rv:45.0) Gecko/20100101 Firefox/45.0"
181.65.62.227 - - [08/Oct/2016:02:41:53 -0400] "GET /sites/default/files/logo_1.png HTTP/1.1" 200 2556 "http://chatvip24.tk/" "Mozilla/5.0 (Windows NT 6.3; WOW64) AppleWebKit/537.36 (KHTML, like Gecko) Chrome/53.0.2785.143 Safari/537.36"
181.65.62.227 - - [08/Oct/2016:02:41:53 -0400] "GET /sites/all/themes/nexus/images/slide-image-3.jpg HTTP/1.1" 200 10821 "http://chatvip24.tk/" "Mozilla/5.0 (Windows NT 6.3; WOW64) AppleWebKit/537.36 (KHTML, like Gecko) Chrome/53.0.2785.143 Safari/537.36"
181.65.62.227 - - [08/Oct/2016:02:41:53 -0400] "GET /sites/default/files/styles/medium/public/field/image/meme.jpg?itok=8ZpQqtNG HTTP/1.1" 200 5730 "http://chatvip24.tk/" "Mozilla/5.0 (Windows NT 6.3; WOW64) AppleWebKit/537.36 (KHTML, like Gecko) Chrome/53.0.2785.143 Safari/537.36"
181.65.62.227 - - [08/Oct/2016:02:41:53 -0400] "GET /sites/all/themes/nexus/images/overlay.png HTTP/1.1" 200 1388 "http://chatvip24.tk/sites/all/themes/nexus/style.css?oepjbc" "Mozilla/5.0 (Windows NT 6.3; WOW64) AppleWebKit/537.36 (KHTML, like Gecko) Chrome/53.0.2785.143 Safari/537.36"
181.65.62.227 - - [08/Oct/2016:02:41:53 -0400] "GET /misc/menu-leaf.png HTTP/1.1" 200 408 "http://chatvip24.tk/modules/system/system.menus.css?oepjbc" "Mozilla/5.0 (Windows NT 6.3; WOW64) AppleWebKit/537.36 (KHTML, like Gecko) Chrome/53.0.2785.143 Safari/537.36"
181.64.192.224 - - [08/Oct/2016:02:41:55 -0400] "GET /?q=drupalchat/poll&drupalchat_last_timestamp=1475908732 HTTP/1.1" 200 608 "http://chatvip24.tk/?q=node" "Mozilla/5.0 (X11; Ubuntu; Linux x86_64; rv:45.0) Gecko/20100101 Firefox/45.0"
181.64.192.224 - - [08/Oct/2016:02:41:55 -0400] "GET /?q=drupalchat/poll&drupalchat_last_timestamp=1475908732 HTTP/1.1" 200 608 "http://chatvip24.tk/?q=node" "Mozilla/5.0 (X11; Ubuntu; Linux x86_64; rv:45.0) Gecko/20100101 Firefox/45.0"
181.65.62.227 - - [08/Oct/2016:02:41:53 -0400] "GET /sites/all/themes/nexus/images/slide-image-2.jpg HTTP/1.1" 200 227408 "http://chatvip24.tk/" "Mozilla/5.0 (Windows NT 6.3; WOW64) AppleWebKit/537.36 (KHTML, like Gecko) Chrome/53.0.2785.143 Safari/537.36"
181.64.192.224 - - [08/Oct/2016:02:41:57 -0400] "GET /?q=drupalchat/poll&drupalchat_last_timestamp=1475908732 HTTP/1.1" 200 608 "http://chatvip24.tk/?q=node" "Mozilla/5.0 (X11; Ubuntu; Linux x86_64; rv:45.0) Gecko/20100101 Firefox/45.0"
181.64.192.224 - - [08/Oct/2016:02:41:57 -0400] "GET /?q=drupalchat/poll&drupalchat_last_timestamp=1475908732 HTTP/1.1" 200 608 "http://chatvip24.tk/?q=node" "Mozilla/5.0 (X11; Ubuntu; Linux x86_64; rv:45.0) Gecko/20100101 Firefox/45.0"
181.64.192.224 - - [08/Oct/2016:02:41:59 -0400] "GET /?q=drupalchat/poll&drupalchat_last_timestamp=1475908732 HTTP/1.1" 200 608 "http://chatvip24.tk/?q=node" "Mozilla/5.0 (X11; Ubuntu; Linux x86_64; rv:45.0) Gecko/20100101 Firefox/45.0"
181.64.192.224 - - [08/Oct/2016:02:41:59 -0400] "GET /?q=drupalchat/poll&drupalchat_last_timestamp=1475908732 HTTP/1.1" 200 608 "http://chatvip24.tk/?q=node" "Mozilla/5.0 (X11; Ubuntu; Linux x86_64; rv:45.0) Gecko/20100101 Firefox/45.0"
127.0.0.1 - - [08/Oct/2016:02:42:00 -0400] "OPTIONS * HTTP/1.0" 200 125 "-" "Apache/2.4.7 (Ubuntu) (internal dummy connection)"
127.0.0.1 - - [08/Oct/2016:02:42:01 -0400] "OPTIONS * HTTP/1.0" 200 125 "-" "Apache/2.4.7 (Ubuntu) (internal dummy connection)"
181.64.192.224 - - [08/Oct/2016:02:42:01 -0400] "GET /?q=drupalchat/poll&drupalchat_last_timestamp=1475908732 HTTP/1.1" 200 608 "http://chatvip24.tk/?q=node" "Mozilla/5.0 (X11; Ubuntu; Linux x86_64; rv:45.0) Gecko/20100101 Firefox/45.0"
181.64.192.224 - - [08/Oct/2016:02:42:01 -0400] "GET /?q=drupalchat/poll&drupalchat_last_timestamp=1475908732 HTTP/1.1" 200 608 "http://chatvip24.tk/?q=node" "Mozilla/5.0 (X11; Ubuntu; Linux x86_64; rv:45.0) Gecko/20100101 Firefox/45.0"
127.0.0.1 - - [08/Oct/2016:02:42:02 -0400] "OPTIONS * HTTP/1.0" 200 125 "-" "Apache/2.4.7 (Ubuntu) (internal dummy connection)"
181.64.192.224 - - [08/Oct/2016:02:42:03 -0400] "GET /?q=drupalchat/poll&drupalchat_last_timestamp=1475908732 HTTP/1.1" 200 608 "http://chatvip24.tk/?q=node" "Mozilla/5.0 (X11; Ubuntu; Linux x86_64; rv:45.0) Gecko/20100101 Firefox/45.0"
181.64.192.224 - - [08/Oct/2016:02:42:03 -0400] "GET /?q=drupalchat/poll&drupalchat_last_timestamp=1475908732 HTTP/1.1" 200 608 "http://chatvip24.tk/?q=node" "Mozilla/5.0 (X11; Ubuntu; Linux x86_64; rv:45.0) Gecko/20100101 Firefox/45.0"
127.0.0.1 - - [08/Oct/2016:02:42:04 -0400] "OPTIONS * HTTP/1.0" 200 125 "-" "Apache/2.4.7 (Ubuntu) (internal dummy connection)"
181.65.62.227 - - [08/Oct/2016:02:41:53 -0400] "GET /sites/all/themes/nexus/images/slide-image-1.jpg HTTP/1.1" 200 1794490 "http://chatvip24.tk/" "Mozilla/5.0 (Windows NT 6.3; WOW64) AppleWebKit/537.36 (KHTML, like Gecko) Chrome/53.0.2785.143 Safari/537.36"
181.64.192.224 - - [08/Oct/2016:02:42:06 -0400] "GET /?q=drupalchat/poll&drupalchat_last_timestamp=1475908732 HTTP/1.1" 200 608 "http://chatvip24.tk/?q=node" "Mozilla/5.0 (X11; Ubuntu; Linux x86_64; rv:45.0) Gecko/20100101 Firefox/45.0"
181.64.192.224 - - [08/Oct/2016:02:42:06 -0400] "GET /?q=drupalchat/poll&drupalchat_last_timestamp=1475908732 HTTP/1.1" 200 608 "http://chatvip24.tk/?q=node" "Mozilla/5.0 (X11; Ubuntu; Linux x86_64; rv:45.0) Gecko/20100101 Firefox/45.0"
181.65.62.227 - - [08/Oct/2016:02:42:07 -0400] "GET /sites/all/themes/nexus/images/bg_direction_nav.png HTTP/1.1" 200 2898 "http://chatvip24.tk/sites/all/themes/nexus/css/flexslider.css?oepjbc" "Mozilla/5.0 (Windows NT 6.3; WOW64) AppleWebKit/537.36 (KHTML, like Gecko) Chrome/53.0.2785.143 Safari/537.36"
181.64.192.224 - - [08/Oct/2016:02:42:08 -0400] "GET /?q=drupalchat/poll&drupalchat_last_timestamp=1475908732 HTTP/1.1" 200 608 "http://chatvip24.tk/?q=node" "Mozilla/5.0 (X11; Ubuntu; Linux x86_64; rv:45.0) Gecko/20100101 Firefox/45.0"
181.64.192.224 - - [08/Oct/2016:02:42:08 -0400] "GET /?q=drupalchat/poll&drupalchat_last_timestamp=1475908732 HTTP/1.1" 200 608 "http://chatvip24.tk/?q=node" "Mozilla/5.0 (X11; Ubuntu; Linux x86_64; rv:45.0) Gecko/20100101 Firefox/45.0"
181.65.62.227 - - [08/Oct/2016:02:42:08 -0400] "GET /sites/default/files/favicon.ico HTTP/1.1" 200 1450 "http://chatvip24.tk/" "Mozilla/5.0 (Windows NT 6.3; WOW64) AppleWebKit/537.36 (KHTML, like Gecko) Chrome/53.0.2785.143 Safari/537.36"
181.64.192.224 - - [08/Oct/2016:02:42:10 -0400] "GET /?q=drupalchat/poll&drupalchat_last_timestamp=1475908732 HTTP/1.1" 200 608 "http://chatvip24.tk/?q=node" "Mozilla/5.0 (X11; Ubuntu; Linux x86_64; rv:45.0) Gecko/20100101 Firefox/45.0"
181.64.192.224 - - [08/Oct/2016:02:42:10 -0400] "GET /?q=drupalchat/poll&drupalchat_last_timestamp=1475908732 HTTP/1.1" 200 608 "http://chatvip24.tk/?q=node" "Mozilla/5.0 (X11; Ubuntu; Linux x86_64; rv:45.0) Gecko/20100101 Firefox/45.0"
181.64.192.224 - - [08/Oct/2016:02:42:12 -0400] "GET /?q=drupalchat/poll&drupalchat_last_timestamp=1475908732 HTTP/1.1" 200 608 "http://chatvip24.tk/?q=node" "Mozilla/5.0 (X11; Ubuntu; Linux x86_64; rv:45.0) Gecko/20100101 Firefox/45.0"
181.64.192.224 - - [08/Oct/2016:02:42:12 -0400] "GET /?q=drupalchat/poll&drupalchat_last_timestamp=1475908732 HTTP/1.1" 200 608 "http://chatvip24.tk/?q=node" "Mozilla/5.0 (X11; Ubuntu; Linux x86_64; rv:45.0) Gecko/20100101 Firefox/45.0"
181.64.192.224 - - [08/Oct/2016:02:42:14 -0400] "GET /?q=drupalchat/poll&drupalchat_last_timestamp=1475908732 HTTP/1.1" 200 608 "http://chatvip24.tk/?q=node" "Mozilla/5.0 (X11; Ubuntu; Linux x86_64; rv:45.0) Gecko/20100101 Firefox/45.0"
181.64.192.224 - - [08/Oct/2016:02:42:14 -0400] "GET /?q=drupalchat/poll&drupalchat_last_timestamp=1475908732 HTTP/1.1" 200 608 "http://chatvip24.tk/?q=node" "Mozilla/5.0 (X11; Ubuntu; Linux x86_64; rv:45.0) Gecko/20100101 Firefox/45.0"
127.0.0.1 - - [08/Oct/2016:02:42:16 -0400] "OPTIONS * HTTP/1.0" 200 125 "-" "Apache/2.4.7 (Ubuntu) (internal dummy connection)"
181.64.192.224 - - [08/Oct/2016:02:42:17 -0400] "GET /?q=drupalchat/poll&drupalchat_last_timestamp=1475908732 HTTP/1.1" 200 608 "http://chatvip24.tk/?q=node" "Mozilla/5.0 (X11; Ubuntu; Linux x86_64; rv:45.0) Gecko/20100101 Firefox/45.0"
181.64.192.224 - - [08/Oct/2016:02:42:17 -0400] "GET /?q=drupalchat/poll&drupalchat_last_timestamp=1475908732 HTTP/1.1" 200 608 "http://chatvip24.tk/?q=node" "Mozilla/5.0 (X11; Ubuntu; Linux x86_64; rv:45.0) Gecko/20100101 Firefox/45.0"
181.64.192.224 - - [08/Oct/2016:02:42:19 -0400] "GET /?q=drupalchat/poll&drupalchat_last_timestamp=1475908732 HTTP/1.1" 200 608 "http://chatvip24.tk/?q=node" "Mozilla/5.0 (X11; Ubuntu; Linux x86_64; rv:45.0) Gecko/20100101 Firefox/45.0"
181.64.192.224 - - [08/Oct/2016:02:42:19 -0400] "GET /?q=drupalchat/poll&drupalchat_last_timestamp=1475908732 HTTP/1.1" 200 608 "http://chatvip24.tk/?q=node" "Mozilla/5.0 (X11; Ubuntu; Linux x86_64; rv:45.0) Gecko/20100101 Firefox/45.0"
181.64.192.224 - - [08/Oct/2016:02:42:21 -0400] "GET /?q=drupalchat/poll&drupalchat_last_timestamp=1475908732 HTTP/1.1" 200 608 "http://chatvip24.tk/?q=node" "Mozilla/5.0 (X11; Ubuntu; Linux x86_64; rv:45.0) Gecko/20100101 Firefox/45.0"
181.64.192.224 - - [08/Oct/2016:02:42:21 -0400] "GET /?q=drupalchat/poll&drupalchat_last_timestamp=1475908732 HTTP/1.1" 200 608 "http://chatvip24.tk/?q=node" "Mozilla/5.0 (X11; Ubuntu; Linux x86_64; rv:45.0) Gecko/20100101 Firefox/45.0"
181.64.192.224 - - [08/Oct/2016:02:42:24 -0400] "GET /?q=drupalchat/poll&drupalchat_last_timestamp=1475908732 HTTP/1.1" 200 607 "http://chatvip24.tk/?q=node" "Mozilla/5.0 (X11; Ubuntu; Linux x86_64; rv:45.0) Gecko/20100101 Firefox/45.0"
181.64.192.224 - - [08/Oct/2016:02:42:24 -0400] "GET /?q=drupalchat/poll&drupalchat_last_timestamp=1475908732 HTTP/1.1" 200 608 "http://chatvip24.tk/?q=node" "Mozilla/5.0 (X11; Ubuntu; Linux x86_64; rv:45.0) Gecko/20100101 Firefox/45.0"
181.64.192.224 - - [08/Oct/2016:02:42:27 -0400] "GET /?q=drupalchat/poll&drupalchat_last_timestamp=1475908732 HTTP/1.1" 200 607 "http://chatvip24.tk/?q=node" "Mozilla/5.0 (X11; Ubuntu; Linux x86_64; rv:45.0) Gecko/20100101 Firefox/45.0"
181.64.192.224 - - [08/Oct/2016:02:42:27 -0400] "GET /?q=drupalchat/poll&drupalchat_last_timestamp=1475908732 HTTP/1.1" 200 607 "http://chatvip24.tk/?q=node" "Mozilla/5.0 (X11; Ubuntu; Linux x86_64; rv:45.0) Gecko/20100101 Firefox/45.0"
181.64.192.224 - - [08/Oct/2016:02:42:30 -0400] "GET /?q=drupalchat/poll&drupalchat_last_timestamp=1475908732 HTTP/1.1" 200 607 "http://chatvip24.tk/?q=node" "Mozilla/5.0 (X11; Ubuntu; Linux x86_64; rv:45.0) Gecko/20100101 Firefox/45.0"
181.64.192.224 - - [08/Oct/2016:02:42:30 -0400] "GET /?q=drupalchat/poll&drupalchat_last_timestamp=1475908732 HTTP/1.1" 200 607 "http://chatvip24.tk/?q=node" "Mozilla/5.0 (X11; Ubuntu; Linux x86_64; rv:45.0) Gecko/20100101 Firefox/45.0"
181.64.192.224 - - [08/Oct/2016:02:42:33 -0400] "GET /?q=drupalchat/poll&drupalchat_last_timestamp=1475908732 HTTP/1.1" 200 607 "http://chatvip24.tk/?q=node" "Mozilla/5.0 (X11; Ubuntu; Linux x86_64; rv:45.0) Gecko/20100101 Firefox/45.0"
181.64.192.224 - - [08/Oct/2016:02:42:33 -0400] "GET /?q=drupalchat/poll&drupalchat_last_timestamp=1475908732 HTTP/1.1" 200 607 "http://chatvip24.tk/?q=node" "Mozilla/5.0 (X11; Ubuntu; Linux x86_64; rv:45.0) Gecko/20100101 Firefox/45.0"
181.64.192.224 - - [08/Oct/2016:02:42:36 -0400] "GET /?q=drupalchat/poll&drupalchat_last_timestamp=1475908732 HTTP/1.1" 200 607 "http://chatvip24.tk/?q=node" "Mozilla/5.0 (X11; Ubuntu; Linux x86_64; rv:45.0) Gecko/20100101 Firefox/45.0"
181.64.192.224 - - [08/Oct/2016:02:42:36 -0400] "GET /?q=drupalchat/poll&drupalchat_last_timestamp=1475908732 HTTP/1.1" 200 607 "http://chatvip24.tk/?q=node" "Mozilla/5.0 (X11; Ubuntu; Linux x86_64; rv:45.0) Gecko/20100101 Firefox/45.0"
181.64.192.224 - - [08/Oct/2016:02:42:39 -0400] "GET /?q=drupalchat/poll&drupalchat_last_timestamp=1475908732 HTTP/1.1" 200 607 "http://chatvip24.tk/?q=node" "Mozilla/5.0 (X11; Ubuntu; Linux x86_64; rv:45.0) Gecko/20100101 Firefox/45.0"
181.64.192.224 - - [08/Oct/2016:02:42:39 -0400] "GET /?q=drupalchat/poll&drupalchat_last_timestamp=1475908732 HTTP/1.1" 200 607 "http://chatvip24.tk/?q=node" "Mozilla/5.0 (X11; Ubuntu; Linux x86_64; rv:45.0) Gecko/20100101 Firefox/45.0"
181.64.192.224 - - [08/Oct/2016:02:42:42 -0400] "GET /?q=drupalchat/poll&drupalchat_last_timestamp=1475908732 HTTP/1.1" 200 607 "http://chatvip24.tk/?q=node" "Mozilla/5.0 (X11; Ubuntu; Linux x86_64; rv:45.0) Gecko/20100101 Firefox/45.0"
181.64.192.224 - - [08/Oct/2016:02:42:42 -0400] "GET /?q=drupalchat/poll&drupalchat_last_timestamp=1475908732 HTTP/1.1" 200 607 "http://chatvip24.tk/?q=node" "Mozilla/5.0 (X11; Ubuntu; Linux x86_64; rv:45.0) Gecko/20100101 Firefox/45.0"
181.64.192.224 - - [08/Oct/2016:02:42:46 -0400] "GET /?q=drupalchat/poll&drupalchat_last_timestamp=1475908732 HTTP/1.1" 200 607 "http://chatvip24.tk/?q=node" "Mozilla/5.0 (X11; Ubuntu; Linux x86_64; rv:45.0) Gecko/20100101 Firefox/45.0"
181.64.192.224 - - [08/Oct/2016:02:42:46 -0400] "GET /?q=drupalchat/poll&drupalchat_last_timestamp=1475908732 HTTP/1.1" 200 607 "http://chatvip24.tk/?q=node" "Mozilla/5.0 (X11; Ubuntu; Linux x86_64; rv:45.0) Gecko/20100101 Firefox/45.0"
181.64.192.224 - - [08/Oct/2016:02:42:49 -0400] "GET /?q=drupalchat/poll&drupalchat_last_timestamp=1475908732 HTTP/1.1" 200 607 "http://chatvip24.tk/?q=node" "Mozilla/5.0 (X11; Ubuntu; Linux x86_64; rv:45.0) Gecko/20100101 Firefox/45.0"
181.64.192.224 - - [08/Oct/2016:02:42:49 -0400] "GET /?q=drupalchat/poll&drupalchat_last_timestamp=1475908732 HTTP/1.1" 200 607 "http://chatvip24.tk/?q=node" "Mozilla/5.0 (X11; Ubuntu; Linux x86_64; rv:45.0) Gecko/20100101 Firefox/45.0"
181.64.192.224 - - [08/Oct/2016:02:42:51 -0400] "GET /?q=drupalchat/poll&drupalchat_last_timestamp=1475908732 HTTP/1.1" 200 607 "http://chatvip24.tk/?q=node" "Mozilla/5.0 (X11; Ubuntu; Linux x86_64; rv:45.0) Gecko/20100101 Firefox/45.0"
181.64.192.224 - - [08/Oct/2016:02:42:51 -0400] "GET /?q=drupalchat/poll&drupalchat_last_timestamp=1475908732 HTTP/1.1" 200 572 "http://chatvip24.tk/?q=node" "Mozilla/5.0 (X11; Ubuntu; Linux x86_64; rv:45.0) Gecko/20100101 Firefox/45.0"
127.0.0.1 - - [08/Oct/2016:02:42:52 -0400] "OPTIONS * HTTP/1.0" 200 125 "-" "Apache/2.4.7 (Ubuntu) (internal dummy connection)"
181.64.192.224 - - [08/Oct/2016:02:42:53 -0400] "GET /?q=drupalchat/poll&drupalchat_last_timestamp=1475908732 HTTP/1.1" 200 572 "http://chatvip24.tk/?q=node" "Mozilla/5.0 (X11; Ubuntu; Linux x86_64; rv:45.0) Gecko/20100101 Firefox/45.0"
181.64.192.224 - - [08/Oct/2016:02:42:54 -0400] "GET /?q=drupalchat/poll&drupalchat_last_timestamp=1475908732 HTTP/1.1" 200 609 "http://chatvip24.tk/?q=node" "Mozilla/5.0 (X11; Ubuntu; Linux x86_64; rv:45.0) Gecko/20100101 Firefox/45.0"
181.64.192.224 - - [08/Oct/2016:02:42:56 -0400] "GET /?q=drupalchat/poll&drupalchat_last_timestamp=1475908732 HTTP/1.1" 200 608 "http://chatvip24.tk/?q=node" "Mozilla/5.0 (X11; Ubuntu; Linux x86_64; rv:45.0) Gecko/20100101 Firefox/45.0"
181.64.192.224 - - [08/Oct/2016:02:42:56 -0400] "GET /?q=drupalchat/poll&drupalchat_last_timestamp=1475908732 HTTP/1.1" 200 608 "http://chatvip24.tk/?q=node" "Mozilla/5.0 (X11; Ubuntu; Linux x86_64; rv:45.0) Gecko/20100101 Firefox/45.0"
181.64.192.224 - - [08/Oct/2016:02:42:58 -0400] "GET /?q=drupalchat/poll&drupalchat_last_timestamp=1475908732 HTTP/1.1" 200 608 "http://chatvip24.tk/?q=node" "Mozilla/5.0 (X11; Ubuntu; Linux x86_64; rv:45.0) Gecko/20100101 Firefox/45.0"
181.64.192.224 - - [08/Oct/2016:02:42:58 -0400] "GET /?q=drupalchat/poll&drupalchat_last_timestamp=1475908732 HTTP/1.1" 200 609 "http://chatvip24.tk/?q=node" "Mozilla/5.0 (X11; Ubuntu; Linux x86_64; rv:45.0) Gecko/20100101 Firefox/45.0"
181.64.192.224 - - [08/Oct/2016:02:43:00 -0400] "GET /?q=drupalchat/poll&drupalchat_last_timestamp=1475908732 HTTP/1.1" 200 608 "http://chatvip24.tk/?q=node" "Mozilla/5.0 (X11; Ubuntu; Linux x86_64; rv:45.0) Gecko/20100101 Firefox/45.0"
181.64.192.224 - - [08/Oct/2016:02:43:00 -0400] "GET /?q=drupalchat/poll&drupalchat_last_timestamp=1475908732 HTTP/1.1" 200 608 "http://chatvip24.tk/?q=node" "Mozilla/5.0 (X11; Ubuntu; Linux x86_64; rv:45.0) Gecko/20100101 Firefox/45.0"
181.64.192.224 - - [08/Oct/2016:02:43:02 -0400] "GET /?q=drupalchat/poll&drupalchat_last_timestamp=1475908732 HTTP/1.1" 200 608 "http://chatvip24.tk/?q=node" "Mozilla/5.0 (X11; Ubuntu; Linux x86_64; rv:45.0) Gecko/20100101 Firefox/45.0"
181.64.192.224 - - [08/Oct/2016:02:43:02 -0400] "GET /?q=drupalchat/poll&drupalchat_last_timestamp=1475908732 HTTP/1.1" 200 608 "http://chatvip24.tk/?q=node" "Mozilla/5.0 (X11; Ubuntu; Linux x86_64; rv:45.0) Gecko/20100101 Firefox/45.0"
181.65.62.227 - - [08/Oct/2016:02:43:04 -0400] "POST /?q=node&destination=node HTTP/1.1" 302 695 "http://chatvip24.tk/" "Mozilla/5.0 (Windows NT 6.3; WOW64) AppleWebKit/537.36 (KHTML, like Gecko) Chrome/53.0.2785.143 Safari/537.36"
181.64.192.224 - - [08/Oct/2016:02:43:04 -0400] "GET /?q=drupalchat/poll&drupalchat_last_timestamp=1475908732 HTTP/1.1" 200 608 "http://chatvip24.tk/?q=node" "Mozilla/5.0 (X11; Ubuntu; Linux x86_64; rv:45.0) Gecko/20100101 Firefox/45.0"
181.64.192.224 - - [08/Oct/2016:02:43:05 -0400] "GET /?q=drupalchat/poll&drupalchat_last_timestamp=1475908732 HTTP/1.1" 200 608 "http://chatvip24.tk/?q=node" "Mozilla/5.0 (X11; Ubuntu; Linux x86_64; rv:45.0) Gecko/20100101 Firefox/45.0"
181.65.62.227 - - [08/Oct/2016:02:43:05 -0400] "GET /?q=node HTTP/1.1" 200 4470 "http://chatvip24.tk/" "Mozilla/5.0 (Windows NT 6.3; WOW64) AppleWebKit/537.36 (KHTML, like Gecko) Chrome/53.0.2785.143 Safari/537.36"
181.65.62.227 - - [08/Oct/2016:02:43:06 -0400] "GET /sites/all/modules/drupalchat/themes/light/light.css?oepjbc HTTP/1.1" 200 2421 "http://chatvip24.tk/?q=node" "Mozilla/5.0 (Windows NT 6.3; WOW64) AppleWebKit/537.36 (KHTML, like Gecko) Chrome/53.0.2785.143 Safari/537.36"
181.65.62.227 - - [08/Oct/2016:02:43:06 -0400] "GET /sites/all/modules/drupalchat/js/jquery.titlealert.min.js?oepjbc HTTP/1.1" 200 1256 "http://chatvip24.tk/?q=node" "Mozilla/5.0 (Windows NT 6.3; WOW64) AppleWebKit/537.36 (KHTML, like Gecko) Chrome/53.0.2785.143 Safari/537.36"
181.65.62.227 - - [08/Oct/2016:02:43:06 -0400] "GET /sites/all/modules/drupalchat/js/ba-emotify.js?oepjbc HTTP/1.1" 200 2917 "http://chatvip24.tk/?q=node" "Mozilla/5.0 (Windows NT 6.3; WOW64) AppleWebKit/537.36 (KHTML, like Gecko) Chrome/53.0.2785.143 Safari/537.36"
181.65.62.227 - - [08/Oct/2016:02:43:06 -0400] "GET /sites/all/modules/drupalchat/js/swfobject.js?oepjbc HTTP/1.1" 200 4295 "http://chatvip24.tk/?q=node" "Mozilla/5.0 (Windows NT 6.3; WOW64) AppleWebKit/537.36 (KHTML, like Gecko) Chrome/53.0.2785.143 Safari/537.36"
181.64.192.224 - - [08/Oct/2016:02:43:07 -0400] "GET /?q=drupalchat/poll&drupalchat_last_timestamp=1475908732 HTTP/1.1" 200 744 "http://chatvip24.tk/?q=node" "Mozilla/5.0 (X11; Ubuntu; Linux x86_64; rv:45.0) Gecko/20100101 Firefox/45.0"
181.64.192.224 - - [08/Oct/2016:02:43:07 -0400] "GET /?q=drupalchat/poll&drupalchat_last_timestamp=1475908732 HTTP/1.1" 200 744 "http://chatvip24.tk/?q=node" "Mozilla/5.0 (X11; Ubuntu; Linux x86_64; rv:45.0) Gecko/20100101 Firefox/45.0"
181.65.62.227 - - [08/Oct/2016:02:43:07 -0400] "GET /sites/all/modules/drupalchat/js/drupalchat-jstorage.js?oepjbc HTTP/1.1" 200 5276 "http://chatvip24.tk/?q=node" "Mozilla/5.0 (Windows NT 6.3; WOW64) AppleWebKit/537.36 (KHTML, like Gecko) Chrome/53.0.2785.143 Safari/537.36"
181.65.62.227 - - [08/Oct/2016:02:43:08 -0400] "GET /sites/all/modules/drupalchat/themes/light/images/loading.gif HTTP/1.1" 200 1759 "http://chatvip24.tk/?q=node" "Mozilla/5.0 (Windows NT 6.3; WOW64) AppleWebKit/537.36 (KHTML, like Gecko) Chrome/53.0.2785.143 Safari/537.36"
181.65.62.227 - - [08/Oct/2016:02:43:08 -0400] "GET /sites/all/modules/drupalchat/js/drupalchat.js?oepjbc HTTP/1.1" 200 9658 "http://chatvip24.tk/?q=node" "Mozilla/5.0 (Windows NT 6.3; WOW64) AppleWebKit/537.36 (KHTML, like Gecko) Chrome/53.0.2785.143 Safari/537.36"
181.65.62.227 - - [08/Oct/2016:02:43:09 -0400] "GET /misc/menu-collapsed.png HTTP/1.1" 200 387 "http://chatvip24.tk/modules/system/system.menus.css?oepjbc" "Mozilla/5.0 (Windows NT 6.3; WOW64) AppleWebKit/537.36 (KHTML, like Gecko) Chrome/53.0.2785.143 Safari/537.36"
181.65.62.227 - - [08/Oct/2016:02:43:09 -0400] "GET /sites/all/modules/drupalchat/themes/light/images/options.png HTTP/1.1" 200 1375 "http://chatvip24.tk/sites/all/modules/drupalchat/themes/light/light.css?oepjbc" "Mozilla/5.0 (Windows NT 6.3; WOW64) AppleWebKit/537.36 (KHTML, like Gecko) Chrome/53.0.2785.143 Safari/537.36"
181.65.62.227 - - [08/Oct/2016:02:43:09 -0400] "GET /sites/all/modules/drupalchat/themes/light/images/online.png HTTP/1.1" 200 537 "http://chatvip24.tk/sites/all/modules/drupalchat/themes/light/light.css?oepjbc" "Mozilla/5.0 (Windows NT 6.3; WOW64) AppleWebKit/537.36 (KHTML, like Gecko) Chrome/53.0.2785.143 Safari/537.36"
181.64.192.224 - - [08/Oct/2016:02:43:09 -0400] "GET /?q=drupalchat/poll&drupalchat_last_timestamp=1475908732 HTTP/1.1" 200 608 "http://chatvip24.tk/?q=node" "Mozilla/5.0 (X11; Ubuntu; Linux x86_64; rv:45.0) Gecko/20100101 Firefox/45.0"
181.65.62.227 - - [08/Oct/2016:02:43:09 -0400] "GET /sites/all/modules/drupalchat/themes/light/images/chat-1.png HTTP/1.1" 200 1508 "http://chatvip24.tk/?q=node" "Mozilla/5.0 (Windows NT 6.3; WOW64) AppleWebKit/537.36 (KHTML, like Gecko) Chrome/53.0.2785.143 Safari/537.36"
181.65.62.227 - - [08/Oct/2016:02:43:09 -0400] "POST /?q=drupalchat/thread-history HTTP/1.1" 200 375 "http://chatvip24.tk/?q=node" "Mozilla/5.0 (Windows NT 6.3; WOW64) AppleWebKit/537.36 (KHTML, like Gecko) Chrome/53.0.2785.143 Safari/537.36"
181.64.192.224 - - [08/Oct/2016:02:43:09 -0400] "GET /?q=drupalchat/poll&drupalchat_last_timestamp=1475908732 HTTP/1.1" 200 744 "http://chatvip24.tk/?q=node" "Mozilla/5.0 (X11; Ubuntu; Linux x86_64; rv:45.0) Gecko/20100101 Firefox/45.0"
181.64.192.224 - - [08/Oct/2016:02:43:09 -0400] "GET /sites/all/modules/drupalchat/themes/light/images/offline.png HTTP/1.1" 200 571 "http://chatvip24.tk/sites/all/modules/drupalchat/themes/light/light.css?oepjbc" "Mozilla/5.0 (X11; Ubuntu; Linux x86_64; rv:45.0) Gecko/20100101 Firefox/45.0"
181.65.62.227 - - [08/Oct/2016:02:43:09 -0400] "GET /sites/all/modules/drupalchat/swf/sound.swf HTTP/1.1" 200 1350 "http://chatvip24.tk/?q=node" "Mozilla/5.0 (Windows NT 6.3; WOW64) AppleWebKit/537.36 (KHTML, like Gecko) Chrome/53.0.2785.143 Safari/537.36"
181.64.192.224 - - [08/Oct/2016:02:43:11 -0400] "POST /?q=drupalchat/send HTTP/1.1" 200 361 "http://chatvip24.tk/?q=node" "Mozilla/5.0 (X11; Ubuntu; Linux x86_64; rv:45.0) Gecko/20100101 Firefox/45.0"
181.64.192.224 - - [08/Oct/2016:02:43:11 -0400] "GET /?q=drupalchat/poll&drupalchat_last_timestamp=1475908732 HTTP/1.1" 200 955 "http://chatvip24.tk/?q=node" "Mozilla/5.0 (X11; Ubuntu; Linux x86_64; rv:45.0) Gecko/20100101 Firefox/45.0"
181.64.192.224 - - [08/Oct/2016:02:43:11 -0400] "GET /?q=drupalchat/poll&drupalchat_last_timestamp=1475908732 HTTP/1.1" 200 955 "http://chatvip24.tk/?q=node" "Mozilla/5.0 (X11; Ubuntu; Linux x86_64; rv:45.0) Gecko/20100101 Firefox/45.0"
181.65.62.227 - - [08/Oct/2016:02:43:11 -0400] "GET /?q=drupalchat/poll&drupalchat_last_timestamp=0 HTTP/1.1" 200 739 "http://chatvip24.tk/?q=node" "Mozilla/5.0 (Windows NT 6.3; WOW64) AppleWebKit/537.36 (KHTML, like Gecko) Chrome/53.0.2785.143 Safari/537.36"
181.65.62.227 - - [08/Oct/2016:02:43:12 -0400] "GET /sites/all/modules/drupalchat/themes/light/images/default_avatar.png HTTP/1.1" 200 636 "http://chatvip24.tk/?q=node" "Mozilla/5.0 (Windows NT 6.3; WOW64) AppleWebKit/537.36 (KHTML, like Gecko) Chrome/53.0.2785.143 Safari/537.36"
181.65.62.227 - - [08/Oct/2016:02:43:12 -0400] "GET /sites/all/modules/drupalchat/themes/light/images/default_room.png HTTP/1.1" 200 1397 "http://chatvip24.tk/?q=node" "Mozilla/5.0 (Windows NT 6.3; WOW64) AppleWebKit/537.36 (KHTML, like Gecko) Chrome/53.0.2785.143 Safari/537.36"
181.65.62.227 - - [08/Oct/2016:02:43:12 -0400] "GET /?q=drupalchat/poll&drupalchat_last_timestamp=0 HTTP/1.1" 200 739 "http://chatvip24.tk/?q=node" "Mozilla/5.0 (Windows NT 6.3; WOW64) AppleWebKit/537.36 (KHTML, like Gecko) Chrome/53.0.2785.143 Safari/537.36"
181.64.192.224 - - [08/Oct/2016:02:43:13 -0400] "GET /?q=drupalchat/poll&drupalchat_last_timestamp=1475908991 HTTP/1.1" 200 744 "http://chatvip24.tk/?q=node" "Mozilla/5.0 (X11; Ubuntu; Linux x86_64; rv:45.0) Gecko/20100101 Firefox/45.0"
181.64.192.224 - - [08/Oct/2016:02:43:13 -0400] "GET /?q=drupalchat/poll&drupalchat_last_timestamp=1475908991 HTTP/1.1" 200 744 "http://chatvip24.tk/?q=node" "Mozilla/5.0 (X11; Ubuntu; Linux x86_64; rv:45.0) Gecko/20100101 Firefox/45.0"
181.64.192.224 - - [08/Oct/2016:02:43:14 -0400] "POST /?q=drupalchat/send HTTP/1.1" 200 361 "http://chatvip24.tk/?q=node" "Mozilla/5.0 (X11; Ubuntu; Linux x86_64; rv:45.0) Gecko/20100101 Firefox/45.0"
181.65.62.227 - - [08/Oct/2016:02:43:14 -0400] "GET /?q=drupalchat/poll&drupalchat_last_timestamp=1475908992 HTTP/1.1" 200 963 "http://chatvip24.tk/?q=node" "Mozilla/5.0 (Windows NT 6.3; WOW64) AppleWebKit/537.36 (KHTML, like Gecko) Chrome/53.0.2785.143 Safari/537.36"
181.64.192.224 - - [08/Oct/2016:02:43:15 -0400] "POST /?q=drupalchat/send HTTP/1.1" 200 361 "http://chatvip24.tk/?q=node" "Mozilla/5.0 (X11; Ubuntu; Linux x86_64; rv:45.0) Gecko/20100101 Firefox/45.0"
181.65.62.227 - - [08/Oct/2016:02:43:15 -0400] "GET /?q=drupalchat/poll&drupalchat_last_timestamp=1475908992 HTTP/1.1" 200 1170 "http://chatvip24.tk/?q=node" "Mozilla/5.0 (Windows NT 6.3; WOW64) AppleWebKit/537.36 (KHTML, like Gecko) Chrome/53.0.2785.143 Safari/537.36"
181.64.192.224 - - [08/Oct/2016:02:43:15 -0400] "GET /?q=drupalchat/poll&drupalchat_last_timestamp=1475908991 HTTP/1.1" 200 1179 "http://chatvip24.tk/?q=node" "Mozilla/5.0 (X11; Ubuntu; Linux x86_64; rv:45.0) Gecko/20100101 Firefox/45.0"
181.64.192.224 - - [08/Oct/2016:02:43:16 -0400] "GET /?q=drupalchat/poll&drupalchat_last_timestamp=1475908991 HTTP/1.1" 200 1179 "http://chatvip24.tk/?q=node" "Mozilla/5.0 (X11; Ubuntu; Linux x86_64; rv:45.0) Gecko/20100101 Firefox/45.0"
181.65.62.227 - - [08/Oct/2016:02:43:17 -0400] "GET /?q=drupalchat/poll&drupalchat_last_timestamp=1475908995 HTTP/1.1" 200 741 "http://chatvip24.tk/?q=node" "Mozilla/5.0 (Windows NT 6.3; WOW64) AppleWebKit/537.36 (KHTML, like Gecko) Chrome/53.0.2785.143 Safari/537.36"
181.64.192.224 - - [08/Oct/2016:02:43:18 -0400] "GET /?q=drupalchat/poll&drupalchat_last_timestamp=1475908995 HTTP/1.1" 200 744 "http://chatvip24.tk/?q=node" "Mozilla/5.0 (X11; Ubuntu; Linux x86_64; rv:45.0) Gecko/20100101 Firefox/45.0"
181.64.192.224 - - [08/Oct/2016:02:43:18 -0400] "GET /?q=drupalchat/poll&drupalchat_last_timestamp=1475908995 HTTP/1.1" 200 744 "http://chatvip24.tk/?q=node" "Mozilla/5.0 (X11; Ubuntu; Linux x86_64; rv:45.0) Gecko/20100101 Firefox/45.0"
181.65.62.227 - - [08/Oct/2016:02:43:19 -0400] "GET /?q=drupalchat/poll&drupalchat_last_timestamp=1475908995 HTTP/1.1" 200 741 "http://chatvip24.tk/?q=node" "Mozilla/5.0 (Windows NT 6.3; WOW64) AppleWebKit/537.36 (KHTML, like Gecko) Chrome/53.0.2785.143 Safari/537.36"
127.0.0.1 - - [08/Oct/2016:02:43:19 -0400] "OPTIONS * HTTP/1.0" 200 125 "-" "Apache/2.4.7 (Ubuntu) (internal dummy connection)"
181.64.192.224 - - [08/Oct/2016:02:43:20 -0400] "GET /?q=drupalchat/poll&drupalchat_last_timestamp=1475908995 HTTP/1.1" 200 744 "http://chatvip24.tk/?q=node" "Mozilla/5.0 (X11; Ubuntu; Linux x86_64; rv:45.0) Gecko/20100101 Firefox/45.0"
181.64.192.224 - - [08/Oct/2016:02:43:20 -0400] "GET /?q=drupalchat/poll&drupalchat_last_timestamp=1475908995 HTTP/1.1" 200 744 "http://chatvip24.tk/?q=node" "Mozilla/5.0 (X11; Ubuntu; Linux x86_64; rv:45.0) Gecko/20100101 Firefox/45.0"
181.64.192.224 - - [08/Oct/2016:02:43:22 -0400] "GET /?q=drupalchat/poll&drupalchat_last_timestamp=1475908995 HTTP/1.1" 200 608 "http://chatvip24.tk/?q=node" "Mozilla/5.0 (X11; Ubuntu; Linux x86_64; rv:45.0) Gecko/20100101 Firefox/45.0"
181.64.192.224 - - [08/Oct/2016:02:43:22 -0400] "GET /?q=drupalchat/poll&drupalchat_last_timestamp=1475908995 HTTP/1.1" 200 608 "http://chatvip24.tk/?q=node" "Mozilla/5.0 (X11; Ubuntu; Linux x86_64; rv:45.0) Gecko/20100101 Firefox/45.0"
181.65.62.227 - - [08/Oct/2016:02:43:23 -0400] "GET /?q=drupalchat/poll&drupalchat_last_timestamp=1475908995 HTTP/1.1" 200 741 "http://chatvip24.tk/?q=node" "Mozilla/5.0 (Windows NT 6.3; WOW64) AppleWebKit/537.36 (KHTML, like Gecko) Chrome/53.0.2785.143 Safari/537.36"
181.65.62.227 - - [08/Oct/2016:02:43:24 -0400] "GET /?q=drupalchat/poll&drupalchat_last_timestamp=1475908995 HTTP/1.1" 200 741 "http://chatvip24.tk/?q=node" "Mozilla/5.0 (Windows NT 6.3; WOW64) AppleWebKit/537.36 (KHTML, like Gecko) Chrome/53.0.2785.143 Safari/537.36"
181.64.192.224 - - [08/Oct/2016:02:43:24 -0400] "GET /?q=drupalchat/poll&drupalchat_last_timestamp=1475908995 HTTP/1.1" 200 744 "http://chatvip24.tk/?q=node" "Mozilla/5.0 (X11; Ubuntu; Linux x86_64; rv:45.0) Gecko/20100101 Firefox/45.0"
181.64.192.224 - - [08/Oct/2016:02:43:24 -0400] "GET /?q=drupalchat/poll&drupalchat_last_timestamp=1475908995 HTTP/1.1" 200 744 "http://chatvip24.tk/?q=node" "Mozilla/5.0 (X11; Ubuntu; Linux x86_64; rv:45.0) Gecko/20100101 Firefox/45.0"
181.65.62.227 - - [08/Oct/2016:02:43:26 -0400] "GET /?q=drupalchat/poll&drupalchat_last_timestamp=1475908995 HTTP/1.1" 200 741 "http://chatvip24.tk/?q=node" "Mozilla/5.0 (Windows NT 6.3; WOW64) AppleWebKit/537.36 (KHTML, like Gecko) Chrome/53.0.2785.143 Safari/537.36"
181.64.192.224 - - [08/Oct/2016:02:43:27 -0400] "GET /?q=drupalchat/poll&drupalchat_last_timestamp=1475908995 HTTP/1.1" 200 744 "http://chatvip24.tk/?q=node" "Mozilla/5.0 (X11; Ubuntu; Linux x86_64; rv:45.0) Gecko/20100101 Firefox/45.0"
181.64.192.224 - - [08/Oct/2016:02:43:27 -0400] "GET /?q=drupalchat/poll&drupalchat_last_timestamp=1475908995 HTTP/1.1" 200 744 "http://chatvip24.tk/?q=node" "Mozilla/5.0 (X11; Ubuntu; Linux x86_64; rv:45.0) Gecko/20100101 Firefox/45.0"
181.65.62.227 - - [08/Oct/2016:02:43:27 -0400] "GET /?q=drupalchat/poll&drupalchat_last_timestamp=1475908995 HTTP/1.1" 200 741 "http://chatvip24.tk/?q=node" "Mozilla/5.0 (Windows NT 6.3; WOW64) AppleWebKit/537.36 (KHTML, like Gecko) Chrome/53.0.2785.143 Safari/537.36"
181.65.62.227 - - [08/Oct/2016:02:43:29 -0400] "GET /?q=drupalchat/poll&drupalchat_last_timestamp=1475908995 HTTP/1.1" 200 741 "http://chatvip24.tk/?q=node" "Mozilla/5.0 (Windows NT 6.3; WOW64) AppleWebKit/537.36 (KHTML, like Gecko) Chrome/53.0.2785.143 Safari/537.36"
181.64.192.224 - - [08/Oct/2016:02:43:29 -0400] "GET /?q=drupalchat/poll&drupalchat_last_timestamp=1475908995 HTTP/1.1" 200 744 "http://chatvip24.tk/?q=node" "Mozilla/5.0 (X11; Ubuntu; Linux x86_64; rv:45.0) Gecko/20100101 Firefox/45.0"
181.64.192.224 - - [08/Oct/2016:02:43:29 -0400] "GET /?q=drupalchat/poll&drupalchat_last_timestamp=1475908995 HTTP/1.1" 200 744 "http://chatvip24.tk/?q=node" "Mozilla/5.0 (X11; Ubuntu; Linux x86_64; rv:45.0) Gecko/20100101 Firefox/45.0"
181.65.62.227 - - [08/Oct/2016:02:43:30 -0400] "GET /?q=drupalchat/poll&drupalchat_last_timestamp=1475908995 HTTP/1.1" 200 741 "http://chatvip24.tk/?q=node" "Mozilla/5.0 (Windows NT 6.3; WOW64) AppleWebKit/537.36 (KHTML, like Gecko) Chrome/53.0.2785.143 Safari/537.36"
181.64.192.224 - - [08/Oct/2016:02:43:31 -0400] "GET /?q=drupalchat/poll&drupalchat_last_timestamp=1475908995 HTTP/1.1" 200 744 "http://chatvip24.tk/?q=node" "Mozilla/5.0 (X11; Ubuntu; Linux x86_64; rv:45.0) Gecko/20100101 Firefox/45.0"
181.64.192.224 - - [08/Oct/2016:02:43:31 -0400] "GET /?q=drupalchat/poll&drupalchat_last_timestamp=1475908995 HTTP/1.1" 200 744 "http://chatvip24.tk/?q=node" "Mozilla/5.0 (X11; Ubuntu; Linux x86_64; rv:45.0) Gecko/20100101 Firefox/45.0"
181.65.62.227 - - [08/Oct/2016:02:43:32 -0400] "GET /?q=drupalchat/poll&drupalchat_last_timestamp=1475908995 HTTP/1.1" 200 741 "http://chatvip24.tk/?q=node" "Mozilla/5.0 (Windows NT 6.3; WOW64) AppleWebKit/537.36 (KHTML, like Gecko) Chrome/53.0.2785.143 Safari/537.36"
181.65.62.227 - - [08/Oct/2016:02:43:33 -0400] "GET /?q=drupalchat/poll&drupalchat_last_timestamp=1475908995 HTTP/1.1" 200 741 "http://chatvip24.tk/?q=node" "Mozilla/5.0 (Windows NT 6.3; WOW64) AppleWebKit/537.36 (KHTML, like Gecko) Chrome/53.0.2785.143 Safari/537.36"
181.64.192.224 - - [08/Oct/2016:02:43:33 -0400] "GET /?q=drupalchat/poll&drupalchat_last_timestamp=1475908995 HTTP/1.1" 200 744 "http://chatvip24.tk/?q=node" "Mozilla/5.0 (X11; Ubuntu; Linux x86_64; rv:45.0) Gecko/20100101 Firefox/45.0"
181.64.192.224 - - [08/Oct/2016:02:43:33 -0400] "GET /?q=drupalchat/poll&drupalchat_last_timestamp=1475908995 HTTP/1.1" 200 744 "http://chatvip24.tk/?q=node" "Mozilla/5.0 (X11; Ubuntu; Linux x86_64; rv:45.0) Gecko/20100101 Firefox/45.0"
181.65.62.227 - - [08/Oct/2016:02:43:35 -0400] "GET /?q=drupalchat/poll&drupalchat_last_timestamp=1475908995 HTTP/1.1" 200 741 "http://chatvip24.tk/?q=node" "Mozilla/5.0 (Windows NT 6.3; WOW64) AppleWebKit/537.36 (KHTML, like Gecko) Chrome/53.0.2785.143 Safari/537.36"
181.64.192.224 - - [08/Oct/2016:02:43:35 -0400] "GET /?q=drupalchat/poll&drupalchat_last_timestamp=1475908995 HTTP/1.1" 200 744 "http://chatvip24.tk/?q=node" "Mozilla/5.0 (X11; Ubuntu; Linux x86_64; rv:45.0) Gecko/20100101 Firefox/45.0"
181.64.192.224 - - [08/Oct/2016:02:43:35 -0400] "GET /?q=drupalchat/poll&drupalchat_last_timestamp=1475908995 HTTP/1.1" 200 744 "http://chatvip24.tk/?q=node" "Mozilla/5.0 (X11; Ubuntu; Linux x86_64; rv:45.0) Gecko/20100101 Firefox/45.0"
181.65.62.227 - - [08/Oct/2016:02:43:36 -0400] "GET /?q=drupalchat/poll&drupalchat_last_timestamp=1475908995 HTTP/1.1" 200 741 "http://chatvip24.tk/?q=node" "Mozilla/5.0 (Windows NT 6.3; WOW64) AppleWebKit/537.36 (KHTML, like Gecko) Chrome/53.0.2785.143 Safari/537.36"
181.65.62.227 - - [08/Oct/2016:02:43:36 -0400] "GET / HTTP/1.1" 200 4471 "http://chatvip24.tk/?q=node" "Mozilla/5.0 (Windows NT 6.3; WOW64) AppleWebKit/537.36 (KHTML, like Gecko) Chrome/53.0.2785.143 Safari/537.36"
181.64.192.224 - - [08/Oct/2016:02:43:38 -0400] "GET /?q=drupalchat/poll&drupalchat_last_timestamp=1475908995 HTTP/1.1" 200 744 "http://chatvip24.tk/?q=node" "Mozilla/5.0 (X11; Ubuntu; Linux x86_64; rv:45.0) Gecko/20100101 Firefox/45.0"
181.64.192.224 - - [08/Oct/2016:02:43:38 -0400] "GET /?q=drupalchat/poll&drupalchat_last_timestamp=1475908995 HTTP/1.1" 200 744 "http://chatvip24.tk/?q=node" "Mozilla/5.0 (X11; Ubuntu; Linux x86_64; rv:45.0) Gecko/20100101 Firefox/45.0"
181.65.62.227 - - [08/Oct/2016:02:43:39 -0400] "POST /?q=drupalchat/thread-history HTTP/1.1" 200 1451 "http://chatvip24.tk/" "Mozilla/5.0 (Windows NT 6.3; WOW64) AppleWebKit/537.36 (KHTML, like Gecko) Chrome/53.0.2785.143 Safari/537.36"
181.64.192.224 - - [08/Oct/2016:02:43:40 -0400] "GET /?q=drupalchat/poll&drupalchat_last_timestamp=1475908995 HTTP/1.1" 200 744 "http://chatvip24.tk/?q=node" "Mozilla/5.0 (X11; Ubuntu; Linux x86_64; rv:45.0) Gecko/20100101 Firefox/45.0"
181.64.192.224 - - [08/Oct/2016:02:43:40 -0400] "GET /?q=drupalchat/poll&drupalchat_last_timestamp=1475908995 HTTP/1.1" 200 744 "http://chatvip24.tk/?q=node" "Mozilla/5.0 (X11; Ubuntu; Linux x86_64; rv:45.0) Gecko/20100101 Firefox/45.0"
181.64.192.224 - - [08/Oct/2016:02:43:42 -0400] "GET /?q=drupalchat/poll&drupalchat_last_timestamp=1475908995 HTTP/1.1" 200 608 "http://chatvip24.tk/?q=node" "Mozilla/5.0 (X11; Ubuntu; Linux x86_64; rv:45.0) Gecko/20100101 Firefox/45.0"
181.64.192.224 - - [08/Oct/2016:02:43:42 -0400] "GET /?q=drupalchat/poll&drupalchat_last_timestamp=1475908995 HTTP/1.1" 200 608 "http://chatvip24.tk/?q=node" "Mozilla/5.0 (X11; Ubuntu; Linux x86_64; rv:45.0) Gecko/20100101 Firefox/45.0"
181.65.62.227 - - [08/Oct/2016:02:43:42 -0400] "GET /?q=drupalchat/poll&drupalchat_last_timestamp=0 HTTP/1.1" 200 739 "http://chatvip24.tk/" "Mozilla/5.0 (Windows NT 6.3; WOW64) AppleWebKit/537.36 (KHTML, like Gecko) Chrome/53.0.2785.143 Safari/537.36"
181.65.62.227 - - [08/Oct/2016:02:43:44 -0400] "GET /?q=drupalchat/poll&drupalchat_last_timestamp=0 HTTP/1.1" 200 739 "http://chatvip24.tk/" "Mozilla/5.0 (Windows NT 6.3; WOW64) AppleWebKit/537.36 (KHTML, like Gecko) Chrome/53.0.2785.143 Safari/537.36"
181.64.192.224 - - [08/Oct/2016:02:43:44 -0400] "GET /?q=drupalchat/poll&drupalchat_last_timestamp=1475908995 HTTP/1.1" 200 744 "http://chatvip24.tk/?q=node" "Mozilla/5.0 (X11; Ubuntu; Linux x86_64; rv:45.0) Gecko/20100101 Firefox/45.0"
181.64.192.224 - - [08/Oct/2016:02:43:44 -0400] "GET /?q=drupalchat/poll&drupalchat_last_timestamp=1475908995 HTTP/1.1" 200 744 "http://chatvip24.tk/?q=node" "Mozilla/5.0 (X11; Ubuntu; Linux x86_64; rv:45.0) Gecko/20100101 Firefox/45.0"
181.65.62.227 - - [08/Oct/2016:02:43:45 -0400] "GET /?q=drupalchat/poll&drupalchat_last_timestamp=1475909024 HTTP/1.1" 200 741 "http://chatvip24.tk/" "Mozilla/5.0 (Windows NT 6.3; WOW64) AppleWebKit/537.36 (KHTML, like Gecko) Chrome/53.0.2785.143 Safari/537.36"
181.65.62.227 - - [08/Oct/2016:02:43:46 -0400] "GET /?q=drupalchat/poll&drupalchat_last_timestamp=1475909024 HTTP/1.1" 200 741 "http://chatvip24.tk/" "Mozilla/5.0 (Windows NT 6.3; WOW64) AppleWebKit/537.36 (KHTML, like Gecko) Chrome/53.0.2785.143 Safari/537.36"
181.64.192.224 - - [08/Oct/2016:02:43:47 -0400] "GET /?q=drupalchat/poll&drupalchat_last_timestamp=1475908995 HTTP/1.1" 200 744 "http://chatvip24.tk/?q=node" "Mozilla/5.0 (X11; Ubuntu; Linux x86_64; rv:45.0) Gecko/20100101 Firefox/45.0"
181.64.192.224 - - [08/Oct/2016:02:43:47 -0400] "GET /?q=drupalchat/poll&drupalchat_last_timestamp=1475908995 HTTP/1.1" 200 744 "http://chatvip24.tk/?q=node" "Mozilla/5.0 (X11; Ubuntu; Linux x86_64; rv:45.0) Gecko/20100101 Firefox/45.0"
181.65.62.227 - - [08/Oct/2016:02:43:48 -0400] "GET /?q=drupalchat/poll&drupalchat_last_timestamp=1475909024 HTTP/1.1" 200 741 "http://chatvip24.tk/" "Mozilla/5.0 (Windows NT 6.3; WOW64) AppleWebKit/537.36 (KHTML, like Gecko) Chrome/53.0.2785.143 Safari/537.36"
181.64.192.224 - - [08/Oct/2016:02:43:49 -0400] "GET /?q=drupalchat/poll&drupalchat_last_timestamp=1475908995 HTTP/1.1" 200 744 "http://chatvip24.tk/?q=node" "Mozilla/5.0 (X11; Ubuntu; Linux x86_64; rv:45.0) Gecko/20100101 Firefox/45.0"
181.64.192.224 - - [08/Oct/2016:02:43:49 -0400] "GET /?q=drupalchat/poll&drupalchat_last_timestamp=1475908995 HTTP/1.1" 200 744 "http://chatvip24.tk/?q=node" "Mozilla/5.0 (X11; Ubuntu; Linux x86_64; rv:45.0) Gecko/20100101 Firefox/45.0"
181.65.62.227 - - [08/Oct/2016:02:43:50 -0400] "GET /sites/all/modules/drupalchat/themes/light/images/subpanel_bar.png HTTP/1.1" 200 1208 "http://chatvip24.tk/sites/all/modules/drupalchat/themes/light/light.css?oepjbc" "Mozilla/5.0 (Windows NT 6.3; WOW64) AppleWebKit/537.36 (KHTML, like Gecko) Chrome/53.0.2785.143 Safari/537.36"
181.64.192.224 - - [08/Oct/2016:02:43:51 -0400] "GET /?q=drupalchat/poll&drupalchat_last_timestamp=1475908995 HTTP/1.1" 200 608 "http://chatvip24.tk/?q=node" "Mozilla/5.0 (X11; Ubuntu; Linux x86_64; rv:45.0) Gecko/20100101 Firefox/45.0"
181.64.192.224 - - [08/Oct/2016:02:43:51 -0400] "GET /?q=drupalchat/poll&drupalchat_last_timestamp=1475908995 HTTP/1.1" 200 608 "http://chatvip24.tk/?q=node" "Mozilla/5.0 (X11; Ubuntu; Linux x86_64; rv:45.0) Gecko/20100101 Firefox/45.0"
181.65.62.227 - - [08/Oct/2016:02:43:53 -0400] "GET /?q=drupalchat/poll&drupalchat_last_timestamp=1475909024 HTTP/1.1" 200 742 "http://chatvip24.tk/" "Mozilla/5.0 (Windows NT 6.3; WOW64) AppleWebKit/537.36 (KHTML, like Gecko) Chrome/53.0.2785.143 Safari/537.36"
181.64.192.224 - - [08/Oct/2016:02:43:53 -0400] "GET /?q=drupalchat/poll&drupalchat_last_timestamp=1475908995 HTTP/1.1" 200 744 "http://chatvip24.tk/?q=node" "Mozilla/5.0 (X11; Ubuntu; Linux x86_64; rv:45.0) Gecko/20100101 Firefox/45.0"
181.64.192.224 - - [08/Oct/2016:02:43:53 -0400] "GET /?q=drupalchat/poll&drupalchat_last_timestamp=1475908995 HTTP/1.1" 200 744 "http://chatvip24.tk/?q=node" "Mozilla/5.0 (X11; Ubuntu; Linux x86_64; rv:45.0) Gecko/20100101 Firefox/45.0"
