181.65.62.227 - - [08/Oct/2016:02:43:53 -0400] "POST /?q=drupalchat/send HTTP/1.1" 200 361 "http://chatvip24.tk/" "Mozilla/5.0 (Windows NT 6.3; WOW64) AppleWebKit/537.36 (KHTML, like Gecko) Chrome/53.0.2785.143 Safari/537.36"
181.65.62.227 - - [08/Oct/2016:02:43:54 -0400] "GET /?q=drupalchat/poll&drupalchat_last_timestamp=1475909024 HTTP/1.1" 200 952 "http://chatvip24.tk/" "Mozilla/5.0 (Windows NT 6.3; WOW64) AppleWebKit/537.36 (KHTML, like Gecko) Chrome/53.0.2785.143 Safari/537.36"
181.64.192.224 - - [08/Oct/2016:02:43:55 -0400] "GET /?q=drupalchat/poll&drupalchat_last_timestamp=1475908995 HTTP/1.1" 200 958 "http://chatvip24.tk/?q=node" "Mozilla/5.0 (X11; Ubuntu; Linux x86_64; rv:45.0) Gecko/20100101 Firefox/45.0"
181.64.192.224 - - [08/Oct/2016:02:43:55 -0400] "GET /?q=drupalchat/poll&drupalchat_last_timestamp=1475908995 HTTP/1.1" 200 958 "http://chatvip24.tk/?q=node" "Mozilla/5.0 (X11; Ubuntu; Linux x86_64; rv:45.0) Gecko/20100101 Firefox/45.0"
181.65.62.227 - - [08/Oct/2016:02:43:56 -0400] "GET /?q=drupalchat/poll&drupalchat_last_timestamp=1475909033 HTTP/1.1" 200 741 "http://chatvip24.tk/" "Mozilla/5.0 (Windows NT 6.3; WOW64) AppleWebKit/537.36 (KHTML, like Gecko) Chrome/53.0.2785.143 Safari/537.36"
181.65.62.227 - - [08/Oct/2016:02:43:57 -0400] "GET /?q=drupalchat/poll&drupalchat_last_timestamp=1475909033 HTTP/1.1" 200 741 "http://chatvip24.tk/" "Mozilla/5.0 (Windows NT 6.3; WOW64) AppleWebKit/537.36 (KHTML, like Gecko) Chrome/53.0.2785.143 Safari/537.36"
181.64.192.224 - - [08/Oct/2016:02:43:58 -0400] "GET /?q=drupalchat/poll&drupalchat_last_timestamp=1475909033 HTTP/1.1" 200 744 "http://chatvip24.tk/?q=node" "Mozilla/5.0 (X11; Ubuntu; Linux x86_64; rv:45.0) Gecko/20100101 Firefox/45.0"
181.64.192.224 - - [08/Oct/2016:02:43:58 -0400] "GET /?q=drupalchat/poll&drupalchat_last_timestamp=1475909033 HTTP/1.1" 200 744 "http://chatvip24.tk/?q=node" "Mozilla/5.0 (X11; Ubuntu; Linux x86_64; rv:45.0) Gecko/20100101 Firefox/45.0"
181.65.62.227 - - [08/Oct/2016:02:43:59 -0400] "POST /?q=drupalchat/send HTTP/1.1" 200 361 "http://chatvip24.tk/" "Mozilla/5.0 (Windows NT 6.3; WOW64) AppleWebKit/537.36 (KHTML, like Gecko) Chrome/53.0.2785.143 Safari/537.36"
181.64.192.224 - - [08/Oct/2016:02:44:00 -0400] "GET /?q=drupalchat/poll&drupalchat_last_timestamp=1475909033 HTTP/1.1" 200 954 "http://chatvip24.tk/?q=node" "Mozilla/5.0 (X11; Ubuntu; Linux x86_64; rv:45.0) Gecko/20100101 Firefox/45.0"
181.65.62.227 - - [08/Oct/2016:02:44:00 -0400] "GET /?q=drupalchat/poll&drupalchat_last_timestamp=1475909033 HTTP/1.1" 200 949 "http://chatvip24.tk/" "Mozilla/5.0 (Windows NT 6.3; WOW64) AppleWebKit/537.36 (KHTML, like Gecko) Chrome/53.0.2785.143 Safari/537.36"
181.64.192.224 - - [08/Oct/2016:02:44:00 -0400] "GET /?q=drupalchat/poll&drupalchat_last_timestamp=1475909033 HTTP/1.1" 200 954 "http://chatvip24.tk/?q=node" "Mozilla/5.0 (X11; Ubuntu; Linux x86_64; rv:45.0) Gecko/20100101 Firefox/45.0"
181.65.62.227 - - [08/Oct/2016:02:44:01 -0400] "GET /?q=drupalchat/poll&drupalchat_last_timestamp=1475909033 HTTP/1.1" 200 948 "http://chatvip24.tk/" "Mozilla/5.0 (Windows NT 6.3; WOW64) AppleWebKit/537.36 (KHTML, like Gecko) Chrome/53.0.2785.143 Safari/537.36"
181.64.192.224 - - [08/Oct/2016:02:44:02 -0400] "GET /?q=drupalchat/poll&drupalchat_last_timestamp=1475909039 HTTP/1.1" 200 744 "http://chatvip24.tk/?q=node" "Mozilla/5.0 (X11; Ubuntu; Linux x86_64; rv:45.0) Gecko/20100101 Firefox/45.0"
181.64.192.224 - - [08/Oct/2016:02:44:02 -0400] "GET /?q=drupalchat/poll&drupalchat_last_timestamp=1475909039 HTTP/1.1" 200 744 "http://chatvip24.tk/?q=node" "Mozilla/5.0 (X11; Ubuntu; Linux x86_64; rv:45.0) Gecko/20100101 Firefox/45.0"
181.64.192.224 - - [08/Oct/2016:02:44:03 -0400] "POST /?q=drupalchat/send HTTP/1.1" 200 361 "http://chatvip24.tk/?q=node" "Mozilla/5.0 (X11; Ubuntu; Linux x86_64; rv:45.0) Gecko/20100101 Firefox/45.0"
181.65.62.227 - - [08/Oct/2016:02:44:03 -0400] "GET /?q=drupalchat/poll&drupalchat_last_timestamp=1475909039 HTTP/1.1" 200 952 "http://chatvip24.tk/" "Mozilla/5.0 (Windows NT 6.3; WOW64) AppleWebKit/537.36 (KHTML, like Gecko) Chrome/53.0.2785.143 Safari/537.36"
181.64.192.224 - - [08/Oct/2016:02:44:04 -0400] "GET /?q=drupalchat/poll&drupalchat_last_timestamp=1475909039 HTTP/1.1" 200 958 "http://chatvip24.tk/?q=node" "Mozilla/5.0 (X11; Ubuntu; Linux x86_64; rv:45.0) Gecko/20100101 Firefox/45.0"
181.64.192.224 - - [08/Oct/2016:02:44:04 -0400] "GET /?q=drupalchat/poll&drupalchat_last_timestamp=1475909039 HTTP/1.1" 200 958 "http://chatvip24.tk/?q=node" "Mozilla/5.0 (X11; Ubuntu; Linux x86_64; rv:45.0) Gecko/20100101 Firefox/45.0"
181.65.62.227 - - [08/Oct/2016:02:44:05 -0400] "GET /?q=drupalchat/poll&drupalchat_last_timestamp=1475909043 HTTP/1.1" 200 741 "http://chatvip24.tk/" "Mozilla/5.0 (Windows NT 6.3; WOW64) AppleWebKit/537.36 (KHTML, like Gecko) Chrome/53.0.2785.143 Safari/537.36"
181.65.62.227 - - [08/Oct/2016:02:44:06 -0400] "POST /?q=drupalchat/send HTTP/1.1" 200 361 "http://chatvip24.tk/" "Mozilla/5.0 (Windows NT 6.3; WOW64) AppleWebKit/537.36 (KHTML, like Gecko) Chrome/53.0.2785.143 Safari/537.36"
181.64.192.224 - - [08/Oct/2016:02:44:07 -0400] "GET /?q=drupalchat/poll&drupalchat_last_timestamp=1475909043 HTTP/1.1" 200 967 "http://chatvip24.tk/?q=node" "Mozilla/5.0 (X11; Ubuntu; Linux x86_64; rv:45.0) Gecko/20100101 Firefox/45.0"
181.64.192.224 - - [08/Oct/2016:02:44:07 -0400] "GET /?q=drupalchat/poll&drupalchat_last_timestamp=1475909043 HTTP/1.1" 200 967 "http://chatvip24.tk/?q=node" "Mozilla/5.0 (X11; Ubuntu; Linux x86_64; rv:45.0) Gecko/20100101 Firefox/45.0"
181.65.62.227 - - [08/Oct/2016:02:44:07 -0400] "GET /?q=drupalchat/poll&drupalchat_last_timestamp=1475909043 HTTP/1.1" 200 962 "http://chatvip24.tk/" "Mozilla/5.0 (Windows NT 6.3; WOW64) AppleWebKit/537.36 (KHTML, like Gecko) Chrome/53.0.2785.143 Safari/537.36"
181.64.192.224 - - [08/Oct/2016:02:44:08 -0400] "POST /?q=drupalchat/send HTTP/1.1" 200 361 "http://chatvip24.tk/?q=node" "Mozilla/5.0 (X11; Ubuntu; Linux x86_64; rv:45.0) Gecko/20100101 Firefox/45.0"
181.65.62.227 - - [08/Oct/2016:02:44:08 -0400] "GET /?q=drupalchat/poll&drupalchat_last_timestamp=1475909046 HTTP/1.1" 200 964 "http://chatvip24.tk/" "Mozilla/5.0 (Windows NT 6.3; WOW64) AppleWebKit/537.36 (KHTML, like Gecko) Chrome/53.0.2785.143 Safari/537.36"
181.64.192.224 - - [08/Oct/2016:02:44:09 -0400] "GET /?q=drupalchat/poll&drupalchat_last_timestamp=1475909046 HTTP/1.1" 200 970 "http://chatvip24.tk/?q=node" "Mozilla/5.0 (X11; Ubuntu; Linux x86_64; rv:45.0) Gecko/20100101 Firefox/45.0"
181.64.192.224 - - [08/Oct/2016:02:44:09 -0400] "GET /?q=drupalchat/poll&drupalchat_last_timestamp=1475909046 HTTP/1.1" 200 970 "http://chatvip24.tk/?q=node" "Mozilla/5.0 (X11; Ubuntu; Linux x86_64; rv:45.0) Gecko/20100101 Firefox/45.0"
181.64.192.224 - - [08/Oct/2016:02:44:09 -0400] "POST /?q=drupalchat/send HTTP/1.1" 200 361 "http://chatvip24.tk/?q=node" "Mozilla/5.0 (X11; Ubuntu; Linux x86_64; rv:45.0) Gecko/20100101 Firefox/45.0"
181.65.62.227 - - [08/Oct/2016:02:44:10 -0400] "GET /?q=drupalchat/poll&drupalchat_last_timestamp=1475909048 HTTP/1.1" 200 952 "http://chatvip24.tk/" "Mozilla/5.0 (Windows NT 6.3; WOW64) AppleWebKit/537.36 (KHTML, like Gecko) Chrome/53.0.2785.143 Safari/537.36"
181.64.192.224 - - [08/Oct/2016:02:44:11 -0400] "GET /?q=drupalchat/poll&drupalchat_last_timestamp=1475909048 HTTP/1.1" 200 958 "http://chatvip24.tk/?q=node" "Mozilla/5.0 (X11; Ubuntu; Linux x86_64; rv:45.0) Gecko/20100101 Firefox/45.0"
181.64.192.224 - - [08/Oct/2016:02:44:11 -0400] "GET /?q=drupalchat/poll&drupalchat_last_timestamp=1475909048 HTTP/1.1" 200 958 "http://chatvip24.tk/?q=node" "Mozilla/5.0 (X11; Ubuntu; Linux x86_64; rv:45.0) Gecko/20100101 Firefox/45.0"
181.65.62.227 - - [08/Oct/2016:02:44:12 -0400] "GET /?q=drupalchat/poll&drupalchat_last_timestamp=1475909049 HTTP/1.1" 200 741 "http://chatvip24.tk/" "Mozilla/5.0 (Windows NT 6.3; WOW64) AppleWebKit/537.36 (KHTML, like Gecko) Chrome/53.0.2785.143 Safari/537.36"
181.65.62.227 - - [08/Oct/2016:02:44:13 -0400] "GET /?q=drupalchat/poll&drupalchat_last_timestamp=1475909049 HTTP/1.1" 200 741 "http://chatvip24.tk/" "Mozilla/5.0 (Windows NT 6.3; WOW64) AppleWebKit/537.36 (KHTML, like Gecko) Chrome/53.0.2785.143 Safari/537.36"
181.64.192.224 - - [08/Oct/2016:02:44:14 -0400] "GET /?q=drupalchat/poll&drupalchat_last_timestamp=1475909049 HTTP/1.1" 200 744 "http://chatvip24.tk/?q=node" "Mozilla/5.0 (X11; Ubuntu; Linux x86_64; rv:45.0) Gecko/20100101 Firefox/45.0"
181.64.192.224 - - [08/Oct/2016:02:44:14 -0400] "GET /?q=drupalchat/poll&drupalchat_last_timestamp=1475909049 HTTP/1.1" 200 744 "http://chatvip24.tk/?q=node" "Mozilla/5.0 (X11; Ubuntu; Linux x86_64; rv:45.0) Gecko/20100101 Firefox/45.0"
181.65.62.227 - - [08/Oct/2016:02:44:15 -0400] "GET /?q=drupalchat/poll&drupalchat_last_timestamp=1475909049 HTTP/1.1" 200 741 "http://chatvip24.tk/" "Mozilla/5.0 (Windows NT 6.3; WOW64) AppleWebKit/537.36 (KHTML, like Gecko) Chrome/53.0.2785.143 Safari/537.36"
181.65.62.227 - - [08/Oct/2016:02:44:16 -0400] "GET /?q=drupalchat/poll&drupalchat_last_timestamp=1475909049 HTTP/1.1" 200 741 "http://chatvip24.tk/" "Mozilla/5.0 (Windows NT 6.3; WOW64) AppleWebKit/537.36 (KHTML, like Gecko) Chrome/53.0.2785.143 Safari/537.36"
181.64.192.224 - - [08/Oct/2016:02:44:17 -0400] "GET /?q=drupalchat/poll&drupalchat_last_timestamp=1475909049 HTTP/1.1" 200 744 "http://chatvip24.tk/?q=node" "Mozilla/5.0 (X11; Ubuntu; Linux x86_64; rv:45.0) Gecko/20100101 Firefox/45.0"
181.64.192.224 - - [08/Oct/2016:02:44:17 -0400] "GET /?q=drupalchat/poll&drupalchat_last_timestamp=1475909049 HTTP/1.1" 200 744 "http://chatvip24.tk/?q=node" "Mozilla/5.0 (X11; Ubuntu; Linux x86_64; rv:45.0) Gecko/20100101 Firefox/45.0"
181.65.62.227 - - [08/Oct/2016:02:44:17 -0400] "GET /?q=drupalchat/poll&drupalchat_last_timestamp=1475909049 HTTP/1.1" 200 741 "http://chatvip24.tk/" "Mozilla/5.0 (Windows NT 6.3; WOW64) AppleWebKit/537.36 (KHTML, like Gecko) Chrome/53.0.2785.143 Safari/537.36"
181.65.62.227 - - [08/Oct/2016:02:44:19 -0400] "GET /?q=drupalchat/poll&drupalchat_last_timestamp=1475909049 HTTP/1.1" 200 741 "http://chatvip24.tk/" "Mozilla/5.0 (Windows NT 6.3; WOW64) AppleWebKit/537.36 (KHTML, like Gecko) Chrome/53.0.2785.143 Safari/537.36"
181.65.62.227 - - [08/Oct/2016:02:44:20 -0400] "GET /?q=drupalchat/poll&drupalchat_last_timestamp=1475909049 HTTP/1.1" 200 608 "http://chatvip24.tk/" "Mozilla/5.0 (Windows NT 6.3; WOW64) AppleWebKit/537.36 (KHTML, like Gecko) Chrome/53.0.2785.143 Safari/537.36"
181.64.192.224 - - [08/Oct/2016:02:44:21 -0400] "GET /?q=drupalchat/poll&drupalchat_last_timestamp=1475909049 HTTP/1.1" 200 744 "http://chatvip24.tk/?q=node" "Mozilla/5.0 (X11; Ubuntu; Linux x86_64; rv:45.0) Gecko/20100101 Firefox/45.0"
181.64.192.224 - - [08/Oct/2016:02:44:21 -0400] "GET /?q=drupalchat/poll&drupalchat_last_timestamp=1475909049 HTTP/1.1" 200 744 "http://chatvip24.tk/?q=node" "Mozilla/5.0 (X11; Ubuntu; Linux x86_64; rv:45.0) Gecko/20100101 Firefox/45.0"
181.65.62.227 - - [08/Oct/2016:02:44:21 -0400] "GET /sites/all/modules/drupalchat/themes/light/images/offline.png HTTP/1.1" 200 571 "http://chatvip24.tk/sites/all/modules/drupalchat/themes/light/light.css?oepjbc" "Mozilla/5.0 (Windows NT 6.3; WOW64) AppleWebKit/537.36 (KHTML, like Gecko) Chrome/53.0.2785.143 Safari/537.36"
181.65.62.227 - - [08/Oct/2016:02:44:22 -0400] "GET /?q=drupalchat/poll&drupalchat_last_timestamp=1475909049 HTTP/1.1" 200 741 "http://chatvip24.tk/" "Mozilla/5.0 (Windows NT 6.3; WOW64) AppleWebKit/537.36 (KHTML, like Gecko) Chrome/53.0.2785.143 Safari/537.36"
181.65.62.227 - - [08/Oct/2016:02:44:23 -0400] "POST /?q=drupalchat/send HTTP/1.1" 200 362 "http://chatvip24.tk/" "Mozilla/5.0 (Windows NT 6.3; WOW64) AppleWebKit/537.36 (KHTML, like Gecko) Chrome/53.0.2785.143 Safari/537.36"
181.65.62.227 - - [08/Oct/2016:02:44:23 -0400] "GET /?q=drupalchat/poll&drupalchat_last_timestamp=1475909049 HTTP/1.1" 200 971 "http://chatvip24.tk/" "Mozilla/5.0 (Windows NT 6.3; WOW64) AppleWebKit/537.36 (KHTML, like Gecko) Chrome/53.0.2785.143 Safari/537.36"
181.64.192.224 - - [08/Oct/2016:02:44:24 -0400] "GET /?q=drupalchat/poll&drupalchat_last_timestamp=1475909049 HTTP/1.1" 200 977 "http://chatvip24.tk/?q=node" "Mozilla/5.0 (X11; Ubuntu; Linux x86_64; rv:45.0) Gecko/20100101 Firefox/45.0"
181.64.192.224 - - [08/Oct/2016:02:44:25 -0400] "GET /?q=drupalchat/poll&drupalchat_last_timestamp=1475909049 HTTP/1.1" 200 977 "http://chatvip24.tk/?q=node" "Mozilla/5.0 (X11; Ubuntu; Linux x86_64; rv:45.0) Gecko/20100101 Firefox/45.0"
181.65.62.227 - - [08/Oct/2016:02:44:26 -0400] "GET /?q=drupalchat/poll&drupalchat_last_timestamp=1475909063 HTTP/1.1" 200 741 "http://chatvip24.tk/" "Mozilla/5.0 (Windows NT 6.3; WOW64) AppleWebKit/537.36 (KHTML, like Gecko) Chrome/53.0.2785.143 Safari/537.36"
181.65.62.227 - - [08/Oct/2016:02:44:28 -0400] "GET /?q=drupalchat/poll&drupalchat_last_timestamp=1475909063 HTTP/1.1" 200 608 "http://chatvip24.tk/" "Mozilla/5.0 (Windows NT 6.3; WOW64) AppleWebKit/537.36 (KHTML, like Gecko) Chrome/53.0.2785.143 Safari/537.36"
181.64.192.224 - - [08/Oct/2016:02:44:28 -0400] "GET /?q=drupalchat/poll&drupalchat_last_timestamp=1475909063 HTTP/1.1" 200 744 "http://chatvip24.tk/?q=node" "Mozilla/5.0 (X11; Ubuntu; Linux x86_64; rv:45.0) Gecko/20100101 Firefox/45.0"
181.64.192.224 - - [08/Oct/2016:02:44:28 -0400] "GET /?q=drupalchat/poll&drupalchat_last_timestamp=1475909063 HTTP/1.1" 200 744 "http://chatvip24.tk/?q=node" "Mozilla/5.0 (X11; Ubuntu; Linux x86_64; rv:45.0) Gecko/20100101 Firefox/45.0"
181.64.192.224 - - [08/Oct/2016:02:44:29 -0400] "GET /modules/contextual/images/gear-select.png HTTP/1.1" 200 789 "http://chatvip24.tk/modules/contextual/contextual.css?oepjbc" "Mozilla/5.0 (X11; Ubuntu; Linux x86_64; rv:45.0) Gecko/20100101 Firefox/45.0"
181.65.62.227 - - [08/Oct/2016:02:44:29 -0400] "GET /?q=drupalchat/poll&drupalchat_last_timestamp=1475909063 HTTP/1.1" 200 741 "http://chatvip24.tk/" "Mozilla/5.0 (Windows NT 6.3; WOW64) AppleWebKit/537.36 (KHTML, like Gecko) Chrome/53.0.2785.143 Safari/537.36"
181.65.62.227 - - [08/Oct/2016:02:44:31 -0400] "GET /?q=drupalchat/poll&drupalchat_last_timestamp=1475909063 HTTP/1.1" 200 608 "http://chatvip24.tk/" "Mozilla/5.0 (Windows NT 6.3; WOW64) AppleWebKit/537.36 (KHTML, like Gecko) Chrome/53.0.2785.143 Safari/537.36"
181.64.192.224 - - [08/Oct/2016:02:44:31 -0400] "GET /?q=drupalchat/poll&drupalchat_last_timestamp=1475909063 HTTP/1.1" 200 744 "http://chatvip24.tk/?q=node" "Mozilla/5.0 (X11; Ubuntu; Linux x86_64; rv:45.0) Gecko/20100101 Firefox/45.0"
181.64.192.224 - - [08/Oct/2016:02:44:31 -0400] "GET /?q=drupalchat/poll&drupalchat_last_timestamp=1475909063 HTTP/1.1" 200 744 "http://chatvip24.tk/?q=node" "Mozilla/5.0 (X11; Ubuntu; Linux x86_64; rv:45.0) Gecko/20100101 Firefox/45.0"
181.65.62.227 - - [08/Oct/2016:02:44:32 -0400] "GET /?q=drupalchat/poll&drupalchat_last_timestamp=1475909063 HTTP/1.1" 200 741 "http://chatvip24.tk/" "Mozilla/5.0 (Windows NT 6.3; WOW64) AppleWebKit/537.36 (KHTML, like Gecko) Chrome/53.0.2785.143 Safari/537.36"
181.65.62.227 - - [08/Oct/2016:02:44:33 -0400] "GET /?q=drupalchat/poll&drupalchat_last_timestamp=1475909063 HTTP/1.1" 200 741 "http://chatvip24.tk/" "Mozilla/5.0 (Windows NT 6.3; WOW64) AppleWebKit/537.36 (KHTML, like Gecko) Chrome/53.0.2785.143 Safari/537.36"
181.64.192.224 - - [08/Oct/2016:02:44:34 -0400] "GET /?q=drupalchat/poll&drupalchat_last_timestamp=1475909063 HTTP/1.1" 200 744 "http://chatvip24.tk/?q=node" "Mozilla/5.0 (X11; Ubuntu; Linux x86_64; rv:45.0) Gecko/20100101 Firefox/45.0"
181.64.192.224 - - [08/Oct/2016:02:44:34 -0400] "GET /?q=drupalchat/poll&drupalchat_last_timestamp=1475909063 HTTP/1.1" 200 744 "http://chatvip24.tk/?q=node" "Mozilla/5.0 (X11; Ubuntu; Linux x86_64; rv:45.0) Gecko/20100101 Firefox/45.0"
181.65.62.227 - - [08/Oct/2016:02:44:34 -0400] "GET /?q=drupalchat/poll&drupalchat_last_timestamp=1475909063 HTTP/1.1" 200 741 "http://chatvip24.tk/" "Mozilla/5.0 (Windows NT 6.3; WOW64) AppleWebKit/537.36 (KHTML, like Gecko) Chrome/53.0.2785.143 Safari/537.36"
181.65.62.227 - - [08/Oct/2016:02:44:36 -0400] "GET /?q=drupalchat/poll&drupalchat_last_timestamp=1475909063 HTTP/1.1" 200 741 "http://chatvip24.tk/" "Mozilla/5.0 (Windows NT 6.3; WOW64) AppleWebKit/537.36 (KHTML, like Gecko) Chrome/53.0.2785.143 Safari/537.36"
181.65.62.227 - - [08/Oct/2016:02:44:37 -0400] "GET /?q=drupalchat/poll&drupalchat_last_timestamp=1475909063 HTTP/1.1" 200 608 "http://chatvip24.tk/" "Mozilla/5.0 (Windows NT 6.3; WOW64) AppleWebKit/537.36 (KHTML, like Gecko) Chrome/53.0.2785.143 Safari/537.36"
181.64.192.224 - - [08/Oct/2016:02:44:37 -0400] "GET /?q=drupalchat/poll&drupalchat_last_timestamp=1475909063 HTTP/1.1" 200 744 "http://chatvip24.tk/?q=node" "Mozilla/5.0 (X11; Ubuntu; Linux x86_64; rv:45.0) Gecko/20100101 Firefox/45.0"
181.64.192.224 - - [08/Oct/2016:02:44:37 -0400] "GET /?q=drupalchat/poll&drupalchat_last_timestamp=1475909063 HTTP/1.1" 200 744 "http://chatvip24.tk/?q=node" "Mozilla/5.0 (X11; Ubuntu; Linux x86_64; rv:45.0) Gecko/20100101 Firefox/45.0"
181.65.62.227 - - [08/Oct/2016:02:44:38 -0400] "GET /?q=node/add HTTP/1.1" 302 370 "http://chatvip24.tk/" "Mozilla/5.0 (Windows NT 6.3; WOW64) AppleWebKit/537.36 (KHTML, like Gecko) Chrome/53.0.2785.143 Safari/537.36"
181.65.62.227 - - [08/Oct/2016:02:44:40 -0400] "GET /?q=drupalchat/poll&drupalchat_last_timestamp=1475909063 HTTP/1.1" 200 609 "http://chatvip24.tk/" "Mozilla/5.0 (Windows NT 6.3; WOW64) AppleWebKit/537.36 (KHTML, like Gecko) Chrome/53.0.2785.143 Safari/537.36"
181.65.62.227 - - [08/Oct/2016:02:44:40 -0400] "GET /?q=node/add/article HTTP/1.1" 200 5460 "http://chatvip24.tk/" "Mozilla/5.0 (Windows NT 6.3; WOW64) AppleWebKit/537.36 (KHTML, like Gecko) Chrome/53.0.2785.143 Safari/537.36"
181.64.192.224 - - [08/Oct/2016:02:44:41 -0400] "GET /?q=drupalchat/poll&drupalchat_last_timestamp=1475909063 HTTP/1.1" 200 744 "http://chatvip24.tk/?q=node" "Mozilla/5.0 (X11; Ubuntu; Linux x86_64; rv:45.0) Gecko/20100101 Firefox/45.0"
181.64.192.224 - - [08/Oct/2016:02:44:41 -0400] "GET /?q=drupalchat/poll&drupalchat_last_timestamp=1475909063 HTTP/1.1" 200 744 "http://chatvip24.tk/?q=node" "Mozilla/5.0 (X11; Ubuntu; Linux x86_64; rv:45.0) Gecko/20100101 Firefox/45.0"
181.65.62.227 - - [08/Oct/2016:02:44:41 -0400] "GET /?q=drupalchat/poll&drupalchat_last_timestamp=1475909063 HTTP/1.1" 200 741 "http://chatvip24.tk/" "Mozilla/5.0 (Windows NT 6.3; WOW64) AppleWebKit/537.36 (KHTML, like Gecko) Chrome/53.0.2785.143 Safari/537.36"
181.65.62.227 - - [08/Oct/2016:02:44:41 -0400] "GET /modules/system/system.admin.css?oepjbc HTTP/1.1" 200 1715 "http://chatvip24.tk/?q=node/add/article" "Mozilla/5.0 (Windows NT 6.3; WOW64) AppleWebKit/537.36 (KHTML, like Gecko) Chrome/53.0.2785.143 Safari/537.36"
181.65.62.227 - - [08/Oct/2016:02:44:42 -0400] "GET /misc/vertical-tabs.css?oepjbc HTTP/1.1" 200 1040 "http://chatvip24.tk/?q=node/add/article" "Mozilla/5.0 (Windows NT 6.3; WOW64) AppleWebKit/537.36 (KHTML, like Gecko) Chrome/53.0.2785.143 Safari/537.36"
181.65.62.227 - - [08/Oct/2016:02:44:42 -0400] "GET /modules/filter/filter.css?oepjbc HTTP/1.1" 200 721 "http://chatvip24.tk/?q=node/add/article" "Mozilla/5.0 (Windows NT 6.3; WOW64) AppleWebKit/537.36 (KHTML, like Gecko) Chrome/53.0.2785.143 Safari/537.36"
181.65.62.227 - - [08/Oct/2016:02:44:42 -0400] "GET /modules/file/file.css?oepjbc HTTP/1.1" 200 590 "http://chatvip24.tk/?q=node/add/article" "Mozilla/5.0 (Windows NT 6.3; WOW64) AppleWebKit/537.36 (KHTML, like Gecko) Chrome/53.0.2785.143 Safari/537.36"
181.65.62.227 - - [08/Oct/2016:02:44:42 -0400] "GET /modules/image/image.css?oepjbc HTTP/1.1" 200 486 "http://chatvip24.tk/?q=node/add/article" "Mozilla/5.0 (Windows NT 6.3; WOW64) AppleWebKit/537.36 (KHTML, like Gecko) Chrome/53.0.2785.143 Safari/537.36"
181.65.62.227 - - [08/Oct/2016:02:44:42 -0400] "GET /misc/jquery.cookie.js?v=1.0 HTTP/1.1" 200 904 "http://chatvip24.tk/?q=node/add/article" "Mozilla/5.0 (Windows NT 6.3; WOW64) AppleWebKit/537.36 (KHTML, like Gecko) Chrome/53.0.2785.143 Safari/537.36"
181.65.62.227 - - [08/Oct/2016:02:44:42 -0400] "GET /misc/jquery.form.js?v=2.52 HTTP/1.1" 200 4289 "http://chatvip24.tk/?q=node/add/article" "Mozilla/5.0 (Windows NT 6.3; WOW64) AppleWebKit/537.36 (KHTML, like Gecko) Chrome/53.0.2785.143 Safari/537.36"
181.65.62.227 - - [08/Oct/2016:02:44:44 -0400] "GET /misc/vertical-tabs.js?v=1.0 HTTP/1.1" 200 2417 "http://chatvip24.tk/?q=node/add/article" "Mozilla/5.0 (Windows NT 6.3; WOW64) AppleWebKit/537.36 (KHTML, like Gecko) Chrome/53.0.2785.143 Safari/537.36"
181.65.62.227 - - [08/Oct/2016:02:44:44 -0400] "GET /misc/form.js?v=7.51 HTTP/1.1" 200 1350 "http://chatvip24.tk/?q=node/add/article" "Mozilla/5.0 (Windows NT 6.3; WOW64) AppleWebKit/537.36 (KHTML, like Gecko) Chrome/53.0.2785.143 Safari/537.36"
181.65.62.227 - - [08/Oct/2016:02:44:44 -0400] "GET /misc/ajax.js?v=7.51 HTTP/1.1" 200 8154 "http://chatvip24.tk/?q=node/add/article" "Mozilla/5.0 (Windows NT 6.3; WOW64) AppleWebKit/537.36 (KHTML, like Gecko) Chrome/53.0.2785.143 Safari/537.36"
181.65.62.227 - - [08/Oct/2016:02:44:44 -0400] "GET /misc/autocomplete.js?v=7.51 HTTP/1.1" 200 3060 "http://chatvip24.tk/?q=node/add/article" "Mozilla/5.0 (Windows NT 6.3; WOW64) AppleWebKit/537.36 (KHTML, like Gecko) Chrome/53.0.2785.143 Safari/537.36"
181.65.62.227 - - [08/Oct/2016:02:44:44 -0400] "GET /misc/textarea.js?v=7.51 HTTP/1.1" 200 766 "http://chatvip24.tk/?q=node/add/article" "Mozilla/5.0 (Windows NT 6.3; WOW64) AppleWebKit/537.36 (KHTML, like Gecko) Chrome/53.0.2785.143 Safari/537.36"
181.65.62.227 - - [08/Oct/2016:02:44:44 -0400] "GET /modules/field/modules/text/text.js?oepjbc HTTP/1.1" 200 1041 "http://chatvip24.tk/?q=node/add/article" "Mozilla/5.0 (Windows NT 6.3; WOW64) AppleWebKit/537.36 (KHTML, like Gecko) Chrome/53.0.2785.143 Safari/537.36"
181.64.192.224 - - [08/Oct/2016:02:44:44 -0400] "GET /?q=drupalchat/poll&drupalchat_last_timestamp=1475909063 HTTP/1.1" 200 608 "http://chatvip24.tk/?q=node" "Mozilla/5.0 (X11; Ubuntu; Linux x86_64; rv:45.0) Gecko/20100101 Firefox/45.0"
181.64.192.224 - - [08/Oct/2016:02:44:44 -0400] "GET /?q=drupalchat/poll&drupalchat_last_timestamp=1475909063 HTTP/1.1" 200 608 "http://chatvip24.tk/?q=node" "Mozilla/5.0 (X11; Ubuntu; Linux x86_64; rv:45.0) Gecko/20100101 Firefox/45.0"
181.65.62.227 - - [08/Oct/2016:02:44:45 -0400] "GET /modules/filter/filter.js?oepjbc HTTP/1.1" 200 636 "http://chatvip24.tk/?q=node/add/article" "Mozilla/5.0 (Windows NT 6.3; WOW64) AppleWebKit/537.36 (KHTML, like Gecko) Chrome/53.0.2785.143 Safari/537.36"
181.65.62.227 - - [08/Oct/2016:02:44:45 -0400] "GET /misc/progress.js?v=7.51 HTTP/1.1" 200 1551 "http://chatvip24.tk/?q=node/add/article" "Mozilla/5.0 (Windows NT 6.3; WOW64) AppleWebKit/537.36 (KHTML, like Gecko) Chrome/53.0.2785.143 Safari/537.36"
181.65.62.227 - - [08/Oct/2016:02:44:45 -0400] "GET /modules/file/file.js?oepjbc HTTP/1.1" 200 2526 "http://chatvip24.tk/?q=node/add/article" "Mozilla/5.0 (Windows NT 6.3; WOW64) AppleWebKit/537.36 (KHTML, like Gecko) Chrome/53.0.2785.143 Safari/537.36"
181.65.62.227 - - [08/Oct/2016:02:44:46 -0400] "GET /misc/throbber-inactive.png HTTP/1.1" 200 603 "http://chatvip24.tk/modules/system/system.base.css?oepjbc" "Mozilla/5.0 (Windows NT 6.3; WOW64) AppleWebKit/537.36 (KHTML, like Gecko) Chrome/53.0.2785.143 Safari/537.36"
181.65.62.227 - - [08/Oct/2016:02:44:46 -0400] "GET /misc/help.png HTTP/1.1" 200 577 "http://chatvip24.tk/modules/filter/filter.css?oepjbc" "Mozilla/5.0 (Windows NT 6.3; WOW64) AppleWebKit/537.36 (KHTML, like Gecko) Chrome/53.0.2785.143 Safari/537.36"
181.65.62.227 - - [08/Oct/2016:02:44:46 -0400] "GET /misc/menu-expanded.png HTTP/1.1" 200 388 "http://chatvip24.tk/modules/system/system.menus.css?oepjbc" "Mozilla/5.0 (Windows NT 6.3; WOW64) AppleWebKit/537.36 (KHTML, like Gecko) Chrome/53.0.2785.143 Safari/537.36"
181.65.62.227 - - [08/Oct/2016:02:44:46 -0400] "GET /misc/grippie.png HTTP/1.1" 200 388 "http://chatvip24.tk/modules/system/system.base.css?oepjbc" "Mozilla/5.0 (Windows NT 6.3; WOW64) AppleWebKit/537.36 (KHTML, like Gecko) Chrome/53.0.2785.143 Safari/537.36"
181.65.62.227 - - [08/Oct/2016:02:44:46 -0400] "POST /?q=drupalchat/thread-history HTTP/1.1" 200 375 "http://chatvip24.tk/?q=node/add/article" "Mozilla/5.0 (Windows NT 6.3; WOW64) AppleWebKit/537.36 (KHTML, like Gecko) Chrome/53.0.2785.143 Safari/537.36"
181.64.192.224 - - [08/Oct/2016:02:44:48 -0400] "GET /?q=drupalchat/poll&drupalchat_last_timestamp=1475909063 HTTP/1.1" 200 744 "http://chatvip24.tk/?q=node" "Mozilla/5.0 (X11; Ubuntu; Linux x86_64; rv:45.0) Gecko/20100101 Firefox/45.0"
181.64.192.224 - - [08/Oct/2016:02:44:48 -0400] "GET /?q=drupalchat/poll&drupalchat_last_timestamp=1475909063 HTTP/1.1" 200 744 "http://chatvip24.tk/?q=node" "Mozilla/5.0 (X11; Ubuntu; Linux x86_64; rv:45.0) Gecko/20100101 Firefox/45.0"
181.65.62.227 - - [08/Oct/2016:02:44:48 -0400] "GET /?q=drupalchat/poll&drupalchat_last_timestamp=0 HTTP/1.1" 200 739 "http://chatvip24.tk/?q=node/add/article" "Mozilla/5.0 (Windows NT 6.3; WOW64) AppleWebKit/537.36 (KHTML, like Gecko) Chrome/53.0.2785.143 Safari/537.36"
181.65.62.227 - - [08/Oct/2016:02:44:49 -0400] "GET /?q=drupalchat/poll&drupalchat_last_timestamp=0 HTTP/1.1" 200 739 "http://chatvip24.tk/?q=node/add/article" "Mozilla/5.0 (Windows NT 6.3; WOW64) AppleWebKit/537.36 (KHTML, like Gecko) Chrome/53.0.2785.143 Safari/537.36"
181.64.192.224 - - [08/Oct/2016:02:44:50 -0400] "GET /?q=drupalchat/poll&drupalchat_last_timestamp=1475909063 HTTP/1.1" 200 744 "http://chatvip24.tk/?q=node" "Mozilla/5.0 (X11; Ubuntu; Linux x86_64; rv:45.0) Gecko/20100101 Firefox/45.0"
181.64.192.224 - - [08/Oct/2016:02:44:50 -0400] "GET /?q=drupalchat/poll&drupalchat_last_timestamp=1475909063 HTTP/1.1" 200 744 "http://chatvip24.tk/?q=node" "Mozilla/5.0 (X11; Ubuntu; Linux x86_64; rv:45.0) Gecko/20100101 Firefox/45.0"
181.65.62.227 - - [08/Oct/2016:02:44:51 -0400] "GET /?q=drupalchat/poll&drupalchat_last_timestamp=1475909089 HTTP/1.1" 200 741 "http://chatvip24.tk/?q=node/add/article" "Mozilla/5.0 (Windows NT 6.3; WOW64) AppleWebKit/537.36 (KHTML, like Gecko) Chrome/53.0.2785.143 Safari/537.36"
181.65.62.227 - - [08/Oct/2016:02:44:52 -0400] "GET /?q=drupalchat/poll&drupalchat_last_timestamp=1475909089 HTTP/1.1" 200 741 "http://chatvip24.tk/?q=node/add/article" "Mozilla/5.0 (Windows NT 6.3; WOW64) AppleWebKit/537.36 (KHTML, like Gecko) Chrome/53.0.2785.143 Safari/537.36"
181.64.192.224 - - [08/Oct/2016:02:44:52 -0400] "GET /?q=drupalchat/poll&drupalchat_last_timestamp=1475909063 HTTP/1.1" 200 744 "http://chatvip24.tk/?q=node" "Mozilla/5.0 (X11; Ubuntu; Linux x86_64; rv:45.0) Gecko/20100101 Firefox/45.0"
181.64.192.224 - - [08/Oct/2016:02:44:52 -0400] "GET /?q=drupalchat/poll&drupalchat_last_timestamp=1475909063 HTTP/1.1" 200 744 "http://chatvip24.tk/?q=node" "Mozilla/5.0 (X11; Ubuntu; Linux x86_64; rv:45.0) Gecko/20100101 Firefox/45.0"
127.0.0.1 - - [08/Oct/2016:02:44:52 -0400] "OPTIONS * HTTP/1.0" 200 125 "-" "Apache/2.4.7 (Ubuntu) (internal dummy connection)"
181.65.62.227 - - [08/Oct/2016:02:44:54 -0400] "GET /?q=drupalchat/poll&drupalchat_last_timestamp=1475909089 HTTP/1.1" 200 741 "http://chatvip24.tk/?q=node/add/article" "Mozilla/5.0 (Windows NT 6.3; WOW64) AppleWebKit/537.36 (KHTML, like Gecko) Chrome/53.0.2785.143 Safari/537.36"
181.64.192.224 - - [08/Oct/2016:02:44:54 -0400] "GET /?q=drupalchat/poll&drupalchat_last_timestamp=1475909063 HTTP/1.1" 200 744 "http://chatvip24.tk/?q=node" "Mozilla/5.0 (X11; Ubuntu; Linux x86_64; rv:45.0) Gecko/20100101 Firefox/45.0"
181.64.192.224 - - [08/Oct/2016:02:44:54 -0400] "GET /?q=drupalchat/poll&drupalchat_last_timestamp=1475909063 HTTP/1.1" 200 744 "http://chatvip24.tk/?q=node" "Mozilla/5.0 (X11; Ubuntu; Linux x86_64; rv:45.0) Gecko/20100101 Firefox/45.0"
181.65.62.227 - - [08/Oct/2016:02:44:54 -0400] "GET /?q=drupalchat/poll&drupalchat_last_timestamp=1475909089 HTTP/1.1" 200 741 "http://chatvip24.tk/?q=node/add/article" "Mozilla/5.0 (Windows NT 6.3; WOW64) AppleWebKit/537.36 (KHTML, like Gecko) Chrome/53.0.2785.143 Safari/537.36"
181.65.62.227 - - [08/Oct/2016:02:44:57 -0400] "GET /?q=drupalchat/poll&drupalchat_last_timestamp=1475909089 HTTP/1.1" 200 608 "http://chatvip24.tk/?q=node/add/article" "Mozilla/5.0 (Windows NT 6.3; WOW64) AppleWebKit/537.36 (KHTML, like Gecko) Chrome/53.0.2785.143 Safari/537.36"
181.64.192.224 - - [08/Oct/2016:02:44:57 -0400] "GET /?q=drupalchat/poll&drupalchat_last_timestamp=1475909063 HTTP/1.1" 200 744 "http://chatvip24.tk/?q=node" "Mozilla/5.0 (X11; Ubuntu; Linux x86_64; rv:45.0) Gecko/20100101 Firefox/45.0"
181.64.192.224 - - [08/Oct/2016:02:44:57 -0400] "GET /?q=drupalchat/poll&drupalchat_last_timestamp=1475909063 HTTP/1.1" 200 744 "http://chatvip24.tk/?q=node" "Mozilla/5.0 (X11; Ubuntu; Linux x86_64; rv:45.0) Gecko/20100101 Firefox/45.0"
181.65.62.227 - - [08/Oct/2016:02:44:58 -0400] "GET /?q=drupalchat/poll&drupalchat_last_timestamp=1475909089 HTTP/1.1" 200 741 "http://chatvip24.tk/?q=node/add/article" "Mozilla/5.0 (Windows NT 6.3; WOW64) AppleWebKit/537.36 (KHTML, like Gecko) Chrome/53.0.2785.143 Safari/537.36"
181.64.192.224 - - [08/Oct/2016:02:44:59 -0400] "GET /?q=drupalchat/poll&drupalchat_last_timestamp=1475909063 HTTP/1.1" 200 744 "http://chatvip24.tk/?q=node" "Mozilla/5.0 (X11; Ubuntu; Linux x86_64; rv:45.0) Gecko/20100101 Firefox/45.0"
181.64.192.224 - - [08/Oct/2016:02:44:59 -0400] "GET /?q=drupalchat/poll&drupalchat_last_timestamp=1475909063 HTTP/1.1" 200 744 "http://chatvip24.tk/?q=node" "Mozilla/5.0 (X11; Ubuntu; Linux x86_64; rv:45.0) Gecko/20100101 Firefox/45.0"
181.65.62.227 - - [08/Oct/2016:02:45:00 -0400] "GET /?q=drupalchat/poll&drupalchat_last_timestamp=1475909089 HTTP/1.1" 200 741 "http://chatvip24.tk/?q=node/add/article" "Mozilla/5.0 (Windows NT 6.3; WOW64) AppleWebKit/537.36 (KHTML, like Gecko) Chrome/53.0.2785.143 Safari/537.36"
181.65.62.227 - - [08/Oct/2016:02:45:01 -0400] "GET /?q=drupalchat/poll&drupalchat_last_timestamp=1475909089 HTTP/1.1" 200 741 "http://chatvip24.tk/?q=node/add/article" "Mozilla/5.0 (Windows NT 6.3; WOW64) AppleWebKit/537.36 (KHTML, like Gecko) Chrome/53.0.2785.143 Safari/537.36"
181.64.192.224 - - [08/Oct/2016:02:45:02 -0400] "GET /?q=drupalchat/poll&drupalchat_last_timestamp=1475909063 HTTP/1.1" 200 744 "http://chatvip24.tk/?q=node" "Mozilla/5.0 (X11; Ubuntu; Linux x86_64; rv:45.0) Gecko/20100101 Firefox/45.0"
181.64.192.224 - - [08/Oct/2016:02:45:02 -0400] "GET /?q=drupalchat/poll&drupalchat_last_timestamp=1475909063 HTTP/1.1" 200 744 "http://chatvip24.tk/?q=node" "Mozilla/5.0 (X11; Ubuntu; Linux x86_64; rv:45.0) Gecko/20100101 Firefox/45.0"
181.65.62.227 - - [08/Oct/2016:02:45:03 -0400] "GET /?q=drupalchat/poll&drupalchat_last_timestamp=1475909089 HTTP/1.1" 200 741 "http://chatvip24.tk/?q=node/add/article" "Mozilla/5.0 (Windows NT 6.3; WOW64) AppleWebKit/537.36 (KHTML, like Gecko) Chrome/53.0.2785.143 Safari/537.36"
181.65.62.227 - - [08/Oct/2016:02:45:04 -0400] "GET /?q=drupalchat/poll&drupalchat_last_timestamp=1475909089 HTTP/1.1" 200 741 "http://chatvip24.tk/?q=node/add/article" "Mozilla/5.0 (Windows NT 6.3; WOW64) AppleWebKit/537.36 (KHTML, like Gecko) Chrome/53.0.2785.143 Safari/537.36"
181.64.192.224 - - [08/Oct/2016:02:45:05 -0400] "GET /?q=drupalchat/poll&drupalchat_last_timestamp=1475909063 HTTP/1.1" 200 744 "http://chatvip24.tk/?q=node" "Mozilla/5.0 (X11; Ubuntu; Linux x86_64; rv:45.0) Gecko/20100101 Firefox/45.0"
181.64.192.224 - - [08/Oct/2016:02:45:05 -0400] "GET /?q=drupalchat/poll&drupalchat_last_timestamp=1475909063 HTTP/1.1" 200 744 "http://chatvip24.tk/?q=node" "Mozilla/5.0 (X11; Ubuntu; Linux x86_64; rv:45.0) Gecko/20100101 Firefox/45.0"
181.65.62.227 - - [08/Oct/2016:02:45:06 -0400] "GET /?q=drupalchat/poll&drupalchat_last_timestamp=1475909089 HTTP/1.1" 200 741 "http://chatvip24.tk/?q=node/add/article" "Mozilla/5.0 (Windows NT 6.3; WOW64) AppleWebKit/537.36 (KHTML, like Gecko) Chrome/53.0.2785.143 Safari/537.36"
181.65.62.227 - - [08/Oct/2016:02:45:07 -0400] "GET /?q=drupalchat/poll&drupalchat_last_timestamp=1475909089 HTTP/1.1" 200 741 "http://chatvip24.tk/?q=node/add/article" "Mozilla/5.0 (Windows NT 6.3; WOW64) AppleWebKit/537.36 (KHTML, like Gecko) Chrome/53.0.2785.143 Safari/537.36"
181.65.62.227 - - [08/Oct/2016:02:45:08 -0400] "GET /?q=drupalchat/poll&drupalchat_last_timestamp=1475909089 HTTP/1.1" 200 741 "http://chatvip24.tk/?q=node/add/article" "Mozilla/5.0 (Windows NT 6.3; WOW64) AppleWebKit/537.36 (KHTML, like Gecko) Chrome/53.0.2785.143 Safari/537.36"
181.64.192.224 - - [08/Oct/2016:02:45:08 -0400] "GET /?q=drupalchat/poll&drupalchat_last_timestamp=1475909063 HTTP/1.1" 200 744 "http://chatvip24.tk/?q=node" "Mozilla/5.0 (X11; Ubuntu; Linux x86_64; rv:45.0) Gecko/20100101 Firefox/45.0"
181.64.192.224 - - [08/Oct/2016:02:45:09 -0400] "GET /?q=drupalchat/poll&drupalchat_last_timestamp=1475909063 HTTP/1.1" 200 744 "http://chatvip24.tk/?q=node" "Mozilla/5.0 (X11; Ubuntu; Linux x86_64; rv:45.0) Gecko/20100101 Firefox/45.0"
181.65.62.227 - - [08/Oct/2016:02:45:09 -0400] "GET /?q=drupalchat/poll&drupalchat_last_timestamp=1475909089 HTTP/1.1" 200 741 "http://chatvip24.tk/?q=node/add/article" "Mozilla/5.0 (Windows NT 6.3; WOW64) AppleWebKit/537.36 (KHTML, like Gecko) Chrome/53.0.2785.143 Safari/537.36"
181.65.62.227 - - [08/Oct/2016:02:45:10 -0400] "GET /?q=drupalchat/poll&drupalchat_last_timestamp=1475909089 HTTP/1.1" 200 741 "http://chatvip24.tk/?q=node/add/article" "Mozilla/5.0 (Windows NT 6.3; WOW64) AppleWebKit/537.36 (KHTML, like Gecko) Chrome/53.0.2785.143 Safari/537.36"
181.65.62.227 - - [08/Oct/2016:02:45:11 -0400] "GET /?q=drupalchat/poll&drupalchat_last_timestamp=1475909089 HTTP/1.1" 200 741 "http://chatvip24.tk/?q=node/add/article" "Mozilla/5.0 (Windows NT 6.3; WOW64) AppleWebKit/537.36 (KHTML, like Gecko) Chrome/53.0.2785.143 Safari/537.36"
181.64.192.224 - - [08/Oct/2016:02:45:11 -0400] "GET /?q=drupalchat/poll&drupalchat_last_timestamp=1475909063 HTTP/1.1" 200 744 "http://chatvip24.tk/?q=node" "Mozilla/5.0 (X11; Ubuntu; Linux x86_64; rv:45.0) Gecko/20100101 Firefox/45.0"
181.64.192.224 - - [08/Oct/2016:02:45:12 -0400] "GET /?q=drupalchat/poll&drupalchat_last_timestamp=1475909063 HTTP/1.1" 200 744 "http://chatvip24.tk/?q=node" "Mozilla/5.0 (X11; Ubuntu; Linux x86_64; rv:45.0) Gecko/20100101 Firefox/45.0"
181.65.62.227 - - [08/Oct/2016:02:45:13 -0400] "GET /?q=drupalchat/poll&drupalchat_last_timestamp=1475909089 HTTP/1.1" 200 741 "http://chatvip24.tk/?q=node/add/article" "Mozilla/5.0 (Windows NT 6.3; WOW64) AppleWebKit/537.36 (KHTML, like Gecko) Chrome/53.0.2785.143 Safari/537.36"
181.65.62.227 - - [08/Oct/2016:02:45:13 -0400] "GET /index.php?q=taxonomy/autocomplete/field_tags/%23 HTTP/1.1" 200 361 "http://chatvip24.tk/?q=node/add/article" "Mozilla/5.0 (Windows NT 6.3; WOW64) AppleWebKit/537.36 (KHTML, like Gecko) Chrome/53.0.2785.143 Safari/537.36"
181.65.62.227 - - [08/Oct/2016:02:45:14 -0400] "GET /?q=drupalchat/poll&drupalchat_last_timestamp=1475909089 HTTP/1.1" 200 742 "http://chatvip24.tk/?q=node/add/article" "Mozilla/5.0 (Windows NT 6.3; WOW64) AppleWebKit/537.36 (KHTML, like Gecko) Chrome/53.0.2785.143 Safari/537.36"
181.65.62.227 - - [08/Oct/2016:02:45:14 -0400] "GET /misc/throbber-active.gif HTTP/1.1" 200 1517 "http://chatvip24.tk/modules/system/system.base.css?oepjbc" "Mozilla/5.0 (Windows NT 6.3; WOW64) AppleWebKit/537.36 (KHTML, like Gecko) Chrome/53.0.2785.143 Safari/537.36"
181.65.62.227 - - [08/Oct/2016:02:45:14 -0400] "GET /index.php?q=taxonomy/autocomplete/field_tags/%23El HTTP/1.1" 200 362 "http://chatvip24.tk/?q=node/add/article" "Mozilla/5.0 (Windows NT 6.3; WOW64) AppleWebKit/537.36 (KHTML, like Gecko) Chrome/53.0.2785.143 Safari/537.36"
181.64.192.224 - - [08/Oct/2016:02:45:15 -0400] "GET /?q=drupalchat/poll&drupalchat_last_timestamp=1475909063 HTTP/1.1" 200 744 "http://chatvip24.tk/?q=node" "Mozilla/5.0 (X11; Ubuntu; Linux x86_64; rv:45.0) Gecko/20100101 Firefox/45.0"
181.64.192.224 - - [08/Oct/2016:02:45:15 -0400] "GET /?q=drupalchat/poll&drupalchat_last_timestamp=1475909063 HTTP/1.1" 200 744 "http://chatvip24.tk/?q=node" "Mozilla/5.0 (X11; Ubuntu; Linux x86_64; rv:45.0) Gecko/20100101 Firefox/45.0"
181.65.62.227 - - [08/Oct/2016:02:45:15 -0400] "GET /index.php?q=taxonomy/autocomplete/field_tags/%23ElMejor HTTP/1.1" 200 361 "http://chatvip24.tk/?q=node/add/article" "Mozilla/5.0 (Windows NT 6.3; WOW64) AppleWebKit/537.36 (KHTML, like Gecko) Chrome/53.0.2785.143 Safari/537.36"
181.65.62.227 - - [08/Oct/2016:02:45:15 -0400] "GET /?q=drupalchat/poll&drupalchat_last_timestamp=1475909089 HTTP/1.1" 200 741 "http://chatvip24.tk/?q=node/add/article" "Mozilla/5.0 (Windows NT 6.3; WOW64) AppleWebKit/537.36 (KHTML, like Gecko) Chrome/53.0.2785.143 Safari/537.36"
181.65.62.227 - - [08/Oct/2016:02:45:16 -0400] "GET /?q=drupalchat/poll&drupalchat_last_timestamp=1475909089 HTTP/1.1" 200 741 "http://chatvip24.tk/?q=node/add/article" "Mozilla/5.0 (Windows NT 6.3; WOW64) AppleWebKit/537.36 (KHTML, like Gecko) Chrome/53.0.2785.143 Safari/537.36"
181.64.192.224 - - [08/Oct/2016:02:45:17 -0400] "GET /?q=drupalchat/poll&drupalchat_last_timestamp=1475909063 HTTP/1.1" 200 744 "http://chatvip24.tk/?q=node" "Mozilla/5.0 (X11; Ubuntu; Linux x86_64; rv:45.0) Gecko/20100101 Firefox/45.0"
181.64.192.224 - - [08/Oct/2016:02:45:17 -0400] "GET /?q=drupalchat/poll&drupalchat_last_timestamp=1475909063 HTTP/1.1" 200 744 "http://chatvip24.tk/?q=node" "Mozilla/5.0 (X11; Ubuntu; Linux x86_64; rv:45.0) Gecko/20100101 Firefox/45.0"
181.65.62.227 - - [08/Oct/2016:02:45:17 -0400] "GET /?q=drupalchat/poll&drupalchat_last_timestamp=1475909089 HTTP/1.1" 200 741 "http://chatvip24.tk/?q=node/add/article" "Mozilla/5.0 (Windows NT 6.3; WOW64) AppleWebKit/537.36 (KHTML, like Gecko) Chrome/53.0.2785.143 Safari/537.36"
181.65.62.227 - - [08/Oct/2016:02:45:18 -0400] "GET /?q=drupalchat/poll&drupalchat_last_timestamp=1475909089 HTTP/1.1" 200 741 "http://chatvip24.tk/?q=node/add/article" "Mozilla/5.0 (Windows NT 6.3; WOW64) AppleWebKit/537.36 (KHTML, like Gecko) Chrome/53.0.2785.143 Safari/537.36"
181.64.192.224 - - [08/Oct/2016:02:45:19 -0400] "GET /?q=drupalchat/poll&drupalchat_last_timestamp=1475909063 HTTP/1.1" 200 744 "http://chatvip24.tk/?q=node" "Mozilla/5.0 (X11; Ubuntu; Linux x86_64; rv:45.0) Gecko/20100101 Firefox/45.0"
181.64.192.224 - - [08/Oct/2016:02:45:19 -0400] "GET /?q=drupalchat/poll&drupalchat_last_timestamp=1475909063 HTTP/1.1" 200 744 "http://chatvip24.tk/?q=node" "Mozilla/5.0 (X11; Ubuntu; Linux x86_64; rv:45.0) Gecko/20100101 Firefox/45.0"
181.65.62.227 - - [08/Oct/2016:02:45:19 -0400] "GET /?q=drupalchat/poll&drupalchat_last_timestamp=1475909089 HTTP/1.1" 200 741 "http://chatvip24.tk/?q=node/add/article" "Mozilla/5.0 (Windows NT 6.3; WOW64) AppleWebKit/537.36 (KHTML, like Gecko) Chrome/53.0.2785.143 Safari/537.36"
181.65.62.227 - - [08/Oct/2016:02:45:20 -0400] "GET /?q=drupalchat/poll&drupalchat_last_timestamp=1475909089 HTTP/1.1" 200 741 "http://chatvip24.tk/?q=node/add/article" "Mozilla/5.0 (Windows NT 6.3; WOW64) AppleWebKit/537.36 (KHTML, like Gecko) Chrome/53.0.2785.143 Safari/537.36"
181.64.192.224 - - [08/Oct/2016:02:45:21 -0400] "GET /?q=drupalchat/poll&drupalchat_last_timestamp=1475909063 HTTP/1.1" 200 744 "http://chatvip24.tk/?q=node" "Mozilla/5.0 (X11; Ubuntu; Linux x86_64; rv:45.0) Gecko/20100101 Firefox/45.0"
181.64.192.224 - - [08/Oct/2016:02:45:21 -0400] "GET /?q=drupalchat/poll&drupalchat_last_timestamp=1475909063 HTTP/1.1" 200 744 "http://chatvip24.tk/?q=node" "Mozilla/5.0 (X11; Ubuntu; Linux x86_64; rv:45.0) Gecko/20100101 Firefox/45.0"
181.65.62.227 - - [08/Oct/2016:02:45:22 -0400] "GET /?q=drupalchat/poll&drupalchat_last_timestamp=1475909089 HTTP/1.1" 200 741 "http://chatvip24.tk/?q=node/add/article" "Mozilla/5.0 (Windows NT 6.3; WOW64) AppleWebKit/537.36 (KHTML, like Gecko) Chrome/53.0.2785.143 Safari/537.36"
181.65.62.227 - - [08/Oct/2016:02:45:23 -0400] "GET /?q=drupalchat/poll&drupalchat_last_timestamp=1475909089 HTTP/1.1" 200 741 "http://chatvip24.tk/?q=node/add/article" "Mozilla/5.0 (Windows NT 6.3; WOW64) AppleWebKit/537.36 (KHTML, like Gecko) Chrome/53.0.2785.143 Safari/537.36"
181.64.192.224 - - [08/Oct/2016:02:45:23 -0400] "GET /?q=drupalchat/poll&drupalchat_last_timestamp=1475909063 HTTP/1.1" 200 744 "http://chatvip24.tk/?q=node" "Mozilla/5.0 (X11; Ubuntu; Linux x86_64; rv:45.0) Gecko/20100101 Firefox/45.0"
181.64.192.224 - - [08/Oct/2016:02:45:24 -0400] "GET /?q=drupalchat/poll&drupalchat_last_timestamp=1475909063 HTTP/1.1" 200 744 "http://chatvip24.tk/?q=node" "Mozilla/5.0 (X11; Ubuntu; Linux x86_64; rv:45.0) Gecko/20100101 Firefox/45.0"
181.65.62.227 - - [08/Oct/2016:02:45:25 -0400] "GET /?q=drupalchat/poll&drupalchat_last_timestamp=1475909089 HTTP/1.1" 200 741 "http://chatvip24.tk/?q=node/add/article" "Mozilla/5.0 (Windows NT 6.3; WOW64) AppleWebKit/537.36 (KHTML, like Gecko) Chrome/53.0.2785.143 Safari/537.36"
181.64.192.224 - - [08/Oct/2016:02:45:26 -0400] "GET /?q=drupalchat/poll&drupalchat_last_timestamp=1475909063 HTTP/1.1" 200 744 "http://chatvip24.tk/?q=node" "Mozilla/5.0 (X11; Ubuntu; Linux x86_64; rv:45.0) Gecko/20100101 Firefox/45.0"
181.64.192.224 - - [08/Oct/2016:02:45:26 -0400] "GET /?q=drupalchat/poll&drupalchat_last_timestamp=1475909063 HTTP/1.1" 200 744 "http://chatvip24.tk/?q=node" "Mozilla/5.0 (X11; Ubuntu; Linux x86_64; rv:45.0) Gecko/20100101 Firefox/45.0"
181.65.62.227 - - [08/Oct/2016:02:45:26 -0400] "GET /?q=drupalchat/poll&drupalchat_last_timestamp=1475909089 HTTP/1.1" 200 741 "http://chatvip24.tk/?q=node/add/article" "Mozilla/5.0 (Windows NT 6.3; WOW64) AppleWebKit/537.36 (KHTML, like Gecko) Chrome/53.0.2785.143 Safari/537.36"
181.64.192.224 - - [08/Oct/2016:02:45:28 -0400] "GET /?q=drupalchat/poll&drupalchat_last_timestamp=1475909063 HTTP/1.1" 200 744 "http://chatvip24.tk/?q=node" "Mozilla/5.0 (X11; Ubuntu; Linux x86_64; rv:45.0) Gecko/20100101 Firefox/45.0"
181.64.192.224 - - [08/Oct/2016:02:45:28 -0400] "GET /?q=drupalchat/poll&drupalchat_last_timestamp=1475909063 HTTP/1.1" 200 744 "http://chatvip24.tk/?q=node" "Mozilla/5.0 (X11; Ubuntu; Linux x86_64; rv:45.0) Gecko/20100101 Firefox/45.0"
181.65.62.227 - - [08/Oct/2016:02:45:28 -0400] "GET /?q=drupalchat/poll&drupalchat_last_timestamp=1475909089 HTTP/1.1" 200 741 "http://chatvip24.tk/?q=node/add/article" "Mozilla/5.0 (Windows NT 6.3; WOW64) AppleWebKit/537.36 (KHTML, like Gecko) Chrome/53.0.2785.143 Safari/537.36"
181.65.62.227 - - [08/Oct/2016:02:45:29 -0400] "GET /?q=drupalchat/poll&drupalchat_last_timestamp=1475909089 HTTP/1.1" 200 741 "http://chatvip24.tk/?q=node/add/article" "Mozilla/5.0 (Windows NT 6.3; WOW64) AppleWebKit/537.36 (KHTML, like Gecko) Chrome/53.0.2785.143 Safari/537.36"
181.64.192.224 - - [08/Oct/2016:02:45:30 -0400] "GET /?q=drupalchat/poll&drupalchat_last_timestamp=1475909063 HTTP/1.1" 200 744 "http://chatvip24.tk/?q=node" "Mozilla/5.0 (X11; Ubuntu; Linux x86_64; rv:45.0) Gecko/20100101 Firefox/45.0"
181.64.192.224 - - [08/Oct/2016:02:45:30 -0400] "GET /?q=drupalchat/poll&drupalchat_last_timestamp=1475909063 HTTP/1.1" 200 744 "http://chatvip24.tk/?q=node" "Mozilla/5.0 (X11; Ubuntu; Linux x86_64; rv:45.0) Gecko/20100101 Firefox/45.0"
181.65.62.227 - - [08/Oct/2016:02:45:31 -0400] "GET /?q=drupalchat/poll&drupalchat_last_timestamp=1475909089 HTTP/1.1" 200 741 "http://chatvip24.tk/?q=node/add/article" "Mozilla/5.0 (Windows NT 6.3; WOW64) AppleWebKit/537.36 (KHTML, like Gecko) Chrome/53.0.2785.143 Safari/537.36"
181.65.62.227 - - [08/Oct/2016:02:45:31 -0400] "GET /?q=drupalchat/poll&drupalchat_last_timestamp=1475909089 HTTP/1.1" 200 741 "http://chatvip24.tk/?q=node/add/article" "Mozilla/5.0 (Windows NT 6.3; WOW64) AppleWebKit/537.36 (KHTML, like Gecko) Chrome/53.0.2785.143 Safari/537.36"
181.64.192.224 - - [08/Oct/2016:02:45:32 -0400] "GET /modules/overlay/images/background.png HTTP/1.1" 200 357 "http://chatvip24.tk/modules/overlay/overlay-parent.css?oepjbc" "Mozilla/5.0 (X11; Ubuntu; Linux x86_64; rv:45.0) Gecko/20100101 Firefox/45.0"
181.64.192.224 - - [08/Oct/2016:02:45:32 -0400] "GET /?q=node%2Fadd&render=overlay HTTP/1.1" 200 3406 "http://chatvip24.tk/?q=node" "Mozilla/5.0 (X11; Ubuntu; Linux x86_64; rv:45.0) Gecko/20100101 Firefox/45.0"
181.64.192.224 - - [08/Oct/2016:02:45:32 -0400] "GET /modules/overlay/overlay-child.css?oepjbc HTTP/1.1" 200 1415 "http://chatvip24.tk/?q=node%2Fadd&render=overlay" "Mozilla/5.0 (X11; Ubuntu; Linux x86_64; rv:45.0) Gecko/20100101 Firefox/45.0"
181.64.192.224 - - [08/Oct/2016:02:45:32 -0400] "GET /modules/system/system.admin.css?oepjbc HTTP/1.1" 200 1715 "http://chatvip24.tk/?q=node%2Fadd&render=overlay" "Mozilla/5.0 (X11; Ubuntu; Linux x86_64; rv:45.0) Gecko/20100101 Firefox/45.0"
181.64.192.224 - - [08/Oct/2016:02:45:32 -0400] "GET /themes/seven/reset.css?oepjbc HTTP/1.1" 200 1610 "http://chatvip24.tk/?q=node%2Fadd&render=overlay" "Mozilla/5.0 (X11; Ubuntu; Linux x86_64; rv:45.0) Gecko/20100101 Firefox/45.0"
181.64.192.224 - - [08/Oct/2016:02:45:32 -0400] "GET /themes/seven/style.css?oepjbc HTTP/1.1" 200 4958 "http://chatvip24.tk/?q=node%2Fadd&render=overlay" "Mozilla/5.0 (X11; Ubuntu; Linux x86_64; rv:45.0) Gecko/20100101 Firefox/45.0"
181.64.192.224 - - [08/Oct/2016:02:45:32 -0400] "GET /?q=drupalchat/poll&drupalchat_last_timestamp=1475909063 HTTP/1.1" 200 745 "http://chatvip24.tk/?q=node" "Mozilla/5.0 (X11; Ubuntu; Linux x86_64; rv:45.0) Gecko/20100101 Firefox/45.0"
181.64.192.224 - - [08/Oct/2016:02:45:32 -0400] "GET /modules/overlay/overlay-child.js?v=1.0 HTTP/1.1" 200 2541 "http://chatvip24.tk/?q=node%2Fadd&render=overlay" "Mozilla/5.0 (X11; Ubuntu; Linux x86_64; rv:45.0) Gecko/20100101 Firefox/45.0"
181.64.192.224 - - [08/Oct/2016:02:45:32 -0400] "GET /?q=drupalchat/poll&drupalchat_last_timestamp=1475909063 HTTP/1.1" 200 744 "http://chatvip24.tk/?q=node" "Mozilla/5.0 (X11; Ubuntu; Linux x86_64; rv:45.0) Gecko/20100101 Firefox/45.0"
181.64.192.224 - - [08/Oct/2016:02:45:33 -0400] "GET /modules/overlay/images/close.png HTTP/1.1" 200 627 "http://chatvip24.tk/modules/overlay/overlay-child.css?oepjbc" "Mozilla/5.0 (X11; Ubuntu; Linux x86_64; rv:45.0) Gecko/20100101 Firefox/45.0"
181.64.192.224 - - [08/Oct/2016:02:45:33 -0400] "GET /modules/shortcut/shortcut.png HTTP/1.1" 200 841 "http://chatvip24.tk/modules/shortcut/shortcut.css?oepjbc" "Mozilla/5.0 (X11; Ubuntu; Linux x86_64; rv:45.0) Gecko/20100101 Firefox/45.0"
181.64.192.224 - - [08/Oct/2016:02:45:33 -0400] "GET /themes/seven/images/list-item.png HTTP/1.1" 200 477 "http://chatvip24.tk/themes/seven/style.css?oepjbc" "Mozilla/5.0 (X11; Ubuntu; Linux x86_64; rv:45.0) Gecko/20100101 Firefox/45.0"
181.64.192.224 - - [08/Oct/2016:02:45:33 -0400] "POST /?q=drupalchat/thread-history HTTP/1.1" 200 3007 "http://chatvip24.tk/?q=node%2Fadd&render=overlay" "Mozilla/5.0 (X11; Ubuntu; Linux x86_64; rv:45.0) Gecko/20100101 Firefox/45.0"
181.65.62.227 - - [08/Oct/2016:02:45:33 -0400] "POST /?q=node/add/article HTTP/1.1" 302 360 "http://chatvip24.tk/?q=node/add/article" "Mozilla/5.0 (Windows NT 6.3; WOW64) AppleWebKit/537.36 (KHTML, like Gecko) Chrome/53.0.2785.143 Safari/537.36"
181.65.62.227 - - [08/Oct/2016:02:45:33 -0400] "GET /?q=node/2 HTTP/1.1" 200 5153 "http://chatvip24.tk/?q=node/add/article" "Mozilla/5.0 (Windows NT 6.3; WOW64) AppleWebKit/537.36 (KHTML, like Gecko) Chrome/53.0.2785.143 Safari/537.36"
181.65.62.227 - - [08/Oct/2016:02:45:33 -0400] "GET /?q=drupalchat/poll&drupalchat_last_timestamp=1475909089 HTTP/1.1" 200 742 "http://chatvip24.tk/?q=node/add/article" "Mozilla/5.0 (Windows NT 6.3; WOW64) AppleWebKit/537.36 (KHTML, like Gecko) Chrome/53.0.2785.143 Safari/537.36"
181.64.192.224 - - [08/Oct/2016:02:45:34 -0400] "GET /?q=drupalchat/poll&drupalchat_last_timestamp=1475909063 HTTP/1.1" 200 744 "http://chatvip24.tk/?q=node" "Mozilla/5.0 (X11; Ubuntu; Linux x86_64; rv:45.0) Gecko/20100101 Firefox/45.0"
181.64.192.224 - - [08/Oct/2016:02:45:35 -0400] "GET /?q=drupalchat/poll&drupalchat_last_timestamp=1475909063 HTTP/1.1" 200 744 "http://chatvip24.tk/?q=node" "Mozilla/5.0 (X11; Ubuntu; Linux x86_64; rv:45.0) Gecko/20100101 Firefox/45.0"
181.64.192.224 - - [08/Oct/2016:02:45:35 -0400] "GET /?q=drupalchat/poll&drupalchat_last_timestamp=0 HTTP/1.1" 200 742 "http://chatvip24.tk/?q=node%2Fadd&render=overlay" "Mozilla/5.0 (X11; Ubuntu; Linux x86_64; rv:45.0) Gecko/20100101 Firefox/45.0"
181.65.62.227 - - [08/Oct/2016:02:45:35 -0400] "GET /misc/message-24-ok.png HTTP/1.1" 200 1342 "http://chatvip24.tk/modules/system/system.messages.css?oepjbc" "Mozilla/5.0 (Windows NT 6.3; WOW64) AppleWebKit/537.36 (KHTML, like Gecko) Chrome/53.0.2785.143 Safari/537.36"
181.65.62.227 - - [08/Oct/2016:02:45:36 -0400] "POST /?q=drupalchat/thread-history HTTP/1.1" 200 375 "http://chatvip24.tk/?q=node/2" "Mozilla/5.0 (Windows NT 6.3; WOW64) AppleWebKit/537.36 (KHTML, like Gecko) Chrome/53.0.2785.143 Safari/537.36"
181.64.192.224 - - [08/Oct/2016:02:45:37 -0400] "GET /?q=drupalchat/poll&drupalchat_last_timestamp=1475909063 HTTP/1.1" 200 744 "http://chatvip24.tk/?q=node" "Mozilla/5.0 (X11; Ubuntu; Linux x86_64; rv:45.0) Gecko/20100101 Firefox/45.0"
181.64.192.224 - - [08/Oct/2016:02:45:37 -0400] "GET /?q=drupalchat/poll&drupalchat_last_timestamp=1475909063 HTTP/1.1" 200 744 "http://chatvip24.tk/?q=node" "Mozilla/5.0 (X11; Ubuntu; Linux x86_64; rv:45.0) Gecko/20100101 Firefox/45.0"
181.64.192.224 - - [08/Oct/2016:02:45:37 -0400] "GET /?q=drupalchat/poll&drupalchat_last_timestamp=1475909135 HTTP/1.1" 200 744 "http://chatvip24.tk/?q=node%2Fadd&render=overlay" "Mozilla/5.0 (X11; Ubuntu; Linux x86_64; rv:45.0) Gecko/20100101 Firefox/45.0"
127.0.0.1 - - [08/Oct/2016:02:45:38 -0400] "OPTIONS * HTTP/1.0" 200 125 "-" "Apache/2.4.7 (Ubuntu) (internal dummy connection)"
181.64.192.224 - - [08/Oct/2016:02:45:39 -0400] "GET /?q=drupalchat/poll&drupalchat_last_timestamp=1475909063 HTTP/1.1" 200 608 "http://chatvip24.tk/?q=node" "Mozilla/5.0 (X11; Ubuntu; Linux x86_64; rv:45.0) Gecko/20100101 Firefox/45.0"
